<html>
<body>
<pre>
<h1>µVision Build Log</h1>
<h2>Tool Versions:</h2>
IDE-Version: ÂµVision V5.24.2.0
Copyright (C) 2017 ARM Ltd and ARM Germany GmbH. All rights reserved.
License Information:  a a, a, LIC=TA39H-W6KY9-17VRR-KVM8X-7VGYL-GG1CR
 
Tool Versions:
Toolchain:       MDK-ARM Professional  Version: 5.24.1
Toolchain Path:  D:\Keil5\Core\ARM\ARMCLANG\Bin
C Compiler:      ArmClang.exe V6.7
Assembler:       Armasm.exe V6.7
Linker/Locator:  ArmLink.exe V6.7
Library Manager: ArmAr.exe V6.7
Hex Converter:   FromElf.exe V6.7
CPU DLL:         SARMCM3.DLL V5.24.1
Dialog DLL:      DCM.DLL V1.16.0.0
Target DLL:      STLink\ST-LINKIII-KEIL_SWO.dll V3.0.1.0
Dialog DLL:      TCM.DLL V1.32.0.0
 
<h2>Project:</h2>
D:\stm32cube\STM32CubeExpansion_MEMSMIC1_V5.9.0\Projects\STM32L4R9ZI-STWIN\Demonstration\Microphones_Streaming\MDK-ARM\MicrophonesStreaming.uvprojx
Project File Date:  07/13/2026

<h2>Output:</h2>
*** Using Compiler 'V6.7', folder: 'D:\Keil5\Core\ARM\ARMCLANG\Bin'
Build target 'OnBoardMics'
assembling startup_stm32l4r9xx.s...
compiling main.c...
compiling usbd_audio_if.c...
compiling system_stm32l4xx.c...
compiling cube_hal_l4.c...
compiling stm32xx_it.c...
compiling usbd_desc.c...
compiling usbd_conf_l4.c...
compiling audio_application.c...
compiling stm32l4xx_hal.c...
compiling STWIN.c...
compiling stm32l4xx_hal_pcd_patch.c...
compiling STWIN_audio.c...
compiling stm32l4xx_hal_adc_ex.c...
compiling STWIN_bus.c...
compiling stm32l4xx_hal_adc.c...
compiling stm32l4xx_hal_cortex.c...
compiling stm32l4xx_hal_flash.c...
compiling stm32l4xx_hal_dma.c...
compiling stm32l4xx_hal_flash_ex.c...
compiling stm32l4xx_hal_gpio.c...
compiling stm32l4xx_hal_pcd_ex.c...
compiling stm32l4xx_hal_i2c_ex.c...
compiling stm32l4xx_hal_pwr.c...
compiling stm32l4xx_hal_dfsdm.c...
compiling stm32l4xx_hal_pwr_ex.c...
compiling stm32l4xx_hal_rcc.c...
compiling stm32l4xx_hal_sai.c...
compiling stm32l4xx_hal_rcc_ex.c...
compiling stm32l4xx_hal_spi_ex.c...
compiling stm32l4xx_hal_i2c.c...
compiling stm32l4xx_hal_spi.c...
compiling stm32l4xx_hal_uart_ex.c...
compiling usbd_core.c...
compiling usbd_ioreq.c...
compiling usbd_audio_in.c...
compiling usbd_ctlreq.c...
compiling stm32l4xx_hal_tim_ex.c...
compiling stm32l4xx_ll_usb.c...
compiling stm32l4xx_hal_uart.c...
compiling stm32l4xx_hal_tim.c...
linking...
Program Size: Code=25180 RO-data=680 RW-data=172 ZI-data=23572  
FromELF: creating hex file...
After Build - User command #1: fromelf OnBoardMics\Exe\OnBoardMics.axf --bin --output=OnBoardMics\Exe\OnBoardMics.bin
"OnBoardMics\Exe\OnBoardMics.axf" - 0 Error(s), 0 Warning(s).

<h2>Software Packages used:</h2>

Package Vendor: ARM
                http://www.keil.com/pack/ARM.CMSIS.5.0.1.pack
                ARM.CMSIS.5.0.1
                CMSIS (Cortex Microcontroller Software Interface Standard)
   * Component: CORE Version: 5.0.1

<h2>Collection of Component include folders:</h2>
  .\RTE\_OnBoardMics
  D:\Keil5\Pack\ARM\CMSIS\5.0.1\CMSIS\Include

<h2>Collection of Component Files used:</h2>

   * Component: ARM::CMSIS:CORE:5.0.1
Build Time Elapsed:  00:00:05
</pre>
</body>
</html>
