Component: ARM Compiler 6.7 Tool: armlink [5c9ef700]

==============================================================================

Section Cross References

    startup_stm32l4r9xx.o(RESET) refers to startup_stm32l4r9xx.o(STACK) for __initial_sp
    startup_stm32l4r9xx.o(RESET) refers to startup_stm32l4r9xx.o(.text) for Reset_Handler
    startup_stm32l4r9xx.o(RESET) refers to stm32xx_it.o(.text.NMI_Handler) for NMI_Handler
    startup_stm32l4r9xx.o(RESET) refers to stm32xx_it.o(.text.HardFault_Handler) for HardFault_Handler
    startup_stm32l4r9xx.o(RESET) refers to stm32xx_it.o(.text.SVC_Handler) for SVC_Handler
    startup_stm32l4r9xx.o(RESET) refers to stm32xx_it.o(.text.DebugMon_Handler) for DebugMon_Handler
    startup_stm32l4r9xx.o(RESET) refers to stm32xx_it.o(.text.PendSV_Handler) for PendSV_Handler
    startup_stm32l4r9xx.o(RESET) refers to stm32xx_it.o(.text.SysTick_Handler) for SysTick_Handler
    startup_stm32l4r9xx.o(RESET) refers to stm32xx_it.o(.text.DMA1_Channel1_IRQHandler) for DMA1_Channel1_IRQHandler
    startup_stm32l4r9xx.o(RESET) refers to stm32xx_it.o(.text.DMA1_Channel4_IRQHandler) for DMA1_Channel4_IRQHandler
    startup_stm32l4r9xx.o(RESET) refers to stm32xx_it.o(.text.DMA1_Channel7_IRQHandler) for DMA1_Channel7_IRQHandler
    startup_stm32l4r9xx.o(RESET) refers to stm32xx_it.o(.text.DFSDM1_FLT0_IRQHandler) for DFSDM1_FLT0_IRQHandler
    startup_stm32l4r9xx.o(RESET) refers to stm32xx_it.o(.text.DFSDM1_FLT1_IRQHandler) for DFSDM1_FLT1_IRQHandler
    startup_stm32l4r9xx.o(RESET) refers to stm32xx_it.o(.text.OTG_FS_IRQHandler) for OTG_FS_IRQHandler
    startup_stm32l4r9xx.o(.text) refers to system_stm32l4xx.o(.text.SystemInit) for SystemInit
    startup_stm32l4r9xx.o(.text) refers to entry.o(.ARM.Collect$$$$00000000) for __main
    audio_application.o(.text.BSP_AUDIO_IN_HalfTransfer_CallBack) refers to audio_application.o(.text.AudioProcess) for AudioProcess
    audio_application.o(.text.BSP_AUDIO_IN_HalfTransfer_CallBack) refers to stwin.o(.text.BSP_LED_Off) for BSP_LED_Off
    audio_application.o(.ARM.exidx.text.BSP_AUDIO_IN_HalfTransfer_CallBack) refers to audio_application.o(.text.BSP_AUDIO_IN_HalfTransfer_CallBack) for [Anonymous Symbol]
    audio_application.o(.text.AudioProcess) refers to audio_application.o(.bss.PCM_Buffer) for PCM_Buffer
    audio_application.o(.text.AudioProcess) refers to usbd_audio_if.o(.text.Send_Audio_to_USB) for Send_Audio_to_USB
    audio_application.o(.ARM.exidx.text.AudioProcess) refers to audio_application.o(.text.AudioProcess) for [Anonymous Symbol]
    audio_application.o(.text.BSP_AUDIO_IN_TransferComplete_CallBack) refers to audio_application.o(.text.AudioProcess) for AudioProcess
    audio_application.o(.text.BSP_AUDIO_IN_TransferComplete_CallBack) refers to stwin.o(.text.BSP_LED_On) for BSP_LED_On
    audio_application.o(.ARM.exidx.text.BSP_AUDIO_IN_TransferComplete_CallBack) refers to audio_application.o(.text.BSP_AUDIO_IN_TransferComplete_CallBack) for [Anonymous Symbol]
    audio_application.o(.text.Init_Acquisition_Peripherals) refers to audio_application.o(.bss.MicParams) for MicParams
    audio_application.o(.text.Init_Acquisition_Peripherals) refers to stwin_audio.o(.text.BSP_AUDIO_IN_Init) for BSP_AUDIO_IN_Init
    audio_application.o(.ARM.exidx.text.Init_Acquisition_Peripherals) refers to audio_application.o(.text.Init_Acquisition_Peripherals) for [Anonymous Symbol]
    audio_application.o(.ARM.exidx.text.Error_Handler) refers to audio_application.o(.text.Error_Handler) for [Anonymous Symbol]
    audio_application.o(.text.Start_Acquisition) refers to audio_application.o(.bss.PCM_Buffer) for PCM_Buffer
    audio_application.o(.text.Start_Acquisition) refers to stwin_audio.o(.text.BSP_AUDIO_IN_Record) for BSP_AUDIO_IN_Record
    audio_application.o(.ARM.exidx.text.Start_Acquisition) refers to audio_application.o(.text.Start_Acquisition) for [Anonymous Symbol]
    cube_hal_l4.o(.text.SystemClock_Config) refers to stm32l4xx_hal_pwr_ex.o(.text.HAL_PWREx_ControlVoltageScaling) for HAL_PWREx_ControlVoltageScaling
    cube_hal_l4.o(.text.SystemClock_Config) refers to stm32l4xx_hal_pwr.o(.text.HAL_PWR_EnableBkUpAccess) for HAL_PWR_EnableBkUpAccess
    cube_hal_l4.o(.text.SystemClock_Config) refers to stm32l4xx_hal_rcc.o(.text.HAL_RCC_OscConfig) for HAL_RCC_OscConfig
    cube_hal_l4.o(.text.SystemClock_Config) refers to stm32l4xx_hal_rcc.o(.text.HAL_RCC_ClockConfig) for HAL_RCC_ClockConfig
    cube_hal_l4.o(.text.SystemClock_Config) refers to stm32l4xx_hal_rcc_ex.o(.text.HAL_RCCEx_PeriphCLKConfig) for HAL_RCCEx_PeriphCLKConfig
    cube_hal_l4.o(.text.SystemClock_Config) refers to stm32l4xx_hal_rcc.o(.text.HAL_RCC_MCOConfig) for HAL_RCC_MCOConfig
    cube_hal_l4.o(.text.SystemClock_Config) refers to stm32l4xx_hal_rcc.o(.text.HAL_RCC_GetHCLKFreq) for HAL_RCC_GetHCLKFreq
    cube_hal_l4.o(.text.SystemClock_Config) refers to stm32l4xx_hal_cortex.o(.text.HAL_SYSTICK_Config) for HAL_SYSTICK_Config
[...]
    [Anonymous Symbol]                       0x0800623c   Section        0  stm32l4xx_hal_cortex.o(.text.__NVIC_GetPriorityGrouping)
    __NVIC_GetPriorityGrouping               0x0800623d   Thumb Code    16  stm32l4xx_hal_cortex.o(.text.__NVIC_GetPriorityGrouping)
    [Anonymous Symbol]                       0x0800624c   Section        0  usbd_conf_l4.o(.text.__NVIC_SetPriority)
    __NVIC_SetPriority                       0x0800624d   Thumb Code    14  usbd_conf_l4.o(.text.__NVIC_SetPriority)
    [Anonymous Symbol]                       0x0800625c   Section        0  stm32l4xx_hal_cortex.o(.text.__NVIC_SetPriority)
    __NVIC_SetPriority                       0x0800625d   Thumb Code    34  stm32l4xx_hal_cortex.o(.text.__NVIC_SetPriority)
    [Anonymous Symbol]                       0x08006280   Section        0  stm32l4xx_hal_cortex.o(.text.__NVIC_SetPriorityGrouping)
    __NVIC_SetPriorityGrouping               0x08006281   Thumb Code    32  stm32l4xx_hal_cortex.o(.text.__NVIC_SetPriorityGrouping)
    [Anonymous Symbol]                       0x080062a0   Section        0  main.o(.text.main)
    i.__scatterload_copy                     0x0800633e   Section       14  handlers.o(i.__scatterload_copy)
    i.__scatterload_null                     0x0800634c   Section        2  handlers.o(i.__scatterload_null)
    i.__scatterload_zeroinit                 0x0800634e   Section       14  handlers.o(i.__scatterload_zeroinit)
    i.free                                   0x0800635c   Section        0  malloc.o(i.free)
    i.malloc                                 0x080063ac   Section        0  malloc.o(i.malloc)
    GPIO_PORT                                0x08006458   Data           8  stwin.o(.rodata.cst8)
    .data                                    0x20000000   Section        4  mvars.o(.data)
    .data                                    0x20000004   Section        4  mvars.o(.data)
    [Anonymous Symbol]                       0x20000060   Section        0  usbd_audio_in.o(.data.USBD_AUDIO_DeviceQualifierDesc)
    USBD_AUDIO_DeviceQualifierDesc           0x20000060   Data          10  usbd_audio_in.o(.data.USBD_AUDIO_DeviceQualifierDesc)
    [Anonymous Symbol]                       0x20000118   Section        0  stwin.o(.bss.ADC_UsedFor)
    ADC_UsedFor                              0x20000118   Data           1  stwin.o(.bss.ADC_UsedFor)
    [Anonymous Symbol]                       0x2000011c   Section        0  stwin_audio.o(.bss.AMic_OnBoard_DfsdmChannel)
    AMic_OnBoard_DfsdmChannel                0x2000011c   Data          56  stwin_audio.o(.bss.AMic_OnBoard_DfsdmChannel)
    [Anonymous Symbol]                       0x200002a0   Section        0  stwin_audio.o(.bss.DFSDM_OUT)
    DFSDM_OUT                                0x200002a0   Data        1536  stwin_audio.o(.bss.DFSDM_OUT)
    [Anonymous Symbol]                       0x200008a0   Section        0  stwin_audio.o(.bss.DMic_OnBoard_DfsdmChannel)
    DMic_OnBoard_DfsdmChannel                0x200008a0   Data          56  stwin_audio.o(.bss.DMic_OnBoard_DfsdmChannel)
    [Anonymous Symbol]                       0x2000098c   Section        0  stwin_audio.o(.bss.HAL_ADC_Audio_MspInit.DmaHandle)
    HAL_ADC_Audio_MspInit.DmaHandle          0x2000098c   Data          96  stwin_audio.o(.bss.HAL_ADC_Audio_MspInit.DmaHandle)
    [Anonymous Symbol]                       0x200009ec   Section        0  stwin_audio.o(.bss.HAL_ADC_Counter)
    HAL_ADC_Counter                          0x200009ec   Data           4  stwin_audio.o(.bss.HAL_ADC_Counter)
    [Anonymous Symbol]                       0x200009f0   Section        0  usbd_audio_in.o(.bss.IsocInBuffDummy)
    IsocInBuffDummy                          0x200009f0   Data         384  usbd_audio_in.o(.bss.IsocInBuffDummy)
    [Anonymous Symbol]                       0x20000d04   Section        0  stwin_audio.o(.bss.RecBuff)
    RecBuff                                  0x20000d04   Data        1536  stwin_audio.o(.bss.RecBuff)
    [Anonymous Symbol]                       0x20001304   Section        0  usbd_audio_in.o(.bss.USBD_AUDIO_CfgDesc)
    USBD_AUDIO_CfgDesc                       0x20001304   Data         118  usbd_audio_in.o(.bss.USBD_AUDIO_CfgDesc)
    [Anonymous Symbol]                       0x2000137a   Section        0  usbd_ctlreq.o(.bss.USBD_SetConfig.cfgidx)
    USBD_SetConfig.cfgidx                    0x2000137a   Data           1  usbd_ctlreq.o(.bss.USBD_SetConfig.cfgidx)
    [Anonymous Symbol]                       0x20001444   Section        0  usbd_audio_in.o(.bss.VOL_CUR)
    VOL_CUR                                  0x20001444   Data           2  usbd_audio_in.o(.bss.VOL_CUR)
    [Anonymous Symbol]                       0x20001448   Section        0  stm32l4xx_hal_dfsdm.o(.bss.a_dfsdm1ChannelHandle)
    a_dfsdm1ChannelHandle                    0x20001448   Data          32  stm32l4xx_hal_dfsdm.o(.bss.a_dfsdm1ChannelHandle)
    [Anonymous Symbol]                       0x20001744   Section        0  usbd_audio_in.o(.bss.haudioInstance)
    haudioInstance                           0x20001744   Data         100  usbd_audio_in.o(.bss.haudioInstance)
    [Anonymous Symbol]                       0x20001cb8   Section        0  stm32l4xx_hal_dfsdm.o(.bss.v_dfsdm1ChannelCounter)
    v_dfsdm1ChannelCounter                   0x20001cb8   Data           4  stm32l4xx_hal_dfsdm.o(.bss.v_dfsdm1ChannelCounter)
    HEAP                                     0x20001cc0   Section     8192  startup_stm32l4r9xx.o(HEAP)
    STACK                                    0x20003cc0   Section     8192  startup_stm32l4r9xx.o(STACK)

    Global Symbols

    Symbol Name                              Value     Ov Type        Size  Object(Section)

    BuildAttributes$$THM_ISAv4$E$P$D$K$B$S$7EM$VFPi3$EXTD16$VFPS$VFMA$PE$A:L22UL41UL21$X:L11$S22US41US21$IEEE1$IW$~IW$USESV6$~STKCKD$USESV7$~SHL$OTIME$EBA8$MICROLIB$REQ8$PRES8$EABIv2 0x00000000   Number         0  anon$$obj.o ABSOLUTE
    __cpp_initialize__aeabi_                  - Undefined Weak Reference
    __cxa_finalize                            - Undefined Weak Reference
    __decompress                              - Undefined Weak Reference
    _clock_init                               - Undefined Weak Reference
    _microlib_exit                            - Undefined Weak Reference
    __Vectors_Size                           0x000001bc   Number         0  startup_stm32l4r9xx.o ABSOLUTE
    __Vectors                                0x08000000   Data           4  startup_stm32l4r9xx.o(RESET)
    __Vectors_End                            0x080001bc   Data           0  startup_stm32l4r9xx.o(RESET)
    __main                                   0x080001bd   Thumb Code     0  entry.o(.ARM.Collect$$$$00000000)
    _main_stk                                0x080001bd   Thumb Code     0  entry2.o(.ARM.Collect$$$$00000001)
    _main_scatterload                        0x080001c1   Thumb Code     0  entry5.o(.ARM.Collect$$$$00000004)
    __main_after_scatterload                 0x080001c5   Thumb Code     0  entry5.o(.ARM.Collect$$$$00000004)
    _main_clock                              0x080001c5   Thumb Code     0  entry7b.o(.ARM.Collect$$$$00000008)
    _main_cpp_init                           0x080001c5   Thumb Code     0  entry8b.o(.ARM.Collect$$$$0000000A)
    _main_init                               0x080001c5   Thumb Code     0  entry9a.o(.ARM.Collect$$$$0000000B)
    __rt_final_cpp                           0x080001cd   Thumb Code     0  entry10a.o(.ARM.Collect$$$$0000000D)
    __rt_final_exit                          0x080001cd   Thumb Code     0  entry11a.o(.ARM.Collect$$$$0000000F)
    Reset_Handler                            0x080001d1   Thumb Code     8  startup_stm32l4r9xx.o(.text)
    MemManage_Handler                        0x080001dd   Thumb Code     2  startup_stm32l4r9xx.o(.text)
    BusFault_Handler                         0x080001df   Thumb Code     2  startup_stm32l4r9xx.o(.text)
    UsageFault_Handler                       0x080001e1   Thumb Code     2  startup_stm32l4r9xx.o(.text)
    ADC1_IRQHandler                          0x080001eb   Thumb Code     0  startup_stm32l4r9xx.o(.text)
    CAN1_RX0_IRQHandler                      0x080001eb   Thumb Code     0  startup_stm32l4r9xx.o(.text)
    CAN1_RX1_IRQHandler                      0x080001eb   Thumb Code     0  startup_stm32l4r9xx.o(.text)
    CAN1_SCE_IRQHandler                      0x080001eb   Thumb Code     0  startup_stm32l4r9xx.o(.text)
    CAN1_TX_IRQHandler                       0x080001eb   Thumb Code     0  startup_stm32l4r9xx.o(.text)
    COMP_IRQHandler                          0x080001eb   Thumb Code     0  startup_stm32l4r9xx.o(.text)
    CRS_IRQHandler                           0x080001eb   Thumb Code     0  startup_stm32l4r9xx.o(.text)
    DCMI_IRQHandler                          0x080001eb   Thumb Code     0  startup_stm32l4r9xx.o(.text)
    DFSDM1_FLT2_IRQHandler                   0x080001eb   Thumb Code     0  startup_stm32l4r9xx.o(.text)
    DFSDM1_FLT3_IRQHandler                   0x080001eb   Thumb Code     0  startup_stm32l4r9xx.o(.text)
    DMA1_Channel2_IRQHandler                 0x080001eb   Thumb Code     0  startup_stm32l4r9xx.o(.text)
    DMA1_Channel3_IRQHandler                 0x080001eb   Thumb Code     0  startup_stm32l4r9xx.o(.text)
    DMA1_Channel5_IRQHandler                 0x080001eb   Thumb Code     0  startup_stm32l4r9xx.o(.text)
    DMA1_Channel6_IRQHandler                 0x080001eb   Thumb Code     0  startup_stm32l4r9xx.o(.text)
    DMA2D_IRQHandler                         0x080001eb   Thumb Code     0  startup_stm32l4r9xx.o(.text)
    DMA2_Channel1_IRQHandler                 0x080001eb   Thumb Code     0  startup_stm32l4r9xx.o(.text)
    DMA2_Channel2_IRQHandler                 0x080001eb   Thumb Code     0  startup_stm32l4r9xx.o(.text)
    DMA2_Channel3_IRQHandler                 0x080001eb   Thumb Code     0  startup_stm32l4r9xx.o(.text)
    DMA2_Channel4_IRQHandler                 0x080001eb   Thumb Code     0  startup_stm32l4r9xx.o(.text)
    DMA2_Channel5_IRQHandler                 0x080001eb   Thumb Code     0  startup_stm32l4r9xx.o(.text)
    DMA2_Channel6_IRQHandler                 0x080001eb   Thumb Code     0  startup_stm32l4r9xx.o(.text)
    DMA2_Channel7_IRQHandler                 0x080001eb   Thumb Code     0  startup_stm32l4r9xx.o(.text)
    DMAMUX1_OVR_IRQHandler                   0x080001eb   Thumb Code     0  startup_stm32l4r9xx.o(.text)
    DSI_IRQHandler                           0x080001eb   Thumb Code     0  startup_stm32l4r9xx.o(.text)
    EXTI0_IRQHandler                         0x080001eb   Thumb Code     0  startup_stm32l4r9xx.o(.text)
    EXTI15_10_IRQHandler                     0x080001eb   Thumb Code     0  startup_stm32l4r9xx.o(.text)
    EXTI1_IRQHandler                         0x080001eb   Thumb Code     0  startup_stm32l4r9xx.o(.text)
    EXTI2_IRQHandler                         0x080001eb   Thumb Code     0  startup_stm32l4r9xx.o(.text)
    EXTI3_IRQHandler                         0x080001eb   Thumb Code     0  startup_stm32l4r9xx.o(.text)
    EXTI4_IRQHandler                         0x080001eb   Thumb Code     0  startup_stm32l4r9xx.o(.text)
    EXTI9_5_IRQHandler                       0x080001eb   Thumb Code     0  startup_stm32l4r9xx.o(.text)
    FLASH_IRQHandler                         0x080001eb   Thumb Code     0  startup_stm32l4r9xx.o(.text)
    FMC_IRQHandler                           0x080001eb   Thumb Code     0  startup_stm32l4r9xx.o(.text)
    FPU_IRQHandler                           0x080001eb   Thumb Code     0  startup_stm32l4r9xx.o(.text)
    GFXMMU_IRQHandler                        0x080001eb   Thumb Code     0  startup_stm32l4r9xx.o(.text)
    I2C1_ER_IRQHandler                       0x080001eb   Thumb Code     0  startup_stm32l4r9xx.o(.text)
    I2C1_EV_IRQHandler                       0x080001eb   Thumb Code     0  startup_stm32l4r9xx.o(.text)
    I2C2_ER_IRQHandler                       0x080001eb   Thumb Code     0  startup_stm32l4r9xx.o(.text)
    I2C2_EV_IRQHandler                       0x080001eb   Thumb Code     0  startup_stm32l4r9xx.o(.text)
    I2C3_ER_IRQHandler                       0x080001eb   Thumb Code     0  startup_stm32l4r9xx.o(.text)
    I2C3_EV_IRQHandler                       0x080001eb   Thumb Code     0  startup_stm32l4r9xx.o(.text)
    I2C4_ER_IRQHandler                       0x080001eb   Thumb Code     0  startup_stm32l4r9xx.o(.text)
    I2C4_EV_IRQHandler                       0x080001eb   Thumb Code     0  startup_stm32l4r9xx.o(.text)
    LPTIM1_IRQHandler                        0x080001eb   Thumb Code     0  startup_stm32l4r9xx.o(.text)
    LPTIM2_IRQHandler                        0x080001eb   Thumb Code     0  startup_stm32l4r9xx.o(.text)
    LPUART1_IRQHandler                       0x080001eb   Thumb Code     0  startup_stm32l4r9xx.o(.text)
    LTDC_ER_IRQHandler                       0x080001eb   Thumb Code     0  startup_stm32l4r9xx.o(.text)
    LTDC_IRQHandler                          0x080001eb   Thumb Code     0  startup_stm32l4r9xx.o(.text)
    OCTOSPI1_IRQHandler                      0x080001eb   Thumb Code     0  startup_stm32l4r9xx.o(.text)
    OCTOSPI2_IRQHandler                      0x080001eb   Thumb Code     0  startup_stm32l4r9xx.o(.text)
    PVD_PVM_IRQHandler                       0x080001eb   Thumb Code     0  startup_stm32l4r9xx.o(.text)
    RCC_IRQHandler                           0x080001eb   Thumb Code     0  startup_stm32l4r9xx.o(.text)
    RNG_IRQHandler                           0x080001eb   Thumb Code     0  startup_stm32l4r9xx.o(.text)
    RTC_Alarm_IRQHandler                     0x080001eb   Thumb Code     0  startup_stm32l4r9xx.o(.text)
    RTC_WKUP_IRQHandler                      0x080001eb   Thumb Code     0  startup_stm32l4r9xx.o(.text)
    SAI1_IRQHandler                          0x080001eb   Thumb Code     0  startup_stm32l4r9xx.o(.text)
    SAI2_IRQHandler                          0x080001eb   Thumb Code     0  startup_stm32l4r9xx.o(.text)
    SDMMC1_IRQHandler                        0x080001eb   Thumb Code     0  startup_stm32l4r9xx.o(.text)
    SPI1_IRQHandler                          0x080001eb   Thumb Code     0  startup_stm32l4r9xx.o(.text)
    SPI2_IRQHandler                          0x080001eb   Thumb Code     0  startup_stm32l4r9xx.o(.text)
    SPI3_IRQHandler                          0x080001eb   Thumb Code     0  startup_stm32l4r9xx.o(.text)
    TAMP_STAMP_IRQHandler                    0x080001eb   Thumb Code     0  startup_stm32l4r9xx.o(.text)
    TIM1_BRK_TIM15_IRQHandler                0x080001eb   Thumb Code     0  startup_stm32l4r9xx.o(.text)
    TIM1_CC_IRQHandler                       0x080001eb   Thumb Code     0  startup_stm32l4r9xx.o(.text)
    TIM1_TRG_COM_TIM17_IRQHandler            0x080001eb   Thumb Code     0  startup_stm32l4r9xx.o(.text)
    TIM1_UP_TIM16_IRQHandler                 0x080001eb   Thumb Code     0  startup_stm32l4r9xx.o(.text)
    TIM2_IRQHandler                          0x080001eb   Thumb Code     0  startup_stm32l4r9xx.o(.text)
    TIM3_IRQHandler                          0x080001eb   Thumb Code     0  startup_stm32l4r9xx.o(.text)
    TIM4_IRQHandler                          0x080001eb   Thumb Code     0  startup_stm32l4r9xx.o(.text)
    TIM5_IRQHandler                          0x080001eb   Thumb Code     0  startup_stm32l4r9xx.o(.text)
    TIM6_DAC_IRQHandler                      0x080001eb   Thumb Code     0  startup_stm32l4r9xx.o(.text)
    TIM7_IRQHandler                          0x080001eb   Thumb Code     0  startup_stm32l4r9xx.o(.text)
    TIM8_BRK_IRQHandler                      0x080001eb   Thumb Code     0  startup_stm32l4r9xx.o(.text)
    TIM8_CC_IRQHandler                       0x080001eb   Thumb Code     0  startup_stm32l4r9xx.o(.text)
    TIM8_TRG_COM_IRQHandler                  0x080001eb   Thumb Code     0  startup_stm32l4r9xx.o(.text)
    TIM8_UP_IRQHandler                       0x080001eb   Thumb Code     0  startup_stm32l4r9xx.o(.text)
    TSC_IRQHandler                           0x080001eb   Thumb Code     0  startup_stm32l4r9xx.o(.text)
    UART4_IRQHandler                         0x080001eb   Thumb Code     0  startup_stm32l4r9xx.o(.text)
    UART5_IRQHandler                         0x080001eb   Thumb Code     0  startup_stm32l4r9xx.o(.text)
    USART1_IRQHandler                        0x080001eb   Thumb Code     0  startup_stm32l4r9xx.o(.text)
    USART2_IRQHandler                        0x080001eb   Thumb Code     0  startup_stm32l4r9xx.o(.text)
    USART3_IRQHandler                        0x080001eb   Thumb Code     0  startup_stm32l4r9xx.o(.text)
    WWDG_IRQHandler                          0x080001eb   Thumb Code     0  startup_stm32l4r9xx.o(.text)
    __aeabi_memcpy                           0x080001f5   Thumb Code    36  memcpya.o(.text)
    __aeabi_memcpy4                          0x080001f5   Thumb Code     0  memcpya.o(.text)
    __aeabi_memcpy8                          0x080001f5   Thumb Code     0  memcpya.o(.text)
    __aeabi_memset                           0x08000219   Thumb Code    14  memseta.o(.text)
    __aeabi_memset4                          0x08000219   Thumb Code     0  memseta.o(.text)
    __aeabi_memset8                          0x08000219   Thumb Code     0  memseta.o(.text)
    __aeabi_memclr                           0x08000227   Thumb Code     4  memseta.o(.text)
    __aeabi_memclr4                          0x08000227   Thumb Code     0  memseta.o(.text)
    __aeabi_memclr8                          0x08000227   Thumb Code     0  memseta.o(.text)
    _memset$wrapper                          0x0800022b   Thumb Code    18  memseta.o(.text)
    __scatterload                            0x0800023d   Thumb Code    28  init.o(.text)
    __scatterload_rt2                        0x0800023d   Thumb Code     0  init.o(.text)
    ADC_Disable                              0x08000261   Thumb Code   150  stm32l4xx_hal_adc.o(.text.ADC_Disable)
    ADC_Enable                               0x080002f9   Thumb Code   210  stm32l4xx_hal_adc.o(.text.ADC_Enable)
    AudioProcess                             0x08000461   Thumb Code    14  audio_application.o(.text.AudioProcess)
    BSP_ADC1_Initialization                  0x080004d1   Thumb Code   128  stwin.o(.text.BSP_ADC1_Initialization)
    BSP_AUDIO_IN_HalfTransfer_CallBack       0x08000551   Thumb Code    16  audio_application.o(.text.BSP_AUDIO_IN_HalfTransfer_CallBack)
    BSP_AUDIO_IN_Init                        0x08000561   Thumb Code   626  stwin_audio.o(.text.BSP_AUDIO_IN_Init)
    BSP_AUDIO_IN_Record                      0x080007d5   Thumb Code   148  stwin_audio.o(.text.BSP_AUDIO_IN_Record)
    BSP_AUDIO_IN_SetVolume                   0x08000869   Thumb Code    34  stwin_audio.o(.text.BSP_AUDIO_IN_SetVolume)
    BSP_AUDIO_IN_TransferComplete_CallBack   0x0800088d   Thumb Code    16  audio_application.o(.text.BSP_AUDIO_IN_TransferComplete_CallBack)
    BSP_LED_Init                             0x0800089d   Thumb Code   100  stwin.o(.text.BSP_LED_Init)
    BSP_LED_Off                              0x08000901   Thumb Code    36  stwin.o(.text.BSP_LED_Off)
    BSP_LED_On                               0x08000925   Thumb Code    36  stwin.o(.text.BSP_LED_On)
    DFSDM1_FLT0_IRQHandler                   0x08000949   Thumb Code    12  stm32xx_it.o(.text.DFSDM1_FLT0_IRQHandler)
    DFSDM1_FLT1_IRQHandler                   0x08000955   Thumb Code    12  stm32xx_it.o(.text.DFSDM1_FLT1_IRQHandler)
    DFSDM_ChannelMspInit                     0x08000961   Thumb Code   158  stwin_audio.o(.text.DFSDM_ChannelMspInit)
    DFSDM_FilterMspInit                      0x08000a1d   Thumb Code   194  stwin_audio.o(.text.DFSDM_FilterMspInit)
    DMA1_Channel1_IRQHandler                 0x08000b59   Thumb Code    14  stm32xx_it.o(.text.DMA1_Channel1_IRQHandler)
    DMA1_Channel4_IRQHandler                 0x08000b69   Thumb Code    14  stm32xx_it.o(.text.DMA1_Channel4_IRQHandler)
    DMA1_Channel7_IRQHandler                 0x08000b79   Thumb Code    12  stm32xx_it.o(.text.DMA1_Channel7_IRQHandler)
    DebugMon_Handler                         0x08000c51   Thumb Code     2  stm32xx_it.o(.text.DebugMon_Handler)
    HAL_ADCEx_Calibration_Start              0x08000c55   Thumb Code   126  stm32l4xx_hal_adc_ex.o(.text.HAL_ADCEx_Calibration_Start)
    HAL_ADC_Audio_MspInit                    0x08000cd5   Thumb Code   236  stwin_audio.o(.text.HAL_ADC_Audio_MspInit)
    HAL_ADC_ConfigChannel                    0x08000dc1   Thumb Code   748  stm32l4xx_hal_adc.o(.text.HAL_ADC_ConfigChannel)
    HAL_ADC_Init                             0x080010ad   Thumb Code   416  stm32l4xx_hal_adc.o(.text.HAL_ADC_Init)
    HAL_ADC_MspInit                          0x0800124d   Thumb Code    42  stwin.o(.text.HAL_ADC_MspInit)
    HAL_ADC_Start                            0x08001279   Thumb Code   132  stm32l4xx_hal_adc.o(.text.HAL_ADC_Start)
    HAL_DFSDM_ChannelCkabCallback            0x080012fd   Thumb Code     2  stm32l4xx_hal_dfsdm.o(.text.HAL_DFSDM_ChannelCkabCallback)
    HAL_DFSDM_ChannelInit                    0x08001301   Thumb Code   264  stm32l4xx_hal_dfsdm.o(.text.HAL_DFSDM_ChannelInit)
    HAL_DFSDM_ChannelMspInit                 0x08001409   Thumb Code     2  stm32l4xx_hal_dfsdm.o(.text.HAL_DFSDM_ChannelMspInit)
    HAL_DFSDM_ChannelScdCallback             0x0800140d   Thumb Code     2  stm32l4xx_hal_dfsdm.o(.text.HAL_DFSDM_ChannelScdCallback)
    HAL_DFSDM_FilterAwdCallback              0x08001411   Thumb Code     2  stm32l4xx_hal_dfsdm.o(.text.HAL_DFSDM_FilterAwdCallback)
    HAL_DFSDM_FilterConfigRegChannel         0x08001415   Thumb Code    90  stm32l4xx_hal_dfsdm.o(.text.HAL_DFSDM_FilterConfigRegChannel)
    HAL_DFSDM_FilterErrorCallback            0x08001471   Thumb Code     2  stm32l4xx_hal_dfsdm.o(.text.HAL_DFSDM_FilterErrorCallback)
    HAL_DFSDM_FilterInit                     0x08001475   Thumb Code   256  stm32l4xx_hal_dfsdm.o(.text.HAL_DFSDM_FilterInit)
    HAL_DFSDM_FilterInjConvCpltCallback      0x08001575   Thumb Code     2  stm32l4xx_hal_dfsdm.o(.text.HAL_DFSDM_FilterInjConvCpltCallback)
    HAL_DFSDM_FilterMspInit                  0x08001579   Thumb Code     2  stm32l4xx_hal_dfsdm.o(.text.HAL_DFSDM_FilterMspInit)
    HAL_DFSDM_FilterRegConvCpltCallback      0x0800157d   Thumb Code   488  stwin_audio.o(.text.HAL_DFSDM_FilterRegConvCpltCallback)
    HAL_DFSDM_FilterRegConvHalfCpltCallback  0x08001765   Thumb Code   480  stwin_audio.o(.text.HAL_DFSDM_FilterRegConvHalfCpltCallback)
    HAL_DFSDM_FilterRegularStart_DMA         0x08001945   Thumb Code   156  stm32l4xx_hal_dfsdm.o(.text.HAL_DFSDM_FilterRegularStart_DMA)
    HAL_DFSDM_IRQHandler                     0x080019e1   Thumb Code   416  stm32l4xx_hal_dfsdm.o(.text.HAL_DFSDM_IRQHandler)
    HAL_DMA_DeInit                           0x08001b81   Thumb Code   192  stm32l4xx_hal_dma.o(.text.HAL_DMA_DeInit)
    HAL_DMA_IRQHandler                       0x08001c41   Thumb Code   224  stm32l4xx_hal_dma.o(.text.HAL_DMA_IRQHandler)
    HAL_DMA_Init                             0x08001d21   Thumb Code   240  stm32l4xx_hal_dma.o(.text.HAL_DMA_Init)
    HAL_DMA_Start_IT                         0x08001e11   Thumb Code   150  stm32l4xx_hal_dma.o(.text.HAL_DMA_Start_IT)
    HAL_Delay                                0x08001ea9   Thumb Code    44  stm32l4xx_hal.o(.text.HAL_Delay)
    HAL_GPIO_Init                            0x08001ed5   Thumb Code   450  stm32l4xx_hal_gpio.o(.text.HAL_GPIO_Init)
    HAL_GPIO_WritePin                        0x08002099   Thumb Code    16  stm32l4xx_hal_gpio.o(.text.HAL_GPIO_WritePin)
    HAL_GetTick                              0x080020a9   Thumb Code    12  stm32l4xx_hal.o(.text.HAL_GetTick)
    HAL_IncTick                              0x080020b5   Thumb Code    26  stm32l4xx_hal.o(.text.HAL_IncTick)
    HAL_Init                                 0x080020d1   Thumb Code    48  stm32l4xx_hal.o(.text.HAL_Init)
    HAL_InitTick                             0x08002101   Thumb Code    88  stm32l4xx_hal.o(.text.HAL_InitTick)
    HAL_MspInit                              0x08002159   Thumb Code     2  stm32l4xx_hal.o(.text.HAL_MspInit)
    HAL_NVIC_EnableIRQ                       0x0800215d   Thumb Code     4  stm32l4xx_hal_cortex.o(.text.HAL_NVIC_EnableIRQ)
    HAL_NVIC_SetPriority                     0x08002161   Thumb Code    32  stm32l4xx_hal_cortex.o(.text.HAL_NVIC_SetPriority)
    HAL_NVIC_SetPriorityGrouping             0x08002181   Thumb Code     4  stm32l4xx_hal_cortex.o(.text.HAL_NVIC_SetPriorityGrouping)
    HAL_PCDEx_ActivateLPM                    0x08002185   Thumb Code    38  stm32l4xx_hal_pcd_ex.o(.text.HAL_PCDEx_ActivateLPM)
    HAL_PCDEx_LPM_Callback                   0x080021ad   Thumb Code     2  stm32l4xx_hal_pcd_ex.o(.text.HAL_PCDEx_LPM_Callback)
    HAL_PCDEx_SetRxFiFo                      0x080021b1   Thumb Code     8  stm32l4xx_hal_pcd_ex.o(.text.HAL_PCDEx_SetRxFiFo)
    HAL_PCDEx_SetTxFiFo                      0x080021b9   Thumb Code    84  stm32l4xx_hal_pcd_ex.o(.text.HAL_PCDEx_SetTxFiFo)
    HAL_PCD_ConnectCallback                  0x0800220d   Thumb Code     8  usbd_conf_l4.o(.text.HAL_PCD_ConnectCallback)
    HAL_PCD_DataInStageCallback              0x08002215   Thumb Code    18  usbd_conf_l4.o(.text.HAL_PCD_DataInStageCallback)
    HAL_PCD_DataOutStageCallback             0x08002229   Thumb Code    20  usbd_conf_l4.o(.text.HAL_PCD_DataOutStageCallback)
    HAL_PCD_DisconnectCallback               0x0800223d   Thumb Code     8  usbd_conf_l4.o(.text.HAL_PCD_DisconnectCallback)
    HAL_PCD_EP_Abort                         0x08002245   Thumb Code    34  stm32l4xx_hal_pcd_patch.o(.text.HAL_PCD_EP_Abort)
    HAL_PCD_EP_Close                         0x08002269   Thumb Code    80  stm32l4xx_hal_pcd_patch.o(.text.HAL_PCD_EP_Close)
    HAL_PCD_EP_ClrStall                      0x080022b9   Thumb Code    92  stm32l4xx_hal_pcd_patch.o(.text.HAL_PCD_EP_ClrStall)
    HAL_PCD_EP_Flush                         0x08002315   Thumb Code    58  stm32l4xx_hal_pcd_patch.o(.text.HAL_PCD_EP_Flush)
    HAL_PCD_EP_Open                          0x08002351   Thumb Code   102  stm32l4xx_hal_pcd_patch.o(.text.HAL_PCD_EP_Open)
    HAL_PCD_EP_Receive                       0x080023b9   Thumb Code    48  stm32l4xx_hal_pcd_patch.o(.text.HAL_PCD_EP_Receive)
    HAL_PCD_EP_SetStall                      0x080023e9   Thumb Code   106  stm32l4xx_hal_pcd_patch.o(.text.HAL_PCD_EP_SetStall)
    HAL_PCD_EP_Transmit                      0x08002455   Thumb Code    46  stm32l4xx_hal_pcd_patch.o(.text.HAL_PCD_EP_Transmit)
    HAL_PCD_IRQHandler                       0x08002485   Thumb Code  1464  stm32l4xx_hal_pcd_patch.o(.text.HAL_PCD_IRQHandler)
    HAL_PCD_ISOINIncompleteCallback          0x08002a3d   Thumb Code     8  usbd_conf_l4.o(.text.HAL_PCD_ISOINIncompleteCallback)
    HAL_PCD_ISOOUTIncompleteCallback         0x08002a45   Thumb Code     8  usbd_conf_l4.o(.text.HAL_PCD_ISOOUTIncompleteCallback)
    HAL_PCD_Init                             0x08002a4d   Thumb Code   322  stm32l4xx_hal_pcd_patch.o(.text.HAL_PCD_Init)
    HAL_PCD_MspInit                          0x08002b91   Thumb Code   130  usbd_conf_l4.o(.text.HAL_PCD_MspInit)
    HAL_PCD_ResetCallback                    0x08002c15   Thumb Code    26  usbd_conf_l4.o(.text.HAL_PCD_ResetCallback)
    HAL_PCD_ResumeCallback                   0x08002c31   Thumb Code     8  usbd_conf_l4.o(.text.HAL_PCD_ResumeCallback)
    HAL_PCD_SOFCallback                      0x08002c39   Thumb Code     8  usbd_conf_l4.o(.text.HAL_PCD_SOFCallback)
    HAL_PCD_SetAddress                       0x08002c41   Thumb Code    48  stm32l4xx_hal_pcd_patch.o(.text.HAL_PCD_SetAddress)
    HAL_PCD_SetupStageCallback               0x08002c71   Thumb Code    14  usbd_conf_l4.o(.text.HAL_PCD_SetupStageCallback)
    HAL_PCD_Start                            0x08002c81   Thumb Code    66  stm32l4xx_hal_pcd_patch.o(.text.HAL_PCD_Start)
    HAL_PCD_SuspendCallback                  0x08002cc5   Thumb Code     8  usbd_conf_l4.o(.text.HAL_PCD_SuspendCallback)
    HAL_PWREx_ControlVoltageScaling          0x08002ccd   Thumb Code   210  stm32l4xx_hal_pwr_ex.o(.text.HAL_PWREx_ControlVoltageScaling)
    HAL_PWREx_EnableVddUSB                   0x08002da1   Thumb Code    18  stm32l4xx_hal_pwr_ex.o(.text.HAL_PWREx_EnableVddUSB)
    HAL_PWREx_GetVoltageRange                0x08002db5   Thumb Code    38  stm32l4xx_hal_pwr_ex.o(.text.HAL_PWREx_GetVoltageRange)
    HAL_PWR_EnableBkUpAccess                 0x08002ddd   Thumb Code    18  stm32l4xx_hal_pwr.o(.text.HAL_PWR_EnableBkUpAccess)
    HAL_RCCEx_PeriphCLKConfig                0x08002df1   Thumb Code  1188  stm32l4xx_hal_rcc_ex.o(.text.HAL_RCCEx_PeriphCLKConfig)
    HAL_RCC_ClockConfig                      0x08003295   Thumb Code   454  stm32l4xx_hal_rcc.o(.text.HAL_RCC_ClockConfig)
    HAL_RCC_GetHCLKFreq                      0x0800345d   Thumb Code    12  stm32l4xx_hal_rcc.o(.text.HAL_RCC_GetHCLKFreq)
    HAL_RCC_GetSysClockFreq                  0x08003469   Thumb Code   168  stm32l4xx_hal_rcc.o(.text.HAL_RCC_GetSysClockFreq)
    HAL_RCC_MCOConfig                        0x08003511   Thumb Code    84  stm32l4xx_hal_rcc.o(.text.HAL_RCC_MCOConfig)
    HAL_RCC_OscConfig                        0x08003565   Thumb Code  1642  stm32l4xx_hal_rcc.o(.text.HAL_RCC_OscConfig)
    HAL_SYSTICK_CLKSourceConfig              0x08003bd1   Thumb Code    26  stm32l4xx_hal_cortex.o(.text.HAL_SYSTICK_CLKSourceConfig)
    HAL_SYSTICK_Config                       0x08003bed   Thumb Code     4  stm32l4xx_hal_cortex.o(.text.HAL_SYSTICK_Config)
    HardFault_Handler                        0x08003bf1   Thumb Code     2  stm32xx_it.o(.text.HardFault_Handler)
    Init_Acquisition_Peripherals             0x08003bf5   Thumb Code    42  audio_application.o(.text.Init_Acquisition_Peripherals)
    MX_ADC1_Init                             0x08003dcd   Thumb Code    66  stwin_audio.o(.text.MX_ADC1_Init)
    MX_DFSDM_Init                            0x08003e11   Thumb Code   342  stwin_audio.o(.text.MX_DFSDM_Init)
    NMI_Handler                              0x08003f69   Thumb Code     2  stm32xx_it.o(.text.NMI_Handler)
    OTG_FS_IRQHandler                        0x08003fa5   Thumb Code    12  stm32xx_it.o(.text.OTG_FS_IRQHandler)
    PendSV_Handler                           0x08004101   Thumb Code     2  stm32xx_it.o(.text.PendSV_Handler)
    SVC_Handler                              0x08004465   Thumb Code     2  stm32xx_it.o(.text.SVC_Handler)
    Send_Audio_to_USB                        0x08004475   Thumb Code    16  usbd_audio_if.o(.text.Send_Audio_to_USB)
    Start_Acquisition                        0x08004485   Thumb Code    18  audio_application.o(.text.Start_Acquisition)
    SysTick_Handler                          0x080044cd   Thumb Code     4  stm32xx_it.o(.text.SysTick_Handler)
    SystemClock_Config                       0x080044d1   Thumb Code   210  cube_hal_l4.o(.text.SystemClock_Config)
    SystemInit                               0x080045a5   Thumb Code    18  system_stm32l4xx.o(.text.SystemInit)
    USBD_AUDIO_ConfigStrDescriptor           0x080045b9   Thumb Code    40  usbd_desc.o(.text.USBD_AUDIO_ConfigStrDescriptor)
    USBD_AUDIO_Data_Transfer                 0x080046c9   Thumb Code   240  usbd_audio_in.o(.text.USBD_AUDIO_Data_Transfer)
    USBD_AUDIO_DeviceDescriptor              0x080047ed   Thumb Code    14  usbd_desc.o(.text.USBD_AUDIO_DeviceDescriptor)
    USBD_AUDIO_Init_Microphone_Descriptor    0x080048f1   Thumb Code   618  usbd_audio_in.o(.text.USBD_AUDIO_Init_Microphone_Descriptor)
    USBD_AUDIO_InterfaceStrDescriptor        0x08004b5d   Thumb Code    40  usbd_desc.o(.text.USBD_AUDIO_InterfaceStrDescriptor)
    USBD_AUDIO_LangIDStrDescriptor           0x08004b8d   Thumb Code    14  usbd_desc.o(.text.USBD_AUDIO_LangIDStrDescriptor)
    USBD_AUDIO_ManufacturerStrDescriptor     0x08004b9d   Thumb Code    44  usbd_desc.o(.text.USBD_AUDIO_ManufacturerStrDescriptor)
    USBD_AUDIO_ProductStrDescriptor          0x08004bc9   Thumb Code   108  usbd_desc.o(.text.USBD_AUDIO_ProductStrDescriptor)
    USBD_AUDIO_RegisterInterface             0x08004c35   Thumb Code    14  usbd_audio_in.o(.text.USBD_AUDIO_RegisterInterface)
    USBD_AUDIO_SerialStrDescriptor           0x08004c49   Thumb Code    68  usbd_desc.o(.text.USBD_AUDIO_SerialStrDescriptor)
    USBD_ClrClassConfig                      0x08004d29   Thumb Code    18  usbd_core.o(.text.USBD_ClrClassConfig)
    USBD_CoreFindEP                          0x08004d69   Thumb Code     4  usbd_core.o(.text.USBD_CoreFindEP)
    USBD_CoreFindIF                          0x08004d6d   Thumb Code     4  usbd_core.o(.text.USBD_CoreFindIF)
    USBD_CtlContinueRx                       0x08004d71   Thumb Code    16  usbd_ioreq.o(.text.USBD_CtlContinueRx)
    USBD_CtlContinueSendData                 0x08004d81   Thumb Code    16  usbd_ioreq.o(.text.USBD_CtlContinueSendData)
    USBD_CtlError                            0x08004d91   Thumb Code    22  usbd_ctlreq.o(.text.USBD_CtlError)
    USBD_CtlPrepareRx                        0x08004da9   Thumb Code    26  usbd_ioreq.o(.text.USBD_CtlPrepareRx)
    USBD_CtlReceiveStatus                    0x08004dc5   Thumb Code    22  usbd_ioreq.o(.text.USBD_CtlReceiveStatus)
    USBD_CtlSendData                         0x08004ddd   Thumb Code    26  usbd_ioreq.o(.text.USBD_CtlSendData)
    USBD_CtlSendStatus                       0x08004df9   Thumb Code    22  usbd_ioreq.o(.text.USBD_CtlSendStatus)
    USBD_GetString                           0x08004fa5   Thumb Code    84  usbd_ctlreq.o(.text.USBD_GetString)
    USBD_Init                                0x08004ff9   Thumb Code    46  usbd_core.o(.text.USBD_Init)
    USBD_LL_ClearStallEP                     0x08005029   Thumb Code    14  usbd_conf_l4.o(.text.USBD_LL_ClearStallEP)
    USBD_LL_CloseEP                          0x08005039   Thumb Code    14  usbd_conf_l4.o(.text.USBD_LL_CloseEP)
    USBD_LL_DataInStage                      0x08005049   Thumb Code   184  usbd_core.o(.text.USBD_LL_DataInStage)
    USBD_LL_DataOutStage                     0x08005101   Thumb Code   138  usbd_core.o(.text.USBD_LL_DataOutStage)
    USBD_LL_DevConnected                     0x0800518d   Thumb Code     4  usbd_core.o(.text.USBD_LL_DevConnected)
    USBD_LL_DevDisconnected                  0x08005191   Thumb Code    34  usbd_core.o(.text.USBD_LL_DevDisconnected)
    USBD_LL_FlushEP                          0x080051b5   Thumb Code    14  usbd_conf_l4.o(.text.USBD_LL_FlushEP)
    USBD_LL_Init                             0x080051c5   Thumb Code    94  usbd_conf_l4.o(.text.USBD_LL_Init)
    USBD_LL_IsStallEP                        0x08005225   Thumb Code    34  usbd_conf_l4.o(.text.USBD_LL_IsStallEP)
    USBD_LL_IsoINIncomplete                  0x08005249   Thumb Code    60  usbd_core.o(.text.USBD_LL_IsoINIncomplete)
    USBD_LL_IsoOUTIncomplete                 0x08005285   Thumb Code    60  usbd_core.o(.text.USBD_LL_IsoOUTIncomplete)
    USBD_LL_OpenEP                           0x080052c1   Thumb Code    20  usbd_conf_l4.o(.text.USBD_LL_OpenEP)
    USBD_LL_PrepareReceive                   0x080052d5   Thumb Code    14  usbd_conf_l4.o(.text.USBD_LL_PrepareReceive)
    USBD_LL_Reset                            0x080052e5   Thumb Code   100  usbd_core.o(.text.USBD_LL_Reset)
    USBD_LL_Resume                           0x08005349   Thumb Code    22  usbd_core.o(.text.USBD_LL_Resume)
    USBD_LL_SOF                              0x08005361   Thumb Code    34  usbd_core.o(.text.USBD_LL_SOF)
    USBD_LL_SetSpeed                         0x08005385   Thumb Code     6  usbd_core.o(.text.USBD_LL_SetSpeed)
    USBD_LL_SetUSBAddress                    0x0800538d   Thumb Code    14  usbd_conf_l4.o(.text.USBD_LL_SetUSBAddress)
    USBD_LL_SetupStage                       0x0800539d   Thumb Code    96  usbd_core.o(.text.USBD_LL_SetupStage)
    USBD_LL_StallEP                          0x080053fd   Thumb Code    14  usbd_conf_l4.o(.text.USBD_LL_StallEP)
    USBD_LL_Start                            0x0800540d   Thumb Code    14  usbd_conf_l4.o(.text.USBD_LL_Start)
    USBD_LL_Suspend                          0x0800541d   Thumb Code    30  usbd_core.o(.text.USBD_LL_Suspend)
    USBD_LL_Transmit                         0x0800543d   Thumb Code    14  usbd_conf_l4.o(.text.USBD_LL_Transmit)
    USBD_ParseSetupRequest                   0x0800544d   Thumb Code    40  usbd_ctlreq.o(.text.USBD_ParseSetupRequest)
    USBD_RegisterClass                       0x08005475   Thumb Code    66  usbd_core.o(.text.USBD_RegisterClass)
    USBD_SetClassConfig                      0x08005501   Thumb Code    16  usbd_core.o(.text.USBD_SetClassConfig)
    USBD_Start                               0x080055f1   Thumb Code     4  usbd_core.o(.text.USBD_Start)
    USBD_StdDevReq                           0x080055f5   Thumb Code   122  usbd_ctlreq.o(.text.USBD_StdDevReq)
    USBD_StdEPReq                            0x08005671   Thumb Code   396  usbd_ctlreq.o(.text.USBD_StdEPReq)
    USBD_StdItfReq                           0x080057fd   Thumb Code   122  usbd_ctlreq.o(.text.USBD_StdItfReq)
    USB_ActivateEndpoint                     0x08005879   Thumb Code   146  stm32l4xx_ll_usb.o(.text.USB_ActivateEndpoint)
    USB_ActivateSetup                        0x0800590d   Thumb Code    30  stm32l4xx_ll_usb.o(.text.USB_ActivateSetup)
    USB_CoreInit                             0x0800592d   Thumb Code    38  stm32l4xx_ll_usb.o(.text.USB_CoreInit)
    USB_DeactivateEndpoint                   0x080059a9   Thumb Code   164  stm32l4xx_ll_usb.o(.text.USB_DeactivateEndpoint)
    USB_DevConnect                           0x08005a4d   Thumb Code    28  stm32l4xx_ll_usb.o(.text.USB_DevConnect)
    USB_DevDisconnect                        0x08005a69   Thumb Code    28  stm32l4xx_ll_usb.o(.text.USB_DevDisconnect)
    USB_DevInit                              0x08005a85   Thumb Code   314  stm32l4xx_ll_usb.o(.text.USB_DevInit)
    USB_DisableGlobalInt                     0x08005bc1   Thumb Code    12  stm32l4xx_ll_usb.o(.text.USB_DisableGlobalInt)
    USB_EP0_OutStart                         0x08005bcd   Thumb Code    68  stm32l4xx_ll_usb.o(.text.USB_EP0_OutStart)
    USB_EPClearStall                         0x08005c11   Thumb Code    78  stm32l4xx_ll_usb.o(.text.USB_EPClearStall)
    USB_EPSetStall                           0x08005c61   Thumb Code    70  stm32l4xx_ll_usb.o(.text.USB_EPSetStall)
    USB_EPStartXfer                          0x08005ca9   Thumb Code   372  stm32l4xx_ll_usb.o(.text.USB_EPStartXfer)
    USB_EPStopXfer                           0x08005e1d   Thumb Code   150  stm32l4xx_ll_usb.o(.text.USB_EPStopXfer)
    USB_EnableGlobalInt                      0x08005eb5   Thumb Code    12  stm32l4xx_ll_usb.o(.text.USB_EnableGlobalInt)
    USB_FlushRxFifo                          0x08005ec1   Thumb Code    80  stm32l4xx_ll_usb.o(.text.USB_FlushRxFifo)
    USB_FlushTxFifo                          0x08005f11   Thumb Code    84  stm32l4xx_ll_usb.o(.text.USB_FlushTxFifo)
    USB_GetDevSpeed                          0x08005f65   Thumb Code    22  stm32l4xx_ll_usb.o(.text.USB_GetDevSpeed)
    USB_GetMode                              0x08005f7d   Thumb Code     8  stm32l4xx_ll_usb.o(.text.USB_GetMode)
    USB_ReadDevAllInEpInterrupt              0x08005f85   Thumb Code    14  stm32l4xx_ll_usb.o(.text.USB_ReadDevAllInEpInterrupt)
    USB_ReadDevAllOutEpInterrupt             0x08005f95   Thumb Code    14  stm32l4xx_ll_usb.o(.text.USB_ReadDevAllOutEpInterrupt)
    USB_ReadDevInEPInterrupt                 0x08005fa5   Thumb Code    36  stm32l4xx_ll_usb.o(.text.USB_ReadDevInEPInterrupt)
    USB_ReadDevOutEPInterrupt                0x08005fc9   Thumb Code    16  stm32l4xx_ll_usb.o(.text.USB_ReadDevOutEPInterrupt)
    USB_ReadInterrupts                       0x08005fd9   Thumb Code     8  stm32l4xx_ll_usb.o(.text.USB_ReadInterrupts)
    USB_ReadPacket                           0x08005fe1   Thumb Code    92  stm32l4xx_ll_usb.o(.text.USB_ReadPacket)
    USB_SetCurrentMode                       0x0800603d   Thumb Code   106  stm32l4xx_ll_usb.o(.text.USB_SetCurrentMode)
    USB_SetDevAddress                        0x080060a9   Thumb Code    34  stm32l4xx_ll_usb.o(.text.USB_SetDevAddress)
    USB_SetDevSpeed                          0x080060cd   Thumb Code    14  stm32l4xx_ll_usb.o(.text.USB_SetDevSpeed)
    USB_SetTurnaroundTime                    0x080060dd   Thumb Code   276  stm32l4xx_ll_usb.o(.text.USB_SetTurnaroundTime)
    USB_WritePacket                          0x080061f1   Thumb Code    40  stm32l4xx_ll_usb.o(.text.USB_WritePacket)
    main                                     0x080062a1   Thumb Code   158  main.o(.text.main)
    __scatterload_copy                       0x0800633f   Thumb Code    14  handlers.o(i.__scatterload_copy)
    __scatterload_null                       0x0800634d   Thumb Code     2  handlers.o(i.__scatterload_null)
    __scatterload_zeroinit                   0x0800634f   Thumb Code    14  handlers.o(i.__scatterload_zeroinit)
    free                                     0x0800635d   Thumb Code    76  malloc.o(i.free)
    malloc                                   0x080063ad   Thumb Code    92  malloc.o(i.malloc)
    AHBPrescTable                            0x08006418   Data          16  system_stm32l4xx.o(.rodata.AHBPrescTable)
    MSIRangeTable                            0x08006428   Data          48  system_stm32l4xx.o(.rodata.MSIRangeTable)
    vol_table                                0x08006460   Data         130  usbd_audio_if.o(.rodata.vol_table)
    Region$$Table$$Base                      0x080064e4   Number         0  anon$$obj.o(Region$$Table)
    Region$$Table$$Limit                     0x08006504   Number         0  anon$$obj.o(Region$$Table)
    __microlib_freelist                      0x20000000   Data           4  mvars.o(.data)
    __microlib_freelist_initialised          0x20000004   Data           4  mvars.o(.data)
    AUDIO_Desc                               0x20000008   Data          28  usbd_desc.o(.data.AUDIO_Desc)
    SystemCoreClock                          0x20000024   Data           4  system_stm32l4xx.o(.data.SystemCoreClock)
    USBD_AUDIO                               0x20000028   Data          56  usbd_audio_in.o(.data.USBD_AUDIO)
    USBD_AUDIO_fops                          0x2000006c   Data          36  usbd_audio_if.o(.data.USBD_AUDIO_fops)
    USBD_LangIDDesc                          0x20000090   Data           4  usbd_desc.o(.data.USBD_LangIDDesc)
    hUSBDDeviceDesc                          0x20000094   Data          18  usbd_desc.o(.data.hUSBDDeviceDesc)
    uwTickFreq                               0x200000a6   Data           1  stm32l4xx_hal.o(.data.uwTickFreq)
    uwTickPrio                               0x200000a8   Data           4  stm32l4xx_hal.o(.data.uwTickPrio)
    ADC1_Handle                              0x200000b0   Data         104  stwin.o(.bss.ADC1_Handle)
    AMic_OnBoard_DfsdmFilter                 0x20000154   Data          84  stwin_audio.o(.bss.AMic_OnBoard_DfsdmFilter)
    AMic_OnBoard_Dma                         0x200001a8   Data          96  stwin_audio.o(.bss.AMic_OnBoard_Dma)
    AudioInCtx                               0x20000208   Data         152  stwin_audio.o(.bss.AudioInCtx)
    DMic_OnBoard_DfsdmFilter                 0x200008d8   Data          84  stwin_audio.o(.bss.DMic_OnBoard_DfsdmFilter)
    DMic_OnBoard_Dma                         0x2000092c   Data          96  stwin_audio.o(.bss.DMic_OnBoard_Dma)
    MicParams                                0x20000b70   Data          20  audio_application.o(.bss.MicParams)
    PCM_Buffer                               0x20000b84   Data         384  audio_application.o(.bss.PCM_Buffer)
    USBD_StrDesc                             0x2000137c   Data         200  usbd_desc.o(.bss.USBD_StrDesc)
    hUSBDDevice                              0x20001468   Data         732  main.o(.bss.hUSBDDevice)
    hpcd                                     0x200017a8   Data        1292  usbd_conf_l4.o(.bss.hpcd)
    uwTick                                   0x20001cb4   Data           4  stm32l4xx_hal.o(.bss.uwTick)
    __heap_base                              0x20001cc0   Data           0  startup_stm32l4r9xx.o(HEAP)
    __heap_limit                             0x20003cc0   Data           0  startup_stm32l4r9xx.o(HEAP)
    __initial_sp                             0x20005cc0   Data           0  startup_stm32l4r9xx.o(STACK)



==============================================================================

Memory Map of the image

  Image Entry point : 0x080001bd

  Load Region LR_IROM1 (Base: 0x08000000, Size: 0x000065b8, Max: 0x00200000, ABSOLUTE)

    Execution Region ER_IROM1 (Exec base: 0x08000000, Load base: 0x08000000, Size: 0x00006504, Max: 0x00200000, ABSOLUTE)

    Exec Addr    Load Addr    Size         Type   Attr      Idx    E Section Name        Object

    0x08000000   0x08000000   0x000001bc   Data   RO            3    RESET               startup_stm32l4r9xx.o
    0x080001bc   0x080001bc   0x00000000   Code   RO         2932  * .ARM.Collect$$$$00000000  mc_w.l(entry.o)
    0x080001bc   0x080001bc   0x00000004   Code   RO         2971    .ARM.Collect$$$$00000001  mc_w.l(entry2.o)
    0x080001c0   0x080001c0   0x00000004   Code   RO         2974    .ARM.Collect$$$$00000004  mc_w.l(entry5.o)
    0x080001c4   0x080001c4   0x00000000   Code   RO         2976    .ARM.Collect$$$$00000008  mc_w.l(entry7b.o)
    0x080001c4   0x080001c4   0x00000000   Code   RO         2978    .ARM.Collect$$$$0000000A  mc_w.l(entry8b.o)
    0x080001c4   0x080001c4   0x00000008   Code   RO         2979    .ARM.Collect$$$$0000000B  mc_w.l(entry9a.o)
    0x080001cc   0x080001cc   0x00000000   Code   RO         2981    .ARM.Collect$$$$0000000D  mc_w.l(entry10a.o)
    0x080001cc   0x080001cc   0x00000000   Code   RO         2983    .ARM.Collect$$$$0000000F  mc_w.l(entry11a.o)
    0x080001cc   0x080001cc   0x00000004   Code   RO         2972    .ARM.Collect$$$$00002712  mc_w.l(entry2.o)
    0x080001d0   0x080001d0   0x00000024   Code   RO            4    .text               startup_stm32l4r9xx.o
    0x080001f4   0x080001f4   0x00000024   Code   RO         2937    .text               mc_w.l(memcpya.o)
    0x08000218   0x08000218   0x00000024   Code   RO         2939    .text               mc_w.l(memseta.o)
    0x0800023c   0x0800023c   0x00000024   Code   RO         2991    .text               mc_w.l(init.o)
    0x08000260   0x08000260   0x00000096   Code   RO          771    .text.ADC_Disable   stm32l4xx_hal_adc.o
    0x080002f6   0x080002f6   0x00000002   PAD
    0x080002f8   0x080002f8   0x000000d2   Code   RO          777    .text.ADC_Enable    stm32l4xx_hal_adc.o
    0x080003ca   0x080003ca   0x00000002   PAD
    0x080003cc   0x080003cc   0x0000001e   Code   RO         2780    .text.AUDIO_REQ_GetCurrent  usbd_audio_in.o
    0x080003ea   0x080003ea   0x00000002   PAD
    0x080003ec   0x080003ec   0x00000014   Code   RO         2786    .text.AUDIO_REQ_GetMaximum  usbd_audio_in.o
    0x08000400   0x08000400   0x00000016   Code   RO         2784    .text.AUDIO_REQ_GetMinimum  usbd_audio_in.o
    0x08000416   0x08000416   0x00000002   PAD
    0x08000418   0x08000418   0x00000016   Code   RO         2788    .text.AUDIO_REQ_GetResolution  usbd_audio_in.o
    0x0800042e   0x0800042e   0x00000002   PAD
    0x08000430   0x08000430   0x00000030   Code   RO         2782    .text.AUDIO_REQ_SetCurrent  usbd_audio_in.o
    0x08000460   0x08000460   0x0000000e   Code   RO           13    .text.AudioProcess  audio_application.o
    0x0800046e   0x0800046e   0x00000002   PAD
    0x08000470   0x08000470   0x00000004   Code   RO          116    .text.Audio_CommandMgr  usbd_audio_if.o
    0x08000474   0x08000474   0x00000004   Code   RO          102    .text.Audio_DeInit  usbd_audio_if.o
    0x08000478   0x08000478   0x00000004   Code   RO          100    .text.Audio_Init    usbd_audio_if.o
    0x0800047c   0x0800047c   0x00000004   Code   RO          108    .text.Audio_MuteCtl  usbd_audio_if.o
    0x08000480   0x08000480   0x00000004   Code   RO          112    .text.Audio_Pause   usbd_audio_if.o
    0x08000484   0x08000484   0x00000004   Code   RO          104    .text.Audio_Record  usbd_audio_if.o
    0x08000488   0x08000488   0x00000004   Code   RO          114    .text.Audio_Resume  usbd_audio_if.o
    0x0800048c   0x0800048c   0x00000004   Code   RO          110    .text.Audio_Stop    usbd_audio_if.o
    0x08000490   0x08000490   0x00000040   Code   RO          106    .text.Audio_VolumeCtl  usbd_audio_if.o
    0x080004d0   0x080004d0   0x00000080   Code   RO          315    .text.BSP_ADC1_Initialization  stwin.o
    0x08000550   0x08000550   0x00000010   Code   RO           11    .text.BSP_AUDIO_IN_HalfTransfer_CallBack  audio_application.o
    0x08000560   0x08000560   0x00000272   Code   RO          377    .text.BSP_AUDIO_IN_Init  stwin_audio.o
    0x080007d2   0x080007d2   0x00000002   PAD
    0x080007d4   0x080007d4   0x00000094   Code   RO          389    .text.BSP_AUDIO_IN_Record  stwin_audio.o
    0x08000868   0x08000868   0x00000022   Code   RO          421    .text.BSP_AUDIO_IN_SetVolume  stwin_audio.o
    0x0800088a   0x0800088a   0x00000002   PAD
    0x0800088c   0x0800088c   0x00000010   Code   RO           15    .text.BSP_AUDIO_IN_TransferComplete_CallBack  audio_application.o
    0x0800089c   0x0800089c   0x00000064   Code   RO          337    .text.BSP_LED_Init  stwin.o
    0x08000900   0x08000900   0x00000024   Code   RO          343    .text.BSP_LED_Off   stwin.o
    0x08000924   0x08000924   0x00000024   Code   RO          341    .text.BSP_LED_On    stwin.o
    0x08000948   0x08000948   0x0000000c   Code   RO           86    .text.DFSDM1_FLT0_IRQHandler  stm32xx_it.o
    0x08000954   0x08000954   0x0000000c   Code   RO           88    .text.DFSDM1_FLT1_IRQHandler  stm32xx_it.o
    0x08000960   0x08000960   0x0000009e   Code   RO          381    .text.DFSDM_ChannelMspInit  stwin_audio.o
    0x080009fe   0x080009fe   0x00000002   PAD
    0x08000a00   0x08000a00   0x0000000a   Code   RO         1134    .text.DFSDM_DMAError  stm32l4xx_hal_dfsdm.o
    0x08000a0a   0x08000a0a   0x00000002   PAD
    0x08000a0c   0x08000a0c   0x00000006   Code   RO         1132    .text.DFSDM_DMARegularConvCplt  stm32l4xx_hal_dfsdm.o
    0x08000a12   0x08000a12   0x00000002   PAD
    0x08000a14   0x08000a14   0x00000006   Code   RO         1136    .text.DFSDM_DMARegularHalfConvCplt  stm32l4xx_hal_dfsdm.o
    0x08000a1a   0x08000a1a   0x00000002   PAD
    0x08000a1c   0x08000a1c   0x000000c2   Code   RO          379    .text.DFSDM_FilterMspInit  stwin_audio.o
    0x08000ade   0x08000ade   0x00000002   PAD
    0x08000ae0   0x08000ae0   0x00000018   Code   RO         1062    .text.DFSDM_GetChannelFromInstance  stm32l4xx_hal_dfsdm.o
    0x08000af8   0x08000af8   0x00000060   Code   RO         1116    .text.DFSDM_RegConvStart  stm32l4xx_hal_dfsdm.o
    0x08000b58   0x08000b58   0x0000000e   Code   RO           80    .text.DMA1_Channel1_IRQHandler  stm32xx_it.o
    0x08000b66   0x08000b66   0x00000002   PAD
    0x08000b68   0x08000b68   0x0000000e   Code   RO           82    .text.DMA1_Channel4_IRQHandler  stm32xx_it.o
    0x08000b76   0x08000b76   0x00000002   PAD
    0x08000b78   0x08000b78   0x0000000c   Code   RO           84    .text.DMA1_Channel7_IRQHandler  stm32xx_it.o
    0x08000b84   0x08000b84   0x00000052   Code   RO         1215    .text.DMA_CalcDMAMUXChannelBaseAndMask  stm32l4xx_hal_dma.o
    0x08000bd6   0x08000bd6   0x00000002   PAD
    0x08000bd8   0x08000bd8   0x0000002c   Code   RO         1217    .text.DMA_CalcDMAMUXRequestGenBaseAndMask  stm32l4xx_hal_dma.o
    0x08000c04   0x08000c04   0x0000004c   Code   RO         1223    .text.DMA_SetConfig  stm32l4xx_hal_dma.o
    0x08000c50   0x08000c50   0x00000002   Code   RO           72    .text.DebugMon_Handler  stm32xx_it.o
    0x08000c52   0x08000c52   0x00000002   PAD
    0x08000c54   0x08000c54   0x0000007e   Code   RO          886    .text.HAL_ADCEx_Calibration_Start  stm32l4xx_hal_adc_ex.o
    0x08000cd2   0x08000cd2   0x00000002   PAD
    0x08000cd4   0x08000cd4   0x000000ec   Code   RO          437    .text.HAL_ADC_Audio_MspInit  stwin_audio.o
    0x08000dc0   0x08000dc0   0x000002ec   Code   RO          817    .text.HAL_ADC_ConfigChannel  stm32l4xx_hal_adc.o
    0x080010ac   0x080010ac   0x000001a0   Code   RO          747    .text.HAL_ADC_Init  stm32l4xx_hal_adc.o
    0x0800124c   0x0800124c   0x0000002a   Code   RO          317    .text.HAL_ADC_MspInit  stwin.o
    0x08001276   0x08001276   0x00000002   PAD
    0x08001278   0x08001278   0x00000084   Code   RO          775    .text.HAL_ADC_Start  stm32l4xx_hal_adc.o
    0x080012fc   0x080012fc   0x00000002   Code   RO         1078    .text.HAL_DFSDM_ChannelCkabCallback  stm32l4xx_hal_dfsdm.o
    0x080012fe   0x080012fe   0x00000002   PAD
    0x08001300   0x08001300   0x00000108   Code   RO         1060    .text.HAL_DFSDM_ChannelInit  stm32l4xx_hal_dfsdm.o
    0x08001408   0x08001408   0x00000002   Code   RO         1064    .text.HAL_DFSDM_ChannelMspInit  stm32l4xx_hal_dfsdm.o
    0x0800140a   0x0800140a   0x00000002   PAD
    0x0800140c   0x0800140c   0x00000002   Code   RO         1090    .text.HAL_DFSDM_ChannelScdCallback  stm32l4xx_hal_dfsdm.o
    0x0800140e   0x0800140e   0x00000002   PAD
    0x08001410   0x08001410   0x00000002   Code   RO         1190    .text.HAL_DFSDM_FilterAwdCallback  stm32l4xx_hal_dfsdm.o
    0x08001412   0x08001412   0x00000002   PAD
    0x08001414   0x08001414   0x0000005a   Code   RO         1108    .text.HAL_DFSDM_FilterConfigRegChannel  stm32l4xx_hal_dfsdm.o
    0x0800146e   0x0800146e   0x00000002   PAD
    0x08001470   0x08001470   0x00000002   Code   RO         1120    .text.HAL_DFSDM_FilterErrorCallback  stm32l4xx_hal_dfsdm.o
    0x08001472   0x08001472   0x00000002   PAD
    0x08001474   0x08001474   0x00000100   Code   RO         1100    .text.HAL_DFSDM_FilterInit  stm32l4xx_hal_dfsdm.o
    0x08001574   0x08001574   0x00000002   Code   RO         1188    .text.HAL_DFSDM_FilterInjConvCpltCallback  stm32l4xx_hal_dfsdm.o
    0x08001576   0x08001576   0x00000002   PAD
    0x08001578   0x08001578   0x00000002   Code   RO         1102    .text.HAL_DFSDM_FilterMspInit  stm32l4xx_hal_dfsdm.o
    0x0800157a   0x0800157a   0x00000002   PAD
    0x0800157c   0x0800157c   0x000001e8   Code   RO          427    .text.HAL_DFSDM_FilterRegConvCpltCallback  stwin_audio.o
    0x08001764   0x08001764   0x000001e0   Code   RO          431    .text.HAL_DFSDM_FilterRegConvHalfCpltCallback  stwin_audio.o
    0x08001944   0x08001944   0x0000009c   Code   RO         1130    .text.HAL_DFSDM_FilterRegularStart_DMA  stm32l4xx_hal_dfsdm.o
    0x080019e0   0x080019e0   0x000001a0   Code   RO         1184    .text.HAL_DFSDM_IRQHandler  stm32l4xx_hal_dfsdm.o
    0x08001b80   0x08001b80   0x000000c0   Code   RO         1219    .text.HAL_DMA_DeInit  stm32l4xx_hal_dma.o
    0x08001c40   0x08001c40   0x000000e0   Code   RO         1233    .text.HAL_DMA_IRQHandler  stm32l4xx_hal_dma.o
    0x08001d20   0x08001d20   0x000000f0   Code   RO         1213    .text.HAL_DMA_Init  stm32l4xx_hal_dma.o
    0x08001e10   0x08001e10   0x00000096   Code   RO         1225    .text.HAL_DMA_Start_IT  stm32l4xx_hal_dma.o
    0x08001ea6   0x08001ea6   0x00000002   PAD
    0x08001ea8   0x08001ea8   0x0000002c   Code   RO          683    .text.HAL_Delay     stm32l4xx_hal.o
    0x08001ed4   0x08001ed4   0x000001c2   Code   RO         1337    .text.HAL_GPIO_Init  stm32l4xx_hal_gpio.o
    0x08002096   0x08002096   0x00000002   PAD
    0x08002098   0x08002098   0x00000010   Code   RO         1343    .text.HAL_GPIO_WritePin  stm32l4xx_hal_gpio.o
    0x080020a8   0x080020a8   0x0000000c   Code   RO          675    .text.HAL_GetTick   stm32l4xx_hal.o
    0x080020b4   0x080020b4   0x0000001a   Code   RO          673    .text.HAL_IncTick   stm32l4xx_hal.o
    0x080020ce   0x080020ce   0x00000002   PAD
    0x080020d0   0x080020d0   0x00000030   Code   RO          663    .text.HAL_Init      stm32l4xx_hal.o
    0x08002100   0x08002100   0x00000058   Code   RO          665    .text.HAL_InitTick  stm32l4xx_hal.o
    0x08002158   0x08002158   0x00000002   Code   RO          667    .text.HAL_MspInit   stm32l4xx_hal.o
    0x0800215a   0x0800215a   0x00000002   PAD
    0x0800215c   0x0800215c   0x00000004   Code   RO          997    .text.HAL_NVIC_EnableIRQ  stm32l4xx_hal_cortex.o
    0x08002160   0x08002160   0x00000020   Code   RO          989    .text.HAL_NVIC_SetPriority  stm32l4xx_hal_cortex.o
    0x08002180   0x08002180   0x00000004   Code   RO          985    .text.HAL_NVIC_SetPriorityGrouping  stm32l4xx_hal_cortex.o
    0x08002184   0x08002184   0x00000026   Code   RO         1564    .text.HAL_PCDEx_ActivateLPM  stm32l4xx_hal_pcd_ex.o
    0x080021aa   0x080021aa   0x00000002   PAD
    0x080021ac   0x080021ac   0x00000002   Code   RO         1576    .text.HAL_PCDEx_LPM_Callback  stm32l4xx_hal_pcd_ex.o
    0x080021ae   0x080021ae   0x00000002   PAD
    0x080021b0   0x080021b0   0x00000008   Code   RO         1562    .text.HAL_PCDEx_SetRxFiFo  stm32l4xx_hal_pcd_ex.o
    0x080021b8   0x080021b8   0x00000054   Code   RO         1560    .text.HAL_PCDEx_SetTxFiFo  stm32l4xx_hal_pcd_ex.o
    0x0800220c   0x0800220c   0x00000008   Code   RO          155    .text.HAL_PCD_ConnectCallback  usbd_conf_l4.o
    0x08002214   0x08002214   0x00000012   Code   RO          141    .text.HAL_PCD_DataInStageCallback  usbd_conf_l4.o
    0x08002226   0x08002226   0x00000002   PAD
    0x08002228   0x08002228   0x00000014   Code   RO          139    .text.HAL_PCD_DataOutStageCallback  usbd_conf_l4.o
    0x0800223c   0x0800223c   0x00000008   Code   RO          157    .text.HAL_PCD_DisconnectCallback  usbd_conf_l4.o
    0x08002244   0x08002244   0x00000022   Code   RO          266    .text.HAL_PCD_EP_Abort  stm32l4xx_hal_pcd_patch.o
    0x08002266   0x08002266   0x00000002   PAD
    0x08002268   0x08002268   0x00000050   Code   RO          284    .text.HAL_PCD_EP_Close  stm32l4xx_hal_pcd_patch.o
    0x080022b8   0x080022b8   0x0000005c   Code   RO          294    .text.HAL_PCD_EP_ClrStall  stm32l4xx_hal_pcd_patch.o
    0x08002314   0x08002314   0x0000003a   Code   RO          296    .text.HAL_PCD_EP_Flush  stm32l4xx_hal_pcd_patch.o
    0x0800234e   0x0800234e   0x00000002   PAD
    0x08002350   0x08002350   0x00000066   Code   RO          282    .text.HAL_PCD_EP_Open  stm32l4xx_hal_pcd_patch.o
    0x080023b6   0x080023b6   0x00000002   PAD
    0x080023b8   0x080023b8   0x00000030   Code   RO          286    .text.HAL_PCD_EP_Receive  stm32l4xx_hal_pcd_patch.o
    0x080023e8   0x080023e8   0x0000006a   Code   RO          292    .text.HAL_PCD_EP_SetStall  stm32l4xx_hal_pcd_patch.o
    0x08002452   0x08002452   0x00000002   PAD
    0x08002454   0x08002454   0x0000002e   Code   RO          290    .text.HAL_PCD_EP_Transmit  stm32l4xx_hal_pcd_patch.o
    0x08002482   0x08002482   0x00000002   PAD
    0x08002484   0x08002484   0x000005b8   Code   RO          244    .text.HAL_PCD_IRQHandler  stm32l4xx_hal_pcd_patch.o
    0x08002a3c   0x08002a3c   0x00000008   Code   RO          153    .text.HAL_PCD_ISOINIncompleteCallback  usbd_conf_l4.o
    0x08002a44   0x08002a44   0x00000008   Code   RO          151    .text.HAL_PCD_ISOOUTIncompleteCallback  usbd_conf_l4.o
    0x08002a4c   0x08002a4c   0x00000142   Code   RO          232    .text.HAL_PCD_Init  stm32l4xx_hal_pcd_patch.o
    0x08002b8e   0x08002b8e   0x00000002   PAD
    0x08002b90   0x08002b90   0x00000082   Code   RO          133    .text.HAL_PCD_MspInit  usbd_conf_l4.o
    0x08002c12   0x08002c12   0x00000002   PAD
    0x08002c14   0x08002c14   0x0000001a   Code   RO          145    .text.HAL_PCD_ResetCallback  usbd_conf_l4.o
    0x08002c2e   0x08002c2e   0x00000002   PAD
    0x08002c30   0x08002c30   0x00000008   Code   RO          149    .text.HAL_PCD_ResumeCallback  usbd_conf_l4.o
    0x08002c38   0x08002c38   0x00000008   Code   RO          143    .text.HAL_PCD_SOFCallback  usbd_conf_l4.o
    0x08002c40   0x08002c40   0x00000030   Code   RO          280    .text.HAL_PCD_SetAddress  stm32l4xx_hal_pcd_patch.o
    0x08002c70   0x08002c70   0x0000000e   Code   RO          137    .text.HAL_PCD_SetupStageCallback  usbd_conf_l4.o
    0x08002c7e   0x08002c7e   0x00000002   PAD
    0x08002c80   0x08002c80   0x00000042   Code   RO          240    .text.HAL_PCD_Start  stm32l4xx_hal_pcd_patch.o
    0x08002cc2   0x08002cc2   0x00000002   PAD
    0x08002cc4   0x08002cc4   0x00000008   Code   RO          147    .text.HAL_PCD_SuspendCallback  usbd_conf_l4.o
    0x08002ccc   0x08002ccc   0x000000d2   Code   RO         1634    .text.HAL_PWREx_ControlVoltageScaling  stm32l4xx_hal_pwr_ex.o
    0x08002d9e   0x08002d9e   0x00000002   PAD
    0x08002da0   0x08002da0   0x00000012   Code   RO         1640    .text.HAL_PWREx_EnableVddUSB  stm32l4xx_hal_pwr_ex.o
    0x08002db2   0x08002db2   0x00000002   PAD
    0x08002db4   0x08002db4   0x00000026   Code   RO         1632    .text.HAL_PWREx_GetVoltageRange  stm32l4xx_hal_pwr_ex.o
    0x08002dda   0x08002dda   0x00000002   PAD
    0x08002ddc   0x08002ddc   0x00000012   Code   RO         1591    .text.HAL_PWR_EnableBkUpAccess  stm32l4xx_hal_pwr.o
    0x08002dee   0x08002dee   0x00000002   PAD
    0x08002df0   0x08002df0   0x000004a4   Code   RO         1772    .text.HAL_RCCEx_PeriphCLKConfig  stm32l4xx_hal_rcc_ex.o
    0x08003294   0x08003294   0x000001c6   Code   RO         1737    .text.HAL_RCC_ClockConfig  stm32l4xx_hal_rcc.o
    0x0800345a   0x0800345a   0x00000002   PAD
    0x0800345c   0x0800345c   0x0000000c   Code   RO         1743    .text.HAL_RCC_GetHCLKFreq  stm32l4xx_hal_rcc.o
    0x08003468   0x08003468   0x000000a8   Code   RO         1735    .text.HAL_RCC_GetSysClockFreq  stm32l4xx_hal_rcc.o
    0x08003510   0x08003510   0x00000054   Code   RO         1741    .text.HAL_RCC_MCOConfig  stm32l4xx_hal_rcc.o
    0x08003564   0x08003564   0x0000066a   Code   RO         1731    .text.HAL_RCC_OscConfig  stm32l4xx_hal_rcc.o
    0x08003bce   0x08003bce   0x00000002   PAD
    0x08003bd0   0x08003bd0   0x0000001a   Code   RO         1037    .text.HAL_SYSTICK_CLKSourceConfig  stm32l4xx_hal_cortex.o
    0x08003bea   0x08003bea   0x00000002   PAD
    0x08003bec   0x08003bec   0x00000004   Code   RO         1009    .text.HAL_SYSTICK_Config  stm32l4xx_hal_cortex.o
    0x08003bf0   0x08003bf0   0x00000002   Code   RO           68    .text.HardFault_Handler  stm32xx_it.o
    0x08003bf2   0x08003bf2   0x00000002   PAD
    0x08003bf4   0x08003bf4   0x0000002a   Code   RO           17    .text.Init_Acquisition_Peripherals  audio_application.o
    0x08003c1e   0x08003c1e   0x00000002   PAD
    0x08003c20   0x08003c20   0x00000014   Code   RO          873    .text.LL_ADC_Disable  stm32l4xx_hal_adc.o
    0x08003c34   0x08003c34   0x00000010   Code   RO          753    .text.LL_ADC_DisableDeepPowerDown  stm32l4xx_hal_adc.o
    0x08003c44   0x08003c44   0x00000014   Code   RO          871    .text.LL_ADC_Enable  stm32l4xx_hal_adc.o
    0x08003c58   0x08003c58   0x00000014   Code   RO          757    .text.LL_ADC_EnableInternalRegulator  stm32l4xx_hal_adc.o
    0x08003c6c   0x08003c6c   0x00000010   Code   RO          833    .text.LL_ADC_GetCommonPathInternalCh  stm32l4xx_hal_adc.o
    0x08003c7c   0x08003c7c   0x0000000c   Code   RO          827    .text.LL_ADC_GetOffsetChannel  stm32l4xx_hal_adc.o
    0x08003c88   0x08003c88   0x00000008   Code   RO          765    .text.LL_ADC_INJ_IsConversionOngoing  stm32l4xx_hal_adc.o
    0x08003c90   0x08003c90   0x00000006   Code   RO          890    .text.LL_ADC_IsCalibrationOnGoing  stm32l4xx_hal_adc_ex.o
    0x08003c96   0x08003c96   0x00000002   PAD
    0x08003c98   0x08003c98   0x00000008   Code   RO          751    .text.LL_ADC_IsDeepPowerDownEnabled  stm32l4xx_hal_adc.o
    0x08003ca0   0x08003ca0   0x00000008   Code   RO          865    .text.LL_ADC_IsDisableOngoing  stm32l4xx_hal_adc.o
    0x08003ca8   0x08003ca8   0x00000008   Code   RO          761    .text.LL_ADC_IsEnabled  stm32l4xx_hal_adc.o
    0x08003cb0   0x08003cb0   0x00000008   Code   RO          755    .text.LL_ADC_IsInternalRegulatorEnabled  stm32l4xx_hal_adc.o
    0x08003cb8   0x08003cb8   0x00000008   Code   RO          759    .text.LL_ADC_REG_IsConversionOngoing  stm32l4xx_hal_adc.o
    0x08003cc0   0x08003cc0   0x00000024   Code   RO          819    .text.LL_ADC_REG_SetSequencerRanks  stm32l4xx_hal_adc.o
    0x08003ce4   0x08003ce4   0x00000014   Code   RO          779    .text.LL_ADC_REG_StartConversion  stm32l4xx_hal_adc.o
    0x08003cf8   0x08003cf8   0x00000020   Code   RO          821    .text.LL_ADC_SetChannelSamplingTime  stm32l4xx_hal_adc.o
    0x08003d18   0x08003d18   0x00000034   Code   RO          831    .text.LL_ADC_SetChannelSingleDiff  stm32l4xx_hal_adc.o
    0x08003d4c   0x08003d4c   0x00000014   Code   RO          763    .text.LL_ADC_SetCommonClock  stm32l4xx_hal_adc.o
    0x08003d60   0x08003d60   0x00000014   Code   RO          835    .text.LL_ADC_SetCommonPathInternalCh  stm32l4xx_hal_adc.o
    0x08003d74   0x08003d74   0x00000020   Code   RO          825    .text.LL_ADC_SetOffset  stm32l4xx_hal_adc.o
    0x08003d94   0x08003d94   0x0000000e   Code   RO          829    .text.LL_ADC_SetOffsetState  stm32l4xx_hal_adc.o
    0x08003da2   0x08003da2   0x00000002   PAD
    0x08003da4   0x08003da4   0x0000000c   Code   RO          823    .text.LL_ADC_SetSamplingTimeCommonConfig  stm32l4xx_hal_adc.o
    0x08003db0   0x08003db0   0x0000001a   Code   RO          888    .text.LL_ADC_StartCalibration  stm32l4xx_hal_adc_ex.o
    0x08003dca   0x08003dca   0x00000002   PAD
    0x08003dcc   0x08003dcc   0x00000042   Code   RO          385    .text.MX_ADC1_Init  stwin_audio.o
    0x08003e0e   0x08003e0e   0x00000002   PAD
    0x08003e10   0x08003e10   0x00000156   Code   RO          383    .text.MX_DFSDM_Init  stwin_audio.o
    0x08003f66   0x08003f66   0x00000002   PAD
    0x08003f68   0x08003f68   0x00000002   Code   RO           66    .text.NMI_Handler   stm32xx_it.o
    0x08003f6a   0x08003f6a   0x00000002   PAD
    0x08003f6c   0x08003f6c   0x00000036   Code   RO          995    .text.NVIC_EncodePriority  stm32l4xx_hal_cortex.o
    0x08003fa2   0x08003fa2   0x00000002   PAD
    0x08003fa4   0x08003fa4   0x0000000c   Code   RO           78    .text.OTG_FS_IRQHandler  stm32xx_it.o
    0x08003fb0   0x08003fb0   0x00000030   Code   RO          248    .text.PCD_EP_OutSetupPacket_int  stm32l4xx_hal_pcd_patch.o
    0x08003fe0   0x08003fe0   0x00000042   Code   RO          246    .text.PCD_EP_OutXfrComplete_int  stm32l4xx_hal_pcd_patch.o
    0x08004022   0x08004022   0x00000002   PAD
    0x08004024   0x08004024   0x000000da   Code   RO          256    .text.PCD_WriteEmptyTxFifo  stm32l4xx_hal_pcd_patch.o
    0x080040fe   0x080040fe   0x00000002   PAD
    0x08004100   0x08004100   0x00000002   Code   RO           74    .text.PendSV_Handler  stm32xx_it.o
    0x08004102   0x08004102   0x00000002   PAD
    0x08004104   0x08004104   0x0000012e   Code   RO         1774    .text.RCCEx_PLLSAI1_Config  stm32l4xx_hal_rcc_ex.o
    0x08004232   0x08004232   0x00000002   PAD
    0x08004234   0x08004234   0x0000012e   Code   RO         1776    .text.RCCEx_PLLSAI2_Config  stm32l4xx_hal_rcc_ex.o
    0x08004362   0x08004362   0x00000002   PAD
    0x08004364   0x08004364   0x00000078   Code   RO         1739    .text.RCC_GetSysClockFreqFromPLLSource  stm32l4xx_hal_rcc.o
    0x080043dc   0x080043dc   0x00000086   Code   RO         1733    .text.RCC_SetFlashLatencyFromMSIRange  stm32l4xx_hal_rcc.o
    0x08004462   0x08004462   0x00000002   PAD
    0x08004464   0x08004464   0x00000002   Code   RO           70    .text.SVC_Handler   stm32xx_it.o
    0x08004466   0x08004466   0x00000002   PAD
    0x08004468   0x08004468   0x0000000a   Code   RO         2890    .text.SWAPBYTE      usbd_ctlreq.o
    0x08004472   0x08004472   0x00000002   PAD
    0x08004474   0x08004474   0x00000010   Code   RO          118    .text.Send_Audio_to_USB  usbd_audio_if.o
    0x08004484   0x08004484   0x00000012   Code   RO           21    .text.Start_Acquisition  audio_application.o
    0x08004496   0x08004496   0x00000002   PAD
    0x08004498   0x08004498   0x00000034   Code   RO         1011    .text.SysTick_Config  stm32l4xx_hal_cortex.o
    0x080044cc   0x080044cc   0x00000004   Code   RO           76    .text.SysTick_Handler  stm32xx_it.o
    0x080044d0   0x080044d0   0x000000d2   Code   RO           36    .text.SystemClock_Config  cube_hal_l4.o
    0x080045a2   0x080045a2   0x00000002   PAD
    0x080045a4   0x080045a4   0x00000012   Code   RO          644    .text.SystemInit    system_stm32l4xx.o
    0x080045b6   0x080045b6   0x00000002   PAD
    0x080045b8   0x080045b8   0x00000028   Code   RO          213    .text.USBD_AUDIO_ConfigStrDescriptor  usbd_desc.o
    0x080045e0   0x080045e0   0x000000e2   Code   RO         2760    .text.USBD_AUDIO_DataIn  usbd_audio_in.o
    0x080046c2   0x080046c2   0x00000002   PAD
    0x080046c4   0x080046c4   0x00000004   Code   RO         2762    .text.USBD_AUDIO_DataOut  usbd_audio_in.o
    0x080046c8   0x080046c8   0x000000f0   Code   RO         2774    .text.USBD_AUDIO_Data_Transfer  usbd_audio_in.o
    0x080047b8   0x080047b8   0x00000032   Code   RO         2752    .text.USBD_AUDIO_DeInit  usbd_audio_in.o
    0x080047ea   0x080047ea   0x00000002   PAD
    0x080047ec   0x080047ec   0x0000000e   Code   RO          203    .text.USBD_AUDIO_DeviceDescriptor  usbd_desc.o
    0x080047fa   0x080047fa   0x00000002   PAD
    0x080047fc   0x080047fc   0x00000040   Code   RO         2758    .text.USBD_AUDIO_EP0_RxReady  usbd_audio_in.o
    0x0800483c   0x0800483c   0x00000004   Code   RO         2756    .text.USBD_AUDIO_EP0_TxReady  usbd_audio_in.o
    0x08004840   0x08004840   0x0000000e   Code   RO         2770    .text.USBD_AUDIO_GetCfgDesc  usbd_audio_in.o
    0x0800484e   0x0800484e   0x00000002   PAD
    0x08004850   0x08004850   0x0000000e   Code   RO         2772    .text.USBD_AUDIO_GetDeviceQualifierDesc  usbd_audio_in.o
    0x0800485e   0x0800485e   0x00000002   PAD
    0x08004860   0x08004860   0x00000090   Code   RO         2750    .text.USBD_AUDIO_Init  usbd_audio_in.o
    0x080048f0   0x080048f0   0x0000026a   Code   RO         2778    .text.USBD_AUDIO_Init_Microphone_Descriptor  usbd_audio_in.o
    0x08004b5a   0x08004b5a   0x00000002   PAD
    0x08004b5c   0x08004b5c   0x00000028   Code   RO          215    .text.USBD_AUDIO_InterfaceStrDescriptor  usbd_desc.o
    0x08004b84   0x08004b84   0x00000004   Code   RO         2766    .text.USBD_AUDIO_IsoINIncomplete  usbd_audio_in.o
    0x08004b88   0x08004b88   0x00000004   Code   RO         2768    .text.USBD_AUDIO_IsoOutIncomplete  usbd_audio_in.o
    0x08004b8c   0x08004b8c   0x0000000e   Code   RO          205    .text.USBD_AUDIO_LangIDStrDescriptor  usbd_desc.o
    0x08004b9a   0x08004b9a   0x00000002   PAD
    0x08004b9c   0x08004b9c   0x0000002c   Code   RO          207    .text.USBD_AUDIO_ManufacturerStrDescriptor  usbd_desc.o
    0x08004bc8   0x08004bc8   0x0000006c   Code   RO          209    .text.USBD_AUDIO_ProductStrDescriptor  usbd_desc.o
    0x08004c34   0x08004c34   0x0000000e   Code   RO         2776    .text.USBD_AUDIO_RegisterInterface  usbd_audio_in.o
    0x08004c42   0x08004c42   0x00000002   PAD
    0x08004c44   0x08004c44   0x00000004   Code   RO         2764    .text.USBD_AUDIO_SOF  usbd_audio_in.o
    0x08004c48   0x08004c48   0x00000044   Code   RO          211    .text.USBD_AUDIO_SerialStrDescriptor  usbd_desc.o
    0x08004c8c   0x08004c8c   0x0000009c   Code   RO         2754    .text.USBD_AUDIO_Setup  usbd_audio_in.o
    0x08004d28   0x08004d28   0x00000012   Code   RO         2821    .text.USBD_ClrClassConfig  usbd_core.o
    0x08004d3a   0x08004d3a   0x00000002   PAD
    0x08004d3c   0x08004d3c   0x0000002a   Code   RO         2880    .text.USBD_ClrFeature  usbd_ctlreq.o
    0x08004d66   0x08004d66   0x00000002   PAD
    0x08004d68   0x08004d68   0x00000004   Code   RO         2829    .text.USBD_CoreFindEP  usbd_core.o
    0x08004d6c   0x08004d6c   0x00000004   Code   RO         2827    .text.USBD_CoreFindIF  usbd_core.o
    0x08004d70   0x08004d70   0x00000010   Code   RO         2914    .text.USBD_CtlContinueRx  usbd_ioreq.o
    0x08004d80   0x08004d80   0x00000010   Code   RO         2910    .text.USBD_CtlContinueSendData  usbd_ioreq.o
    0x08004d90   0x08004d90   0x00000016   Code   RO         2882    .text.USBD_CtlError  usbd_ctlreq.o
    0x08004da6   0x08004da6   0x00000002   PAD
    0x08004da8   0x08004da8   0x0000001a   Code   RO         2912    .text.USBD_CtlPrepareRx  usbd_ioreq.o
    0x08004dc2   0x08004dc2   0x00000002   PAD
    0x08004dc4   0x08004dc4   0x00000016   Code   RO         2918    .text.USBD_CtlReceiveStatus  usbd_ioreq.o
    0x08004dda   0x08004dda   0x00000002   PAD
    0x08004ddc   0x08004ddc   0x0000001a   Code   RO         2908    .text.USBD_CtlSendData  usbd_ioreq.o
    0x08004df6   0x08004df6   0x00000002   PAD
    0x08004df8   0x08004df8   0x00000016   Code   RO         2916    .text.USBD_CtlSendStatus  usbd_ioreq.o
    0x08004e0e   0x08004e0e   0x00000002   PAD
    0x08004e10   0x08004e10   0x0000003e   Code   RO         2874    .text.USBD_GetConfig  usbd_ctlreq.o
    0x08004e4e   0x08004e4e   0x00000002   PAD
    0x08004e50   0x08004e50   0x00000100   Code   RO         2868    .text.USBD_GetDescriptor  usbd_ctlreq.o
    0x08004f50   0x08004f50   0x00000022   Code   RO         2894    .text.USBD_GetLen   usbd_ctlreq.o
    0x08004f72   0x08004f72   0x00000002   PAD
    0x08004f74   0x08004f74   0x00000030   Code   RO         2876    .text.USBD_GetStatus  usbd_ctlreq.o
    0x08004fa4   0x08004fa4   0x00000054   Code   RO         2892    .text.USBD_GetString  usbd_ctlreq.o
    0x08004ff8   0x08004ff8   0x0000002e   Code   RO         2807    .text.USBD_Init     usbd_core.o
    0x08005026   0x08005026   0x00000002   PAD
    0x08005028   0x08005028   0x0000000e   Code   RO          177    .text.USBD_LL_ClearStallEP  usbd_conf_l4.o
    0x08005036   0x08005036   0x00000002   PAD
    0x08005038   0x08005038   0x0000000e   Code   RO          171    .text.USBD_LL_CloseEP  usbd_conf_l4.o
    0x08005046   0x08005046   0x00000002   PAD
    0x08005048   0x08005048   0x000000b8   Code   RO         2831    .text.USBD_LL_DataInStage  usbd_core.o
    0x08005100   0x08005100   0x0000008a   Code   RO         2825    .text.USBD_LL_DataOutStage  usbd_core.o
    0x0800518a   0x0800518a   0x00000002   PAD
    0x0800518c   0x0800518c   0x00000004   Code   RO         2847    .text.USBD_LL_DevConnected  usbd_core.o
    0x08005190   0x08005190   0x00000022   Code   RO         2849    .text.USBD_LL_DevDisconnected  usbd_core.o
    0x080051b2   0x080051b2   0x00000002   PAD
    0x080051b4   0x080051b4   0x0000000e   Code   RO          173    .text.USBD_LL_FlushEP  usbd_conf_l4.o
    0x080051c2   0x080051c2   0x00000002   PAD
    0x080051c4   0x080051c4   0x0000005e   Code   RO          159    .text.USBD_LL_Init  usbd_conf_l4.o
    0x08005222   0x08005222   0x00000002   PAD
    0x08005224   0x08005224   0x00000022   Code   RO          179    .text.USBD_LL_IsStallEP  usbd_conf_l4.o
    0x08005246   0x08005246   0x00000002   PAD
    0x08005248   0x08005248   0x0000003c   Code   RO         2843    .text.USBD_LL_IsoINIncomplete  usbd_core.o
    0x08005284   0x08005284   0x0000003c   Code   RO         2845    .text.USBD_LL_IsoOUTIncomplete  usbd_core.o
    0x080052c0   0x080052c0   0x00000014   Code   RO          169    .text.USBD_LL_OpenEP  usbd_conf_l4.o
    0x080052d4   0x080052d4   0x0000000e   Code   RO          185    .text.USBD_LL_PrepareReceive  usbd_conf_l4.o
    0x080052e2   0x080052e2   0x00000002   PAD
    0x080052e4   0x080052e4   0x00000064   Code   RO         2833    .text.USBD_LL_Reset  usbd_core.o
    0x08005348   0x08005348   0x00000016   Code   RO         2839    .text.USBD_LL_Resume  usbd_core.o
    0x0800535e   0x0800535e   0x00000002   PAD
    0x08005360   0x08005360   0x00000022   Code   RO         2841    .text.USBD_LL_SOF   usbd_core.o
    0x08005382   0x08005382   0x00000002   PAD
    0x08005384   0x08005384   0x00000006   Code   RO         2835    .text.USBD_LL_SetSpeed  usbd_core.o
    0x0800538a   0x0800538a   0x00000002   PAD
    0x0800538c   0x0800538c   0x0000000e   Code   RO          181    .text.USBD_LL_SetUSBAddress  usbd_conf_l4.o
    0x0800539a   0x0800539a   0x00000002   PAD
    0x0800539c   0x0800539c   0x00000060   Code   RO         2823    .text.USBD_LL_SetupStage  usbd_core.o
    0x080053fc   0x080053fc   0x0000000e   Code   RO          175    .text.USBD_LL_StallEP  usbd_conf_l4.o
    0x0800540a   0x0800540a   0x00000002   PAD
    0x0800540c   0x0800540c   0x0000000e   Code   RO          165    .text.USBD_LL_Start  usbd_conf_l4.o
    0x0800541a   0x0800541a   0x00000002   PAD
    0x0800541c   0x0800541c   0x0000001e   Code   RO         2837    .text.USBD_LL_Suspend  usbd_core.o
    0x0800543a   0x0800543a   0x00000002   PAD
    0x0800543c   0x0800543c   0x0000000e   Code   RO          183    .text.USBD_LL_Transmit  usbd_conf_l4.o
    0x0800544a   0x0800544a   0x00000002   PAD
    0x0800544c   0x0800544c   0x00000028   Code   RO         2888    .text.USBD_ParseSetupRequest  usbd_ctlreq.o
    0x08005474   0x08005474   0x00000042   Code   RO         2811    .text.USBD_RegisterClass  usbd_core.o
    0x080054b6   0x080054b6   0x00000002   PAD
    0x080054b8   0x080054b8   0x00000048   Code   RO         2870    .text.USBD_SetAddress  usbd_ctlreq.o
    0x08005500   0x08005500   0x00000010   Code   RO         2819    .text.USBD_SetClassConfig  usbd_core.o
    0x08005510   0x08005510   0x000000b4   Code   RO         2872    .text.USBD_SetConfig  usbd_ctlreq.o
    0x080055c4   0x080055c4   0x0000002c   Code   RO         2878    .text.USBD_SetFeature  usbd_ctlreq.o
    0x080055f0   0x080055f0   0x00000004   Code   RO         2813    .text.USBD_Start    usbd_core.o
    0x080055f4   0x080055f4   0x0000007a   Code   RO         2866    .text.USBD_StdDevReq  usbd_ctlreq.o
    0x0800566e   0x0800566e   0x00000002   PAD
    0x08005670   0x08005670   0x0000018c   Code   RO         2886    .text.USBD_StdEPReq  usbd_ctlreq.o
    0x080057fc   0x080057fc   0x0000007a   Code   RO         2884    .text.USBD_StdItfReq  usbd_ctlreq.o
    0x08005876   0x08005876   0x00000002   PAD
    0x08005878   0x08005878   0x00000092   Code   RO         2466    .text.USB_ActivateEndpoint  stm32l4xx_ll_usb.o
    0x0800590a   0x0800590a   0x00000002   PAD
    0x0800590c   0x0800590c   0x0000001e   Code   RO         2508    .text.USB_ActivateSetup  stm32l4xx_ll_usb.o
    0x0800592a   0x0800592a   0x00000002   PAD
    0x0800592c   0x0800592c   0x00000026   Code   RO         2442    .text.USB_CoreInit  stm32l4xx_ll_usb.o
    0x08005952   0x08005952   0x00000002   PAD
    0x08005954   0x08005954   0x00000054   Code   RO         2444    .text.USB_CoreReset  stm32l4xx_ll_usb.o
    0x080059a8   0x080059a8   0x000000a4   Code   RO         2470    .text.USB_DeactivateEndpoint  stm32l4xx_ll_usb.o
    0x08005a4c   0x08005a4c   0x0000001c   Code   RO         2490    .text.USB_DevConnect  stm32l4xx_ll_usb.o
    0x08005a68   0x08005a68   0x0000001c   Code   RO         2492    .text.USB_DevDisconnect  stm32l4xx_ll_usb.o
    0x08005a84   0x08005a84   0x0000013a   Code   RO         2456    .text.USB_DevInit   stm32l4xx_ll_usb.o
    0x08005bbe   0x08005bbe   0x00000002   PAD
    0x08005bc0   0x08005bc0   0x0000000c   Code   RO         2450    .text.USB_DisableGlobalInt  stm32l4xx_ll_usb.o
    0x08005bcc   0x08005bcc   0x00000044   Code   RO         2510    .text.USB_EP0_OutStart  stm32l4xx_ll_usb.o
    0x08005c10   0x08005c10   0x0000004e   Code   RO         2484    .text.USB_EPClearStall  stm32l4xx_ll_usb.o
    0x08005c5e   0x08005c5e   0x00000002   PAD
    0x08005c60   0x08005c60   0x00000046   Code   RO         2482    .text.USB_EPSetStall  stm32l4xx_ll_usb.o
    0x08005ca6   0x08005ca6   0x00000002   PAD
    0x08005ca8   0x08005ca8   0x00000174   Code   RO         2474    .text.USB_EPStartXfer  stm32l4xx_ll_usb.o
    0x08005e1c   0x08005e1c   0x00000096   Code   RO         2478    .text.USB_EPStopXfer  stm32l4xx_ll_usb.o
    0x08005eb2   0x08005eb2   0x00000002   PAD
    0x08005eb4   0x08005eb4   0x0000000c   Code   RO         2448    .text.USB_EnableGlobalInt  stm32l4xx_ll_usb.o
    0x08005ec0   0x08005ec0   0x00000050   Code   RO         2462    .text.USB_FlushRxFifo  stm32l4xx_ll_usb.o
    0x08005f10   0x08005f10   0x00000054   Code   RO         2460    .text.USB_FlushTxFifo  stm32l4xx_ll_usb.o
    0x08005f64   0x08005f64   0x00000016   Code   RO         2464    .text.USB_GetDevSpeed  stm32l4xx_ll_usb.o
    0x08005f7a   0x08005f7a   0x00000002   PAD
    0x08005f7c   0x08005f7c   0x00000008   Code   RO         2454    .text.USB_GetMode   stm32l4xx_ll_usb.o
    0x08005f84   0x08005f84   0x0000000e   Code   RO         2500    .text.USB_ReadDevAllInEpInterrupt  stm32l4xx_ll_usb.o
    0x08005f92   0x08005f92   0x00000002   PAD
    0x08005f94   0x08005f94   0x0000000e   Code   RO         2498    .text.USB_ReadDevAllOutEpInterrupt  stm32l4xx_ll_usb.o
    0x08005fa2   0x08005fa2   0x00000002   PAD
    0x08005fa4   0x08005fa4   0x00000024   Code   RO         2504    .text.USB_ReadDevInEPInterrupt  stm32l4xx_ll_usb.o
    0x08005fc8   0x08005fc8   0x00000010   Code   RO         2502    .text.USB_ReadDevOutEPInterrupt  stm32l4xx_ll_usb.o
    0x08005fd8   0x08005fd8   0x00000008   Code   RO         2494    .text.USB_ReadInterrupts  stm32l4xx_ll_usb.o
    0x08005fe0   0x08005fe0   0x0000005c   Code   RO         2480    .text.USB_ReadPacket  stm32l4xx_ll_usb.o
    0x0800603c   0x0800603c   0x0000006a   Code   RO         2452    .text.USB_SetCurrentMode  stm32l4xx_ll_usb.o
    0x080060a6   0x080060a6   0x00000002   PAD
    0x080060a8   0x080060a8   0x00000022   Code   RO         2488    .text.USB_SetDevAddress  stm32l4xx_ll_usb.o
    0x080060ca   0x080060ca   0x00000002   PAD
    0x080060cc   0x080060cc   0x0000000e   Code   RO         2458    .text.USB_SetDevSpeed  stm32l4xx_ll_usb.o
    0x080060da   0x080060da   0x00000002   PAD
    0x080060dc   0x080060dc   0x00000114   Code   RO         2446    .text.USB_SetTurnaroundTime  stm32l4xx_ll_usb.o
    0x080061f0   0x080061f0   0x00000028   Code   RO         2476    .text.USB_WritePacket  stm32l4xx_ll_usb.o
    0x08006218   0x08006218   0x00000024   Code   RO          999    .text.__NVIC_EnableIRQ  stm32l4xx_hal_cortex.o
    0x0800623c   0x0800623c   0x00000010   Code   RO          991    .text.__NVIC_GetPriorityGrouping  stm32l4xx_hal_cortex.o
    0x0800624c   0x0800624c   0x0000000e   Code   RO          161    .text.__NVIC_SetPriority  usbd_conf_l4.o
    0x0800625a   0x0800625a   0x00000002   PAD
    0x0800625c   0x0800625c   0x00000022   Code   RO          993    .text.__NVIC_SetPriority  stm32l4xx_hal_cortex.o
    0x0800627e   0x0800627e   0x00000002   PAD
    0x08006280   0x08006280   0x00000020   Code   RO          987    .text.__NVIC_SetPriorityGrouping  stm32l4xx_hal_cortex.o
    0x080062a0   0x080062a0   0x0000009e   Code   RO           49    .text.main          main.o
    0x0800633e   0x0800633e   0x0000000e   Code   RO         2995    i.__scatterload_copy  mc_w.l(handlers.o)
    0x0800634c   0x0800634c   0x00000002   Code   RO         2996    i.__scatterload_null  mc_w.l(handlers.o)
    0x0800634e   0x0800634e   0x0000000e   Code   RO         2997    i.__scatterload_zeroinit  mc_w.l(handlers.o)
    0x0800635c   0x0800635c   0x00000050   Code   RO         2943    i.free              mc_w.l(malloc.o)
    0x080063ac   0x080063ac   0x0000006c   Code   RO         2944    i.malloc            mc_w.l(malloc.o)
    0x08006418   0x08006418   0x00000010   Data   RO          649    .rodata.AHBPrescTable  system_stm32l4xx.o
    0x08006428   0x08006428   0x00000030   Data   RO          651    .rodata.MSIRangeTable  system_stm32l4xx.o
    0x08006458   0x08006458   0x00000008   Data   RO          364    .rodata.cst8        stwin.o
    0x08006460   0x08006460   0x00000082   Data   RO          121    .rodata.vol_table   usbd_audio_if.o
    0x080064e2   0x080064e2   0x00000002   PAD
    0x080064e4   0x080064e4   0x00000020   Data   RO         2993    Region$$Table       anon$$obj.o


    Execution Region RW_IRAM1 (Exec base: 0x20000000, Load base: 0x08006508, Size: 0x00005cc0, Max: 0x000a0000, ABSOLUTE)

    Exec Addr    Load Addr    Size         Type   Attr      Idx    E Section Name        Object

    0x20000000   0x08006508   0x00000004   Data   RW         2989    .data               mc_w.l(mvars.o)
    0x20000004   0x0800650c   0x00000004   Data   RW         2990    .data               mc_w.l(mvars.o)
    0x20000008   0x08006510   0x0000001c   Data   RW          217    .data.AUDIO_Desc    usbd_desc.o
    0x20000024   0x0800652c   0x00000004   Data   RW          648    .data.SystemCoreClock  system_stm32l4xx.o
    0x20000028   0x08006530   0x00000038   Data   RW         2790    .data.USBD_AUDIO    usbd_audio_in.o
    0x20000060   0x08006568   0x0000000a   Data   RW         2795    .data.USBD_AUDIO_DeviceQualifierDesc  usbd_audio_in.o
    0x2000006a   0x08006572   0x00000002   PAD
    0x2000006c   0x08006574   0x00000024   Data   RW          120    .data.USBD_AUDIO_fops  usbd_audio_if.o
    0x20000090   0x08006598   0x00000004   Data   RW          219    .data.USBD_LangIDDesc  usbd_desc.o
    0x20000094   0x0800659c   0x00000012   Data   RW          218    .data.hUSBDDeviceDesc  usbd_desc.o
    0x200000a6   0x080065ae   0x00000001   Data   RW          734    .data.uwTickFreq    stm32l4xx_hal.o
    0x200000a7   0x080065af   0x00000001   PAD
    0x200000a8   0x080065b0   0x00000004   Data   RW          733    .data.uwTickPrio    stm32l4xx_hal.o
    0x200000ac   0x080065b4   0x00000004   PAD
    0x200000b0        -       0x00000068   Zero   RW          360    .bss.ADC1_Handle    stwin.o
    0x20000118        -       0x00000001   Zero   RW          359    .bss.ADC_UsedFor    stwin.o
    0x20000119   0x080065b4   0x00000003   PAD
    0x2000011c        -       0x00000038   Zero   RW          443    .bss.AMic_OnBoard_DfsdmChannel  stwin_audio.o
    0x20000154        -       0x00000054   Zero   RW          442    .bss.AMic_OnBoard_DfsdmFilter  stwin_audio.o
    0x200001a8        -       0x00000060   Zero   RW          446    .bss.AMic_OnBoard_Dma  stwin_audio.o
    0x20000208        -       0x00000098   Zero   RW          439    .bss.AudioInCtx     stwin_audio.o
    0x200002a0        -       0x00000600   Zero   RW          444    .bss.DFSDM_OUT      stwin_audio.o
    0x200008a0        -       0x00000038   Zero   RW          440    .bss.DMic_OnBoard_DfsdmChannel  stwin_audio.o
    0x200008d8        -       0x00000054   Zero   RW          441    .bss.DMic_OnBoard_DfsdmFilter  stwin_audio.o
    0x2000092c        -       0x00000060   Zero   RW          447    .bss.DMic_OnBoard_Dma  stwin_audio.o
    0x2000098c        -       0x00000060   Zero   RW          449    .bss.HAL_ADC_Audio_MspInit.DmaHandle  stwin_audio.o
    0x200009ec        -       0x00000004   Zero   RW          448    .bss.HAL_ADC_Counter  stwin_audio.o
    0x200009f0        -       0x00000180   Zero   RW         2793    .bss.IsocInBuffDummy  usbd_audio_in.o
    0x20000b70        -       0x00000014   Zero   RW           24    .bss.MicParams      audio_application.o
    0x20000b84        -       0x00000180   Zero   RW           23    .bss.PCM_Buffer     audio_application.o
    0x20000d04        -       0x00000600   Zero   RW          445    .bss.RecBuff        stwin_audio.o
    0x20001304        -       0x00000076   Zero   RW         2792    .bss.USBD_AUDIO_CfgDesc  usbd_audio_in.o
    0x2000137a        -       0x00000001   Zero   RW         2896    .bss.USBD_SetConfig.cfgidx  usbd_ctlreq.o
    0x2000137b   0x080065b4   0x00000001   PAD
    0x2000137c        -       0x000000c8   Zero   RW          220    .bss.USBD_StrDesc   usbd_desc.o
    0x20001444        -       0x00000002   Zero   RW         2794    .bss.VOL_CUR        usbd_audio_in.o
    0x20001446   0x080065b4   0x00000002   PAD
    0x20001448        -       0x00000020   Zero   RW         1200    .bss.a_dfsdm1ChannelHandle  stm32l4xx_hal_dfsdm.o
    0x20001468        -       0x000002dc   Zero   RW           51    .bss.hUSBDDevice    main.o
    0x20001744        -       0x00000064   Zero   RW         2791    .bss.haudioInstance  usbd_audio_in.o
    0x200017a8        -       0x0000050c   Zero   RW          191    .bss.hpcd           usbd_conf_l4.o
    0x20001cb4        -       0x00000004   Zero   RW          735    .bss.uwTick         stm32l4xx_hal.o
    0x20001cb8        -       0x00000004   Zero   RW         1201    .bss.v_dfsdm1ChannelCounter  stm32l4xx_hal_dfsdm.o
    0x20001cbc   0x080065b4   0x00000004   PAD
    0x20001cc0        -       0x00002000   Zero   RW            2    HEAP                startup_stm32l4r9xx.o
    0x20003cc0        -       0x00002000   Zero   RW            1    STACK               startup_stm32l4r9xx.o


==============================================================================

Image component sizes


      Code (inc. data)   RO Data    RW Data    ZI Data      Debug   Object Name

       106          0          0          0        404       2189   audio_application.o
       210          0          0          0          0       6241   cube_hal_l4.o
       158          0          0          0        732       8438   main.o
        36          8        444          0      16384        888   startup_stm32l4r9xx.o
       220          0          0          5          4      10501   stm32l4xx_hal.o
      2046         16          0          0          0      22124   stm32l4xx_hal_adc.o
       158          0          0          0          0      17624   stm32l4xx_hal_adc_ex.o
       294          0          0          0          0      10938   stm32l4xx_hal_cortex.o
      1338          0          0          0         36      25296   stm32l4xx_hal_dfsdm.o
      1008          0          0          0          0       8080   stm32l4xx_hal_dma.o
       466          0          0          0          0       5669   stm32l4xx_hal_gpio.o
       132          0          0          0          0       6307   stm32l4xx_hal_pcd_ex.o
      2798          0          0          0          0      14809   stm32l4xx_hal_pcd_patch.o
        18          0          0          0          0       6036   stm32l4xx_hal_pwr.o
       266          0          0          0          0      10199   stm32l4xx_hal_pwr_ex.o
      2614          0          0          0          0      10719   stm32l4xx_hal_rcc.o
      1792         12          0          0          0      16810   stm32l4xx_hal_rcc_ex.o
      2438          0          0          0          0      21163   stm32l4xx_ll_usb.o
        90          0          0          0          0       1636   stm32xx_it.o
       342         12          8          0        105      15594   stwin.o
      2772          0          0          0       3796      23222   stwin_audio.o
        18          0         64          4          0       3268   system_stm32l4xx.o
       112          0        130         36          0       2902   usbd_audio_if.o
      1702          4          0         66        604      10981   usbd_audio_in.o
       538          0          0          0       1292      16082   usbd_conf_l4.o
       926          0          0          0          0       9877   usbd_core.o
      1534         24          0          0          1       8879   usbd_ctlreq.o
       328        156          0         50        200       3161   usbd_desc.o
       128          0          0          0          0       4983   usbd_ioreq.o

    ----------------------------------------------------------------------
     24834        232        680        164      23572     304616   Object Totals
         0          0         32          0          0          0   (incl. Generated)
       246          0          2          3         14          0   (incl. Padding)

    ----------------------------------------------------------------------

      Code (inc. data)   RO Data    RW Data    ZI Data      Debug   Library Member Name

         0          0          0          0          0          0   entry.o
         0          0          0          0          0          0   entry10a.o
         0          0          0          0          0          0   entry11a.o
         8          4          0          0          0          0   entry2.o
         4          0          0          0          0          0   entry5.o
         0          0          0          0          0          0   entry7b.o
         0          0          0          0          0          0   entry8b.o
         8          4          0          0          0          0   entry9a.o
        30          0          0          0          0          0   handlers.o
        36          8          0          0          0         68   init.o
       188         20          0          0          0        160   malloc.o
        36          0          0          0          0         68   memcpya.o
        36          0          0          0          0        108   memseta.o
         0          0          0          8          0          0   mvars.o

    ----------------------------------------------------------------------
       346         36          0          8          0        404   Library Totals
         0          0          0          0          0          0   (incl. Padding)

    ----------------------------------------------------------------------

      Code (inc. data)   RO Data    RW Data    ZI Data      Debug   Library Name

       346         36          0          8          0        404   mc_w.l

    ----------------------------------------------------------------------
       346         36          0          8          0        404   Library Totals

    ----------------------------------------------------------------------

==============================================================================


      Code (inc. data)   RO Data    RW Data    ZI Data      Debug   

     25180        268        680        172      23572     304636   Grand Totals
     25180        268        680        172      23572     304636   ELF Image Totals
     25180        268        680        172          0          0   ROM Totals

==============================================================================

    Total RO  Size (Code + RO Data)                25860 (  25.25kB)
    Total RW  Size (RW Data + ZI Data)             23744 (  23.19kB)
    Total ROM Size (Code + RO Data + RW Data)      26032 (  25.42kB)

==============================================================================

