D:/stm32cube/STM32CubeExpansion_MEMSMIC1_V5.9.0/Projects/STM32L4R9ZI-STWIN/Demonstration/Microphones_Streaming/STM32CubeIDE/syscalls.c:48:6:initialise_monitor_handles	4	static
D:/stm32cube/STM32CubeExpansion_MEMSMIC1_V5.9.0/Projects/STM32L4R9ZI-STWIN/Demonstration/Microphones_Streaming/STM32CubeIDE/syscalls.c:52:5:_getpid	4	static
D:/stm32cube/STM32CubeExpansion_MEMSMIC1_V5.9.0/Projects/STM32L4R9ZI-STWIN/Demonstration/Microphones_Streaming/STM32CubeIDE/syscalls.c:57:5:_kill	16	static
D:/stm32cube/STM32CubeExpansion_MEMSMIC1_V5.9.0/Projects/STM32L4R9ZI-STWIN/Demonstration/Microphones_Streaming/STM32CubeIDE/syscalls.c:63:6:_exit	16	static
D:/stm32cube/STM32CubeExpansion_MEMSMIC1_V5.9.0/Projects/STM32L4R9ZI-STWIN/Demonstration/Microphones_Streaming/STM32CubeIDE/syscalls.c:69:27:_read	32	static
D:/stm32cube/STM32CubeExpansion_MEMSMIC1_V5.9.0/Projects/STM32L4R9ZI-STWIN/Demonstration/Microphones_Streaming/STM32CubeIDE/syscalls.c:81:27:_write	32	static
D:/stm32cube/STM32CubeExpansion_MEMSMIC1_V5.9.0/Projects/STM32L4R9ZI-STWIN/Demonstration/Microphones_Streaming/STM32CubeIDE/syscalls.c:92:9:_sbrk	24	static
D:/stm32cube/STM32CubeExpansion_MEMSMIC1_V5.9.0/Projects/STM32L4R9ZI-STWIN/Demonstration/Microphones_Streaming/STM32CubeIDE/syscalls.c:117:5:_close	16	static
D:/stm32cube/STM32CubeExpansion_MEMSMIC1_V5.9.0/Projects/STM32L4R9ZI-STWIN/Demonstration/Microphones_Streaming/STM32CubeIDE/syscalls.c:123:5:_fstat	16	static
D:/stm32cube/STM32CubeExpansion_MEMSMIC1_V5.9.0/Projects/STM32L4R9ZI-STWIN/Demonstration/Microphones_Streaming/STM32CubeIDE/syscalls.c:129:5:_isatty	16	static
D:/stm32cube/STM32CubeExpansion_MEMSMIC1_V5.9.0/Projects/STM32L4R9ZI-STWIN/Demonstration/Microphones_Streaming/STM32CubeIDE/syscalls.c:134:5:_lseek	24	static
D:/stm32cube/STM32CubeExpansion_MEMSMIC1_V5.9.0/Projects/STM32L4R9ZI-STWIN/Demonstration/Microphones_Streaming/STM32CubeIDE/syscalls.c:139:5:_open	12	static
D:/stm32cube/STM32CubeExpansion_MEMSMIC1_V5.9.0/Projects/STM32L4R9ZI-STWIN/Demonstration/Microphones_Streaming/STM32CubeIDE/syscalls.c:145:5:_wait	16	static
D:/stm32cube/STM32CubeExpansion_MEMSMIC1_V5.9.0/Projects/STM32L4R9ZI-STWIN/Demonstration/Microphones_Streaming/STM32CubeIDE/syscalls.c:151:5:_unlink	16	static
D:/stm32cube/STM32CubeExpansion_MEMSMIC1_V5.9.0/Projects/STM32L4R9ZI-STWIN/Demonstration/Microphones_Streaming/STM32CubeIDE/syscalls.c:157:5:_times	16	static
D:/stm32cube/STM32CubeExpansion_MEMSMIC1_V5.9.0/Projects/STM32L4R9ZI-STWIN/Demonstration/Microphones_Streaming/STM32CubeIDE/syscalls.c:162:5:_stat	16	static
D:/stm32cube/STM32CubeExpansion_MEMSMIC1_V5.9.0/Projects/STM32L4R9ZI-STWIN/Demonstration/Microphones_Streaming/STM32CubeIDE/syscalls.c:168:5:_link	16	static
D:/stm32cube/STM32CubeExpansion_MEMSMIC1_V5.9.0/Projects/STM32L4R9ZI-STWIN/Demonstration/Microphones_Streaming/STM32CubeIDE/syscalls.c:174:5:_fork	8	static
D:/stm32cube/STM32CubeExpansion_MEMSMIC1_V5.9.0/Projects/STM32L4R9ZI-STWIN/Demonstration/Microphones_Streaming/STM32CubeIDE/syscalls.c:180:5:_execve	24	static
