D:/stm32cube/STM32CubeExpansion_MEMSMIC1_V5.9.0/Projects/STM32L4R9ZI-STWIN/Demonstration/micophone/Src/usbd_audio_if.c:85:15:Audio_Init	24	static
D:/stm32cube/STM32CubeExpansion_MEMSMIC1_V5.9.0/Projects/STM32L4R9ZI-STWIN/Demonstration/micophone/Src/usbd_audio_if.c:105:15:Audio_DeInit	16	static
D:/stm32cube/STM32CubeExpansion_MEMSMIC1_V5.9.0/Projects/STM32L4R9ZI-STWIN/Demonstration/micophone/Src/usbd_audio_if.c:118:15:Audio_Record	4	static
D:/stm32cube/STM32CubeExpansion_MEMSMIC1_V5.9.0/Projects/STM32L4R9ZI-STWIN/Demonstration/micophone/Src/usbd_audio_if.c:132:15:Audio_VolumeCtl	24	static
D:/stm32cube/STM32CubeExpansion_MEMSMIC1_V5.9.0/Projects/STM32L4R9ZI-STWIN/Demonstration/micophone/Src/usbd_audio_if.c:153:15:Audio_MuteCtl	16	static
D:/stm32cube/STM32CubeExpansion_MEMSMIC1_V5.9.0/Projects/STM32L4R9ZI-STWIN/Demonstration/micophone/Src/usbd_audio_if.c:164:15:Audio_Stop	4	static
D:/stm32cube/STM32CubeExpansion_MEMSMIC1_V5.9.0/Projects/STM32L4R9ZI-STWIN/Demonstration/micophone/Src/usbd_audio_if.c:179:15:Audio_Pause	4	static
D:/stm32cube/STM32CubeExpansion_MEMSMIC1_V5.9.0/Projects/STM32L4R9ZI-STWIN/Demonstration/micophone/Src/usbd_audio_if.c:190:15:Audio_Resume	4	static
D:/stm32cube/STM32CubeExpansion_MEMSMIC1_V5.9.0/Projects/STM32L4R9ZI-STWIN/Demonstration/micophone/Src/usbd_audio_if.c:201:15:Audio_CommandMgr	16	static
D:/stm32cube/STM32CubeExpansion_MEMSMIC1_V5.9.0/Projects/STM32L4R9ZI-STWIN/Demonstration/micophone/Src/usbd_audio_if.c:215:6:Send_Audio_to_USB	16	static
