Archive member included to satisfy reference by file (symbol)

D:/stm32cube/STM32CubeIDE_2.2.0/STM32CubeIDE/plugins/com.st.stm32cube.ide.mcu.externaltools.gnu-tools-for-stm32.14.3.rel1.win32_1.0.100.202602081740/tools/bin/../lib/gcc/arm-none-eabi/14.3.1/../../../../arm-none-eabi/lib/thumb/v7e-m+fp/softfp\libc_nano.a(libc_a-exit.o)
                              D:/stm32cube/STM32CubeIDE_2.2.0/STM32CubeIDE/plugins/com.st.stm32cube.ide.mcu.externaltools.gnu-tools-for-stm32.14.3.rel1.win32_1.0.100.202602081740/tools/bin/../lib/gcc/arm-none-eabi/14.3.1/../../../../arm-none-eabi/lib/thumb/v7e-m+fp/softfp/crt0.o (exit)
D:/stm32cube/STM32CubeIDE_2.2.0/STM32CubeIDE/plugins/com.st.stm32cube.ide.mcu.externaltools.gnu-tools-for-stm32.14.3.rel1.win32_1.0.100.202602081740/tools/bin/../lib/gcc/arm-none-eabi/14.3.1/../../../../arm-none-eabi/lib/thumb/v7e-m+fp/softfp\libc_nano.a(libc_a-malloc.o)
                              ./Middlewares/STM32_USBD_Library/Class/AUDIO_IN/usbd_audio_in.o (malloc)
D:/stm32cube/STM32CubeIDE_2.2.0/STM32CubeIDE/plugins/com.st.stm32cube.ide.mcu.externaltools.gnu-tools-for-stm32.14.3.rel1.win32_1.0.100.202602081740/tools/bin/../lib/gcc/arm-none-eabi/14.3.1/../../../../arm-none-eabi/lib/thumb/v7e-m+fp/softfp\libc_nano.a(libc_a-mallocr.o)
                              D:/stm32cube/STM32CubeIDE_2.2.0/STM32CubeIDE/plugins/com.st.stm32cube.ide.mcu.externaltools.gnu-tools-for-stm32.14.3.rel1.win32_1.0.100.202602081740/tools/bin/../lib/gcc/arm-none-eabi/14.3.1/../../../../arm-none-eabi/lib/thumb/v7e-m+fp/softfp\libc_nano.a(libc_a-malloc.o) (_malloc_r)
D:/stm32cube/STM32CubeIDE_2.2.0/STM32CubeIDE/plugins/com.st.stm32cube.ide.mcu.externaltools.gnu-tools-for-stm32.14.3.rel1.win32_1.0.100.202602081740/tools/bin/../lib/gcc/arm-none-eabi/14.3.1/../../../../arm-none-eabi/lib/thumb/v7e-m+fp/softfp\libc_nano.a(libc_a-mlock.o)
                              D:/stm32cube/STM32CubeIDE_2.2.0/STM32CubeIDE/plugins/com.st.stm32cube.ide.mcu.externaltools.gnu-tools-for-stm32.14.3.rel1.win32_1.0.100.202602081740/tools/bin/../lib/gcc/arm-none-eabi/14.3.1/../../../../arm-none-eabi/lib/thumb/v7e-m+fp/softfp\libc_nano.a(libc_a-mallocr.o) (__malloc_lock)
D:/stm32cube/STM32CubeIDE_2.2.0/STM32CubeIDE/plugins/com.st.stm32cube.ide.mcu.externaltools.gnu-tools-for-stm32.14.3.rel1.win32_1.0.100.202602081740/tools/bin/../lib/gcc/arm-none-eabi/14.3.1/../../../../arm-none-eabi/lib/thumb/v7e-m+fp/softfp\libc_nano.a(libc_a-findfp.o)
                              D:/stm32cube/STM32CubeIDE_2.2.0/STM32CubeIDE/plugins/com.st.stm32cube.ide.mcu.externaltools.gnu-tools-for-stm32.14.3.rel1.win32_1.0.100.202602081740/tools/bin/../lib/gcc/arm-none-eabi/14.3.1/../../../../arm-none-eabi/lib/thumb/v7e-m+fp/softfp\libc_nano.a(libc_a-exit.o) (__stdio_exit_handler)
D:/stm32cube/STM32CubeIDE_2.2.0/STM32CubeIDE/plugins/com.st.stm32cube.ide.mcu.externaltools.gnu-tools-for-stm32.14.3.rel1.win32_1.0.100.202602081740/tools/bin/../lib/gcc/arm-none-eabi/14.3.1/../../../../arm-none-eabi/lib/thumb/v7e-m+fp/softfp\libc_nano.a(libc_a-fwalk.o)
                              D:/stm32cube/STM32CubeIDE_2.2.0/STM32CubeIDE/plugins/com.st.stm32cube.ide.mcu.externaltools.gnu-tools-for-stm32.14.3.rel1.win32_1.0.100.202602081740/tools/bin/../lib/gcc/arm-none-eabi/14.3.1/../../../../arm-none-eabi/lib/thumb/v7e-m+fp/softfp\libc_nano.a(libc_a-findfp.o) (_fwalk_sglue)
D:/stm32cube/STM32CubeIDE_2.2.0/STM32CubeIDE/plugins/com.st.stm32cube.ide.mcu.externaltools.gnu-tools-for-stm32.14.3.rel1.win32_1.0.100.202602081740/tools/bin/../lib/gcc/arm-none-eabi/14.3.1/../../../../arm-none-eabi/lib/thumb/v7e-m+fp/softfp\libc_nano.a(libc_a-stdio.o)
                              D:/stm32cube/STM32CubeIDE_2.2.0/STM32CubeIDE/plugins/com.st.stm32cube.ide.mcu.externaltools.gnu-tools-for-stm32.14.3.rel1.win32_1.0.100.202602081740/tools/bin/../lib/gcc/arm-none-eabi/14.3.1/../../../../arm-none-eabi/lib/thumb/v7e-m+fp/softfp\libc_nano.a(libc_a-findfp.o) (__sread)
D:/stm32cube/STM32CubeIDE_2.2.0/STM32CubeIDE/plugins/com.st.stm32cube.ide.mcu.externaltools.gnu-tools-for-stm32.14.3.rel1.win32_1.0.100.202602081740/tools/bin/../lib/gcc/arm-none-eabi/14.3.1/../../../../arm-none-eabi/lib/thumb/v7e-m+fp/softfp\libc_nano.a(libc_a-memset.o)
                              D:/stm32cube/STM32CubeIDE_2.2.0/STM32CubeIDE/plugins/com.st.stm32cube.ide.mcu.externaltools.gnu-tools-for-stm32.14.3.rel1.win32_1.0.100.202602081740/tools/bin/../lib/gcc/arm-none-eabi/14.3.1/../../../../arm-none-eabi/lib/thumb/v7e-m+fp/softfp/crt0.o (memset)
D:/stm32cube/STM32CubeIDE_2.2.0/STM32CubeIDE/plugins/com.st.stm32cube.ide.mcu.externaltools.gnu-tools-for-stm32.14.3.rel1.win32_1.0.100.202602081740/tools/bin/../lib/gcc/arm-none-eabi/14.3.1/../../../../arm-none-eabi/lib/thumb/v7e-m+fp/softfp\libc_nano.a(libc_a-closer.o)
[...]
Memory Configuration

Name             Origin             Length             Attributes
FLASH            0x08000000         0x00200000         xr
RAM              0x20000000         0x000a0000         xrw
*default*        0x00000000         0xffffffff

Linker script and memory map

LOAD D:/stm32cube/STM32CubeIDE_2.2.0/STM32CubeIDE/plugins/com.st.stm32cube.ide.mcu.externaltools.gnu-tools-for-stm32.14.3.rel1.win32_1.0.100.202602081740/tools/bin/../lib/gcc/arm-none-eabi/14.3.1/thumb/v7e-m+fp/softfp/crti.o
LOAD D:/stm32cube/STM32CubeIDE_2.2.0/STM32CubeIDE/plugins/com.st.stm32cube.ide.mcu.externaltools.gnu-tools-for-stm32.14.3.rel1.win32_1.0.100.202602081740/tools/bin/../lib/gcc/arm-none-eabi/14.3.1/thumb/v7e-m+fp/softfp/crtbegin.o
LOAD D:/stm32cube/STM32CubeIDE_2.2.0/STM32CubeIDE/plugins/com.st.stm32cube.ide.mcu.externaltools.gnu-tools-for-stm32.14.3.rel1.win32_1.0.100.202602081740/tools/bin/../lib/gcc/arm-none-eabi/14.3.1/../../../../arm-none-eabi/lib/thumb/v7e-m+fp/softfp/crt0.o
LOAD ./Application/Patch/stm32l4xx_hal_pcd_patch.o
LOAD ./Application/SW4STM32/startup_stm32l4r9xx.o
LOAD ./Application/SW4STM32/syscalls.o
LOAD ./Application/User/audio_application.o
LOAD ./Application/User/cube_hal_l4.o
LOAD ./Application/User/main.o
LOAD ./Application/User/stm32xx_it.o
LOAD ./Application/User/usbd_audio_if.o
LOAD ./Application/User/usbd_conf_l4.o
LOAD ./Application/User/usbd_desc.o
LOAD ./Drivers/BSP/STWIN/STWIN.o
LOAD ./Drivers/BSP/STWIN/STWIN_audio.o
LOAD ./Drivers/BSP/STWIN/STWIN_bus.o
LOAD ./Drivers/CMSIS/system_stm32l4xx.o
LOAD ./Drivers/STM32L4xx_HAL_Driver/stm32l4xx_hal.o
LOAD ./Drivers/STM32L4xx_HAL_Driver/stm32l4xx_hal_adc.o
LOAD ./Drivers/STM32L4xx_HAL_Driver/stm32l4xx_hal_adc_ex.o
LOAD ./Drivers/STM32L4xx_HAL_Driver/stm32l4xx_hal_cortex.o
LOAD ./Drivers/STM32L4xx_HAL_Driver/stm32l4xx_hal_dfsdm.o
LOAD ./Drivers/STM32L4xx_HAL_Driver/stm32l4xx_hal_dma.o
LOAD ./Drivers/STM32L4xx_HAL_Driver/stm32l4xx_hal_flash.o
LOAD ./Drivers/STM32L4xx_HAL_Driver/stm32l4xx_hal_flash_ex.o
LOAD ./Drivers/STM32L4xx_HAL_Driver/stm32l4xx_hal_gpio.o
LOAD ./Drivers/STM32L4xx_HAL_Driver/stm32l4xx_hal_i2c.o
LOAD ./Drivers/STM32L4xx_HAL_Driver/stm32l4xx_hal_i2c_ex.o
LOAD ./Drivers/STM32L4xx_HAL_Driver/stm32l4xx_hal_pcd_ex.o
LOAD ./Drivers/STM32L4xx_HAL_Driver/stm32l4xx_hal_pwr.o
LOAD ./Drivers/STM32L4xx_HAL_Driver/stm32l4xx_hal_pwr_ex.o
LOAD ./Drivers/STM32L4xx_HAL_Driver/stm32l4xx_hal_rcc.o
LOAD ./Drivers/STM32L4xx_HAL_Driver/stm32l4xx_hal_rcc_ex.o
LOAD ./Drivers/STM32L4xx_HAL_Driver/stm32l4xx_hal_sai.o
LOAD ./Drivers/STM32L4xx_HAL_Driver/stm32l4xx_hal_spi.o
LOAD ./Drivers/STM32L4xx_HAL_Driver/stm32l4xx_hal_spi_ex.o
LOAD ./Drivers/STM32L4xx_HAL_Driver/stm32l4xx_hal_tim.o
LOAD ./Drivers/STM32L4xx_HAL_Driver/stm32l4xx_hal_tim_ex.o
LOAD ./Drivers/STM32L4xx_HAL_Driver/stm32l4xx_ll_usb.o
LOAD ./Middlewares/STM32_USBD_Library/Class/AUDIO_IN/usbd_audio_in.o
LOAD ./Middlewares/STM32_USBD_Library/Core/usbd_core.o
LOAD ./Middlewares/STM32_USBD_Library/Core/usbd_ctlreq.o
LOAD ./Middlewares/STM32_USBD_Library/Core/usbd_ioreq.o
LOAD ../../../../../../../Drivers/CMSIS/DSP/Lib/GCC\libarm_cortexM4l_math.a
START GROUP
LOAD D:/stm32cube/STM32CubeIDE_2.2.0/STM32CubeIDE/plugins/com.st.stm32cube.ide.mcu.externaltools.gnu-tools-for-stm32.14.3.rel1.win32_1.0.100.202602081740/tools/bin/../lib/gcc/arm-none-eabi/14.3.1/../../../../arm-none-eabi/lib/thumb/v7e-m+fp/softfp\libc_nano.a
LOAD D:/stm32cube/STM32CubeIDE_2.2.0/STM32CubeIDE/plugins/com.st.stm32cube.ide.mcu.externaltools.gnu-tools-for-stm32.14.3.rel1.win32_1.0.100.202602081740/tools/bin/../lib/gcc/arm-none-eabi/14.3.1/../../../../arm-none-eabi/lib/thumb/v7e-m+fp/softfp\libm.a
END GROUP
START GROUP
LOAD D:/stm32cube/STM32CubeIDE_2.2.0/STM32CubeIDE/plugins/com.st.stm32cube.ide.mcu.externaltools.gnu-tools-for-stm32.14.3.rel1.win32_1.0.100.202602081740/tools/bin/../lib/gcc/arm-none-eabi/14.3.1/thumb/v7e-m+fp/softfp\libgcc.a
LOAD D:/stm32cube/STM32CubeIDE_2.2.0/STM32CubeIDE/plugins/com.st.stm32cube.ide.mcu.externaltools.gnu-tools-for-stm32.14.3.rel1.win32_1.0.100.202602081740/tools/bin/../lib/gcc/arm-none-eabi/14.3.1/../../../../arm-none-eabi/lib/thumb/v7e-m+fp/softfp\libc_nano.a
END GROUP
START GROUP
LOAD D:/stm32cube/STM32CubeIDE_2.2.0/STM32CubeIDE/plugins/com.st.stm32cube.ide.mcu.externaltools.gnu-tools-for-stm32.14.3.rel1.win32_1.0.100.202602081740/tools/bin/../lib/gcc/arm-none-eabi/14.3.1/thumb/v7e-m+fp/softfp\libgcc.a
LOAD D:/stm32cube/STM32CubeIDE_2.2.0/STM32CubeIDE/plugins/com.st.stm32cube.ide.mcu.externaltools.gnu-tools-for-stm32.14.3.rel1.win32_1.0.100.202602081740/tools/bin/../lib/gcc/arm-none-eabi/14.3.1/../../../../arm-none-eabi/lib/thumb/v7e-m+fp/softfp\libc_nano.a
LOAD D:/stm32cube/STM32CubeIDE_2.2.0/STM32CubeIDE/plugins/com.st.stm32cube.ide.mcu.externaltools.gnu-tools-for-stm32.14.3.rel1.win32_1.0.100.202602081740/tools/bin/../lib/gcc/arm-none-eabi/14.3.1/../../../../arm-none-eabi/lib/thumb/v7e-m+fp/softfp\libnosys.a
END GROUP
START GROUP
LOAD D:/stm32cube/STM32CubeIDE_2.2.0/STM32CubeIDE/plugins/com.st.stm32cube.ide.mcu.externaltools.gnu-tools-for-stm32.14.3.rel1.win32_1.0.100.202602081740/tools/bin/../lib/gcc/arm-none-eabi/14.3.1/thumb/v7e-m+fp/softfp\libgcc.a
LOAD D:/stm32cube/STM32CubeIDE_2.2.0/STM32CubeIDE/plugins/com.st.stm32cube.ide.mcu.externaltools.gnu-tools-for-stm32.14.3.rel1.win32_1.0.100.202602081740/tools/bin/../lib/gcc/arm-none-eabi/14.3.1/../../../../arm-none-eabi/lib/thumb/v7e-m+fp/softfp\libc_nano.a
LOAD D:/stm32cube/STM32CubeIDE_2.2.0/STM32CubeIDE/plugins/com.st.stm32cube.ide.mcu.externaltools.gnu-tools-for-stm32.14.3.rel1.win32_1.0.100.202602081740/tools/bin/../lib/gcc/arm-none-eabi/14.3.1/../../../../arm-none-eabi/lib/thumb/v7e-m+fp/softfp\libnosys.a
END GROUP
LOAD D:/stm32cube/STM32CubeIDE_2.2.0/STM32CubeIDE/plugins/com.st.stm32cube.ide.mcu.externaltools.gnu-tools-for-stm32.14.3.rel1.win32_1.0.100.202602081740/tools/bin/../lib/gcc/arm-none-eabi/14.3.1/thumb/v7e-m+fp/softfp/crtend.o
LOAD D:/stm32cube/STM32CubeIDE_2.2.0/STM32CubeIDE/plugins/com.st.stm32cube.ide.mcu.externaltools.gnu-tools-for-stm32.14.3.rel1.win32_1.0.100.202602081740/tools/bin/../lib/gcc/arm-none-eabi/14.3.1/thumb/v7e-m+fp/softfp/crtn.o
                0x200a0000                        _estack = 0x200a0000
                0x00002000                        _Min_Heap_Size = 0x2000
                0x00002000                        _Min_Stack_Size = 0x2000

.isr_vector     0x08000000      0x1c0
                0x08000000                        . = ALIGN (0x8)
 *(.isr_vector)
 .isr_vector    0x08000000      0x1bc ./Application/SW4STM32/startup_stm32l4r9xx.o
                0x08000000                g_pfnVectors
                0x080001c0                        . = ALIGN (0x8)
 *fill*         0x080001bc        0x4 

.text           0x080001c0     0x8ba8
                0x080001c0                        . = ALIGN (0x8)
 *(.text)
 .text          0x080001c0       0x40 D:/stm32cube/STM32CubeIDE_2.2.0/STM32CubeIDE/plugins/com.st.stm32cube.ide.mcu.externaltools.gnu-tools-for-stm32.14.3.rel1.win32_1.0.100.202602081740/tools/bin/../lib/gcc/arm-none-eabi/14.3.1/thumb/v7e-m+fp/softfp/crtbegin.o
 *(.text*)
 .text.HAL_PCD_IRQHandler
                0x08000200      0x914 ./Application/Patch/stm32l4xx_hal_pcd_patch.o
                0x08000200                HAL_PCD_IRQHandler
 .text.HAL_PCD_SetAddress
                0x08000b14       0x4a ./Application/Patch/stm32l4xx_hal_pcd_patch.o
                0x08000b14                HAL_PCD_SetAddress
 .text.HAL_PCD_EP_Open
                0x08000b5e       0xd0 ./Application/Patch/stm32l4xx_hal_pcd_patch.o
                0x08000b5e                HAL_PCD_EP_Open
 .text.HAL_PCD_EP_Receive
                0x08000c2e       0x64 ./Application/Patch/stm32l4xx_hal_pcd_patch.o
                0x08000c2e                HAL_PCD_EP_Receive
 .text.HAL_PCD_EP_Transmit
                0x08000c92       0x62 ./Application/Patch/stm32l4xx_hal_pcd_patch.o
                0x08000c92                HAL_PCD_EP_Transmit
 .text.HAL_PCD_EP_SetStall
                0x08000cf4       0xc4 ./Application/Patch/stm32l4xx_hal_pcd_patch.o
                0x08000cf4                HAL_PCD_EP_SetStall
 .text.HAL_PCD_EP_ClrStall
                0x08000db8       0xac ./Application/Patch/stm32l4xx_hal_pcd_patch.o
                0x08000db8                HAL_PCD_EP_ClrStall
 .text.HAL_PCD_EP_Abort
                0x08000e64       0x62 ./Application/Patch/stm32l4xx_hal_pcd_patch.o
                0x08000e64                HAL_PCD_EP_Abort
 .text.PCD_WriteEmptyTxFifo
                0x08000ec6      0x110 ./Application/Patch/stm32l4xx_hal_pcd_patch.o
 *fill*         0x08000fd6        0x2 
 .text.PCD_EP_OutXfrComplete_int
                0x08000fd8       0x9c ./Application/Patch/stm32l4xx_hal_pcd_patch.o
 .text.PCD_EP_OutSetupPacket_int
                0x08001074       0x68 ./Application/Patch/stm32l4xx_hal_pcd_patch.o
 .text.Reset_Handler
                0x080010dc       0x50 ./Application/SW4STM32/startup_stm32l4r9xx.o
                0x080010dc                Reset_Handler
 .text.Default_Handler
                0x0800112c        0x2 ./Application/SW4STM32/startup_stm32l4r9xx.o
                0x0800112c                RTC_Alarm_IRQHandler
                0x0800112c                EXTI2_IRQHandler
                0x0800112c                TIM8_TRG_COM_IRQHandler
                0x0800112c                TIM8_CC_IRQHandler
                0x0800112c                TIM1_CC_IRQHandler
                0x0800112c                TSC_IRQHandler
                0x0800112c                TAMP_STAMP_IRQHandler
                0x0800112c                EXTI3_IRQHandler
                0x0800112c                LPTIM2_IRQHandler
                0x0800112c                GFXMMU_IRQHandler
                0x0800112c                I2C3_ER_IRQHandler
                0x0800112c                DFSDM1_FLT2_IRQHandler
                0x0800112c                EXTI0_IRQHandler
                0x0800112c                I2C2_EV_IRQHandler
                0x0800112c                CAN1_RX0_IRQHandler
                0x0800112c                FPU_IRQHandler
                0x0800112c                TIM1_UP_TIM16_IRQHandler
                0x0800112c                UsageFault_Handler
                0x0800112c                LTDC_ER_IRQHandler
                0x0800112c                SPI1_IRQHandler
                0x0800112c                OCTOSPI1_IRQHandler
                0x0800112c                TIM6_DAC_IRQHandler
                0x0800112c                DCMI_IRQHandler
                0x0800112c                TIM8_UP_IRQHandler
                0x0800112c                OCTOSPI2_IRQHandler
                0x0800112c                DMA2_Channel2_IRQHandler
                0x0800112c                SAI2_IRQHandler
                0x0800112c                ADC1_IRQHandler
                0x0800112c                DFSDM1_FLT3_IRQHandler
                0x0800112c                USART3_IRQHandler
                0x0800112c                CAN1_RX1_IRQHandler
                0x0800112c                UART5_IRQHandler
                0x0800112c                TIM4_IRQHandler
                0x0800112c                DMA2_Channel1_IRQHandler
                0x0800112c                I2C1_EV_IRQHandler
                0x0800112c                DMAMUX1_OVR_IRQHandler
                0x0800112c                DMA1_Channel6_IRQHandler
                0x0800112c                UART4_IRQHandler
                0x0800112c                DMA2_Channel4_IRQHandler
                0x0800112c                TIM3_IRQHandler
                0x0800112c                RCC_IRQHandler
                0x0800112c                Default_Handler
                0x0800112c                DMA2_Channel7_IRQHandler
                0x0800112c                EXTI15_10_IRQHandler
                0x0800112c                TIM7_IRQHandler
                0x0800112c                SDMMC1_IRQHandler
                0x0800112c                TIM5_IRQHandler
                0x0800112c                I2C3_EV_IRQHandler
                0x0800112c                EXTI9_5_IRQHandler
                0x0800112c                RTC_WKUP_IRQHandler
                0x0800112c                LTDC_IRQHandler
                0x0800112c                PVD_PVM_IRQHandler
                0x0800112c                SPI2_IRQHandler
                0x0800112c                MemManage_Handler
                0x0800112c                CAN1_TX_IRQHandler
                0x0800112c                DMA2_Channel5_IRQHandler
                0x0800112c                CRS_IRQHandler
                0x0800112c                DMA1_Channel5_IRQHandler
                0x0800112c                EXTI4_IRQHandler
                0x0800112c                RNG_IRQHandler
                0x0800112c                TIM1_TRG_COM_TIM17_IRQHandler
                0x0800112c                DMA1_Channel3_IRQHandler
                0x0800112c                COMP_IRQHandler
                0x0800112c                DSI_IRQHandler
                0x0800112c                WWDG_IRQHandler
                0x0800112c                I2C4_EV_IRQHandler
                0x0800112c                LPUART1_IRQHandler
                0x0800112c                DMA2_Channel6_IRQHandler
                0x0800112c                TIM2_IRQHandler
                0x0800112c                DMA2D_IRQHandler
                0x0800112c                EXTI1_IRQHandler
                0x0800112c                USART2_IRQHandler
                0x0800112c                I2C2_ER_IRQHandler
                0x0800112c                DMA1_Channel2_IRQHandler
                0x0800112c                TIM8_BRK_IRQHandler
                0x0800112c                CAN1_SCE_IRQHandler
                0x0800112c                FLASH_IRQHandler
                0x0800112c                BusFault_Handler
                0x0800112c                USART1_IRQHandler
                0x0800112c                SPI3_IRQHandler
                0x0800112c                I2C1_ER_IRQHandler
                0x0800112c                FMC_IRQHandler
                0x0800112c                LPTIM1_IRQHandler
                0x0800112c                I2C4_ER_IRQHandler
                0x0800112c                SAI1_IRQHandler
                0x0800112c                DMA2_Channel3_IRQHandler
                0x0800112c                TIM1_BRK_TIM15_IRQHandler
 .text.BSP_AUDIO_IN_HalfTransfer_CallBack
                0x0800112e       0x1a ./Application/User/audio_application.o
                0x0800112e                BSP_AUDIO_IN_HalfTransfer_CallBack
 .text.BSP_AUDIO_IN_TransferComplete_CallBack
                0x08001148       0x1a ./Application/User/audio_application.o
                0x08001148                BSP_AUDIO_IN_TransferComplete_CallBack
 .text.AudioProcess
                0x08001162        0xe ./Application/User/audio_application.o
                0x08001162                AudioProcess
 .text.Init_Acquisition_Peripherals
                0x08001170       0x48 ./Application/User/audio_application.o
                0x08001170                Init_Acquisition_Peripherals
 .text.Start_Acquisition
                0x080011b8       0x20 ./Application/User/audio_application.o
                0x080011b8                Start_Acquisition
 .text.Error_Handler
                0x080011d8        0x8 ./Application/User/audio_application.o
                0x080011d8                Error_Handler
 .text.SystemClock_Config
                0x080011e0      0x130 ./Application/User/cube_hal_l4.o
                0x080011e0                SystemClock_Config
 .text.main     0x08001310       0x58 ./Application/User/main.o
                0x08001310                main
 .text.NMI_Handler
                0x08001368        0xe ./Application/User/stm32xx_it.o
                0x08001368                NMI_Handler
 .text.HardFault_Handler
                0x08001376        0x8 ./Application/User/stm32xx_it.o
                0x08001376                HardFault_Handler
 .text.SVC_Handler
                0x0800137e        0xe ./Application/User/stm32xx_it.o
                0x0800137e                SVC_Handler
 .text.DebugMon_Handler
                0x0800138c        0xe ./Application/User/stm32xx_it.o
                0x0800138c                DebugMon_Handler
 .text.PendSV_Handler
                0x0800139a        0xe ./Application/User/stm32xx_it.o
                0x0800139a                PendSV_Handler
 .text.SysTick_Handler
                0x080013a8        0xc ./Application/User/stm32xx_it.o
                0x080013a8                SysTick_Handler
 .text.OTG_FS_IRQHandler
                0x080013b4       0x14 ./Application/User/stm32xx_it.o
                0x080013b4                OTG_FS_IRQHandler
 .text.DMA1_Channel1_IRQHandler
                0x080013c8       0x18 ./Application/User/stm32xx_it.o
                0x080013c8                DMA1_Channel1_IRQHandler
 .text.DMA1_Channel4_IRQHandler
                0x080013e0       0x18 ./Application/User/stm32xx_it.o
                0x080013e0                DMA1_Channel4_IRQHandler
 .text.DMA1_Channel7_IRQHandler
                0x080013f8       0x14 ./Application/User/stm32xx_it.o
                0x080013f8                DMA1_Channel7_IRQHandler
 .text.DFSDM1_FLT0_IRQHandler
                0x0800140c       0x14 ./Application/User/stm32xx_it.o
                0x0800140c                DFSDM1_FLT0_IRQHandler
 .text.DFSDM1_FLT1_IRQHandler
                0x08001420       0x14 ./Application/User/stm32xx_it.o
                0x08001420                DFSDM1_FLT1_IRQHandler
 .text.HAL_PCD_SetupStageCallback
                0x08001434       0x24 ./Application/User/usbd_conf_l4.o
                0x08001434                HAL_PCD_SetupStageCallback
 .text.HAL_PCD_DataOutStageCallback
                0x08001458       0x36 ./Application/User/usbd_conf_l4.o
                0x08001458                HAL_PCD_DataOutStageCallback
 .text.HAL_PCD_DataInStageCallback
                0x0800148e       0x34 ./Application/User/usbd_conf_l4.o
                0x0800148e                HAL_PCD_DataInStageCallback
 .text.HAL_PCD_SOFCallback
                0x080014c2       0x1c ./Application/User/usbd_conf_l4.o
                0x080014c2                HAL_PCD_SOFCallback
 .text.HAL_PCD_ResetCallback
                0x080014de       0x2a ./Application/User/usbd_conf_l4.o
                0x080014de                HAL_PCD_ResetCallback
 .text.HAL_PCD_SuspendCallback
                0x08001508       0x1c ./Application/User/usbd_conf_l4.o
                0x08001508                HAL_PCD_SuspendCallback
 .text.HAL_PCD_ResumeCallback
                0x08001524       0x1c ./Application/User/usbd_conf_l4.o
                0x08001524                HAL_PCD_ResumeCallback
 .text.HAL_PCD_ISOOUTIncompleteCallback
                0x08001540       0x24 ./Application/User/usbd_conf_l4.o
                0x08001540                HAL_PCD_ISOOUTIncompleteCallback
 .text.HAL_PCD_ISOINIncompleteCallback
                0x08001564       0x24 ./Application/User/usbd_conf_l4.o
                0x08001564                HAL_PCD_ISOINIncompleteCallback
 .text.HAL_PCD_ConnectCallback
                0x08001588       0x1c ./Application/User/usbd_conf_l4.o
                0x08001588                HAL_PCD_ConnectCallback
 .text.HAL_PCD_DisconnectCallback
                0x080015a4       0x1c ./Application/User/usbd_conf_l4.o
                0x080015a4                HAL_PCD_DisconnectCallback
 .text.USBD_LL_OpenEP
                0x080015c0       0x34 ./Application/User/usbd_conf_l4.o
                0x080015c0                USBD_LL_OpenEP
 .text.USBD_LL_StallEP
                0x080015f4       0x26 ./Application/User/usbd_conf_l4.o
                0x080015f4                USBD_LL_StallEP
 .text.USBD_LL_ClearStallEP
                0x0800161a       0x26 ./Application/User/usbd_conf_l4.o
                0x0800161a                USBD_LL_ClearStallEP
 .text.USBD_LL_IsStallEP
                0x08001640       0x58 ./Application/User/usbd_conf_l4.o
                0x08001640                USBD_LL_IsStallEP
 .text.USBD_LL_SetUSBAddress
                0x08001698       0x26 ./Application/User/usbd_conf_l4.o
                0x08001698                USBD_LL_SetUSBAddress
 .text.USBD_LL_Transmit
                0x080016be       0x2a ./Application/User/usbd_conf_l4.o
                0x080016be                USBD_LL_Transmit
 .text.USBD_LL_PrepareReceive
                0x080016e8       0x2a ./Application/User/usbd_conf_l4.o
                0x080016e8                USBD_LL_PrepareReceive
 *fill*         0x08001712        0x2 
 .text.BSP_ADC1_Initialization
                0x08001714       0xdc ./Drivers/BSP/STWIN/STWIN.o
                0x08001714                BSP_ADC1_Initialization
 .text.HAL_ADC_MspInit
                0x080017f0       0x44 ./Drivers/BSP/STWIN/STWIN.o
                0x080017f0                HAL_ADC_MspInit
 .text.BSP_LED_Init
                0x08001834       0x84 ./Drivers/BSP/STWIN/STWIN.o
                0x08001834                BSP_LED_Init
 .text.BSP_LED_On
                0x080018b8       0x34 ./Drivers/BSP/STWIN/STWIN.o
                0x080018b8                BSP_LED_On
 .text.BSP_LED_Off
                0x080018ec       0x34 ./Drivers/BSP/STWIN/STWIN.o
                0x080018ec                BSP_LED_Off
 .text.BSP_AUDIO_IN_Init
                0x08001920      0x478 ./Drivers/BSP/STWIN/STWIN_audio.o
                0x08001920                BSP_AUDIO_IN_Init
 .text.BSP_AUDIO_IN_Record
                0x08001d98       0xd0 ./Drivers/BSP/STWIN/STWIN_audio.o
                0x08001d98                BSP_AUDIO_IN_Record
 .text.HAL_DFSDM_FilterRegConvCpltCallback
                0x08001e68      0x2ac ./Drivers/BSP/STWIN/STWIN_audio.o
                0x08001e68                HAL_DFSDM_FilterRegConvCpltCallback
 .text.HAL_DFSDM_FilterRegConvHalfCpltCallback
                0x08002114      0x280 ./Drivers/BSP/STWIN/STWIN_audio.o
                0x08002114                HAL_DFSDM_FilterRegConvHalfCpltCallback
 .text.MX_DFSDM_Init
                0x08002394      0x1f0 ./Drivers/BSP/STWIN/STWIN_audio.o
                0x08002394                MX_DFSDM_Init
 .text.MX_ADC1_Init
                0x08002584       0x58 ./Drivers/BSP/STWIN/STWIN_audio.o
                0x08002584                MX_ADC1_Init
 .text.DFSDM_ChannelMspInit
                0x080025dc       0xb8 ./Drivers/BSP/STWIN/STWIN_audio.o
                0x080025dc                DFSDM_ChannelMspInit
 .text.DFSDM_FilterMspInit
                0x08002694       0xec ./Drivers/BSP/STWIN/STWIN_audio.o
                0x08002694                DFSDM_FilterMspInit
 .text.HAL_ADC_Audio_MspInit
                0x08002780      0x128 ./Drivers/BSP/STWIN/STWIN_audio.o
                0x08002780                HAL_ADC_Audio_MspInit
 .text.SystemInit
                0x080028a8       0x24 ./Drivers/CMSIS/system_stm32l4xx.o
                0x080028a8                SystemInit
 .text.HAL_Init
                0x080028cc       0x40 ./Drivers/STM32L4xx_HAL_Driver/stm32l4xx_hal.o
                0x080028cc                HAL_Init
 .text.HAL_MspInit
                0x0800290c        0xe ./Drivers/STM32L4xx_HAL_Driver/stm32l4xx_hal.o
                0x0800290c                HAL_MspInit
 *fill*         0x0800291a        0x2 
 .text.HAL_InitTick
                0x0800291c       0x78 ./Drivers/STM32L4xx_HAL_Driver/stm32l4xx_hal.o
                0x0800291c                HAL_InitTick
 .text.HAL_IncTick
                0x08002994       0x28 ./Drivers/STM32L4xx_HAL_Driver/stm32l4xx_hal.o
                0x08002994                HAL_IncTick
 .text.HAL_GetTick
                0x080029bc       0x18 ./Drivers/STM32L4xx_HAL_Driver/stm32l4xx_hal.o
                0x080029bc                HAL_GetTick
 .text.LL_ADC_SetCommonClock
                0x080029d4       0x26 ./Drivers/STM32L4xx_HAL_Driver/stm32l4xx_hal_adc.o
 .text.LL_ADC_SetCommonPathInternalCh
                0x080029fa       0x26 ./Drivers/STM32L4xx_HAL_Driver/stm32l4xx_hal_adc.o
 .text.LL_ADC_GetCommonPathInternalCh
                0x08002a20       0x1c ./Drivers/STM32L4xx_HAL_Driver/stm32l4xx_hal_adc.o
 .text.LL_ADC_SetOffset
                0x08002a3c       0x48 ./Drivers/STM32L4xx_HAL_Driver/stm32l4xx_hal_adc.o
 .text.LL_ADC_GetOffsetChannel
                0x08002a84       0x2c ./Drivers/STM32L4xx_HAL_Driver/stm32l4xx_hal_adc.o
 .text.LL_ADC_SetOffsetState
                0x08002ab0       0x36 ./Drivers/STM32L4xx_HAL_Driver/stm32l4xx_hal_adc.o
 .text.LL_ADC_SetSamplingTimeCommonConfig
                0x08002ae6       0x26 ./Drivers/STM32L4xx_HAL_Driver/stm32l4xx_hal_adc.o
 .text.LL_ADC_REG_SetSequencerRanks
                0x08002b0c       0x58 ./Drivers/STM32L4xx_HAL_Driver/stm32l4xx_hal_adc.o
 .text.LL_ADC_SetChannelSamplingTime
                0x08002b64       0x56 ./Drivers/STM32L4xx_HAL_Driver/stm32l4xx_hal_adc.o
 *fill*         0x08002bba        0x2 
 .text.LL_ADC_SetChannelSingleDiff
                0x08002bbc       0x48 ./Drivers/STM32L4xx_HAL_Driver/stm32l4xx_hal_adc.o
 .text.LL_ADC_DisableDeepPowerDown
                0x08002c04       0x24 ./Drivers/STM32L4xx_HAL_Driver/stm32l4xx_hal_adc.o
 .text.LL_ADC_IsDeepPowerDownEnabled
                0x08002c28       0x28 ./Drivers/STM32L4xx_HAL_Driver/stm32l4xx_hal_adc.o
 .text.LL_ADC_EnableInternalRegulator
                0x08002c50       0x28 ./Drivers/STM32L4xx_HAL_Driver/stm32l4xx_hal_adc.o
 .text.LL_ADC_IsInternalRegulatorEnabled
                0x08002c78       0x28 ./Drivers/STM32L4xx_HAL_Driver/stm32l4xx_hal_adc.o
 .text.LL_ADC_Enable
                0x08002ca0       0x28 ./Drivers/STM32L4xx_HAL_Driver/stm32l4xx_hal_adc.o
 .text.LL_ADC_Disable
                0x08002cc8       0x28 ./Drivers/STM32L4xx_HAL_Driver/stm32l4xx_hal_adc.o
 .text.LL_ADC_IsEnabled
                0x08002cf0       0x26 ./Drivers/STM32L4xx_HAL_Driver/stm32l4xx_hal_adc.o
 .text.LL_ADC_IsDisableOngoing
                0x08002d16       0x26 ./Drivers/STM32L4xx_HAL_Driver/stm32l4xx_hal_adc.o
 .text.LL_ADC_REG_StartConversion
                0x08002d3c       0x28 ./Drivers/STM32L4xx_HAL_Driver/stm32l4xx_hal_adc.o
 .text.LL_ADC_REG_IsConversionOngoing
                0x08002d64       0x26 ./Drivers/STM32L4xx_HAL_Driver/stm32l4xx_hal_adc.o
 .text.LL_ADC_INJ_IsConversionOngoing
                0x08002d8a       0x26 ./Drivers/STM32L4xx_HAL_Driver/stm32l4xx_hal_adc.o
 .text.HAL_ADC_Init
                0x08002db0      0x28c ./Drivers/STM32L4xx_HAL_Driver/stm32l4xx_hal_adc.o
                0x08002db0                HAL_ADC_Init
 .text.HAL_ADC_Start
                0x0800303c       0xc6 ./Drivers/STM32L4xx_HAL_Driver/stm32l4xx_hal_adc.o
                0x0800303c                HAL_ADC_Start
 *fill*         0x08003102        0x2 
 .text.HAL_ADC_ConfigChannel
                0x08003104      0x7f8 ./Drivers/STM32L4xx_HAL_Driver/stm32l4xx_hal_adc.o
                0x08003104                HAL_ADC_ConfigChannel
 .text.ADC_Enable
                0x080038fc      0x10c ./Drivers/STM32L4xx_HAL_Driver/stm32l4xx_hal_adc.o
                0x080038fc                ADC_Enable
 .text.ADC_Disable
                0x08003a08       0xbe ./Drivers/STM32L4xx_HAL_Driver/stm32l4xx_hal_adc.o
                0x08003a08                ADC_Disable
 .text.LL_ADC_StartCalibration
                0x08003ac6       0x32 ./Drivers/STM32L4xx_HAL_Driver/stm32l4xx_hal_adc_ex.o
 .text.LL_ADC_IsCalibrationOnGoing
                0x08003af8       0x28 ./Drivers/STM32L4xx_HAL_Driver/stm32l4xx_hal_adc_ex.o
 .text.HAL_ADCEx_Calibration_Start
                0x08003b20       0xc0 ./Drivers/STM32L4xx_HAL_Driver/stm32l4xx_hal_adc_ex.o
                0x08003b20                HAL_ADCEx_Calibration_Start
 .text.__NVIC_SetPriorityGrouping
                0x08003be0       0x48 ./Drivers/STM32L4xx_HAL_Driver/stm32l4xx_hal_cortex.o
 .text.__NVIC_GetPriorityGrouping
                0x08003c28       0x1c ./Drivers/STM32L4xx_HAL_Driver/stm32l4xx_hal_cortex.o
 .text.__NVIC_EnableIRQ
                0x08003c44       0x3c ./Drivers/STM32L4xx_HAL_Driver/stm32l4xx_hal_cortex.o
 .text.__NVIC_SetPriority
                0x08003c80       0x54 ./Drivers/STM32L4xx_HAL_Driver/stm32l4xx_hal_cortex.o
 .text.NVIC_EncodePriority
                0x08003cd4       0x66 ./Drivers/STM32L4xx_HAL_Driver/stm32l4xx_hal_cortex.o
 *fill*         0x08003d3a        0x2 
 .text.SysTick_Config
                0x08003d3c       0x44 ./Drivers/STM32L4xx_HAL_Driver/stm32l4xx_hal_cortex.o
 .text.HAL_NVIC_SetPriorityGrouping
                0x08003d80       0x16 ./Drivers/STM32L4xx_HAL_Driver/stm32l4xx_hal_cortex.o
                0x08003d80                HAL_NVIC_SetPriorityGrouping
 .text.HAL_NVIC_SetPriority
                0x08003d96       0x38 ./Drivers/STM32L4xx_HAL_Driver/stm32l4xx_hal_cortex.o
                0x08003d96                HAL_NVIC_SetPriority
 .text.HAL_NVIC_EnableIRQ
                0x08003dce       0x1c ./Drivers/STM32L4xx_HAL_Driver/stm32l4xx_hal_cortex.o
                0x08003dce                HAL_NVIC_EnableIRQ
 .text.HAL_SYSTICK_Config
                0x08003dea       0x18 ./Drivers/STM32L4xx_HAL_Driver/stm32l4xx_hal_cortex.o
                0x08003dea                HAL_SYSTICK_Config
 *fill*         0x08003e02        0x2 
 .text.HAL_SYSTICK_CLKSourceConfig
                0x08003e04       0x38 ./Drivers/STM32L4xx_HAL_Driver/stm32l4xx_hal_cortex.o
                0x08003e04                HAL_SYSTICK_CLKSourceConfig
 .text.HAL_DFSDM_ChannelInit
                0x08003e3c      0x180 ./Drivers/STM32L4xx_HAL_Driver/stm32l4xx_hal_dfsdm.o
                0x08003e3c                HAL_DFSDM_ChannelInit
 .text.HAL_DFSDM_ChannelMspInit
                0x08003fbc       0x14 ./Drivers/STM32L4xx_HAL_Driver/stm32l4xx_hal_dfsdm.o
                0x08003fbc                HAL_DFSDM_ChannelMspInit
 .text.HAL_DFSDM_ChannelCkabCallback
                0x08003fd0       0x14 ./Drivers/STM32L4xx_HAL_Driver/stm32l4xx_hal_dfsdm.o
                0x08003fd0                HAL_DFSDM_ChannelCkabCallback
 .text.HAL_DFSDM_ChannelScdCallback
                0x08003fe4       0x14 ./Drivers/STM32L4xx_HAL_Driver/stm32l4xx_hal_dfsdm.o
                0x08003fe4                HAL_DFSDM_ChannelScdCallback
 .text.HAL_DFSDM_FilterInit
                0x08003ff8      0x1b4 ./Drivers/STM32L4xx_HAL_Driver/stm32l4xx_hal_dfsdm.o
                0x08003ff8                HAL_DFSDM_FilterInit
 .text.HAL_DFSDM_FilterMspInit
                0x080041ac       0x14 ./Drivers/STM32L4xx_HAL_Driver/stm32l4xx_hal_dfsdm.o
                0x080041ac                HAL_DFSDM_FilterMspInit
 .text.HAL_DFSDM_FilterConfigRegChannel
                0x080041c0       0x8a ./Drivers/STM32L4xx_HAL_Driver/stm32l4xx_hal_dfsdm.o
                0x080041c0                HAL_DFSDM_FilterConfigRegChannel
 *fill*         0x0800424a        0x2 
 .text.HAL_DFSDM_FilterRegularStart_DMA
                0x0800424c      0x104 ./Drivers/STM32L4xx_HAL_Driver/stm32l4xx_hal_dfsdm.o
                0x0800424c                HAL_DFSDM_FilterRegularStart_DMA
 .text.HAL_DFSDM_IRQHandler
                0x08004350      0x2c8 ./Drivers/STM32L4xx_HAL_Driver/stm32l4xx_hal_dfsdm.o
                0x08004350                HAL_DFSDM_IRQHandler
 .text.HAL_DFSDM_FilterInjConvCpltCallback
                0x08004618       0x14 ./Drivers/STM32L4xx_HAL_Driver/stm32l4xx_hal_dfsdm.o
                0x08004618                HAL_DFSDM_FilterInjConvCpltCallback
 .text.HAL_DFSDM_FilterAwdCallback
                0x0800462c       0x18 ./Drivers/STM32L4xx_HAL_Driver/stm32l4xx_hal_dfsdm.o
                0x0800462c                HAL_DFSDM_FilterAwdCallback
 .text.HAL_DFSDM_FilterErrorCallback
                0x08004644       0x14 ./Drivers/STM32L4xx_HAL_Driver/stm32l4xx_hal_dfsdm.o
                0x08004644                HAL_DFSDM_FilterErrorCallback
 .text.DFSDM_DMARegularHalfConvCplt
                0x08004658       0x1c ./Drivers/STM32L4xx_HAL_Driver/stm32l4xx_hal_dfsdm.o
 .text.DFSDM_DMARegularConvCplt
                0x08004674       0x1c ./Drivers/STM32L4xx_HAL_Driver/stm32l4xx_hal_dfsdm.o
 .text.DFSDM_DMAError
                0x08004690       0x22 ./Drivers/STM32L4xx_HAL_Driver/stm32l4xx_hal_dfsdm.o
 *fill*         0x080046b2        0x2 
 .text.DFSDM_GetChannelFromInstance
                0x080046b4       0x98 ./Drivers/STM32L4xx_HAL_Driver/stm32l4xx_hal_dfsdm.o
 .text.DFSDM_RegConvStart
                0x0800474c       0xac ./Drivers/STM32L4xx_HAL_Driver/stm32l4xx_hal_dfsdm.o
 .text.HAL_DMA_Init
                0x080047f8      0x150 ./Drivers/STM32L4xx_HAL_Driver/stm32l4xx_hal_dma.o
                0x080047f8                HAL_DMA_Init
 .text.HAL_DMA_DeInit
                0x08004948      0x12c ./Drivers/STM32L4xx_HAL_Driver/stm32l4xx_hal_dma.o
                0x08004948                HAL_DMA_DeInit
 .text.HAL_DMA_Start_IT
                0x08004a74       0xf6 ./Drivers/STM32L4xx_HAL_Driver/stm32l4xx_hal_dma.o
                0x08004a74                HAL_DMA_Start_IT
 .text.HAL_DMA_IRQHandler
                0x08004b6a      0x15e ./Drivers/STM32L4xx_HAL_Driver/stm32l4xx_hal_dma.o
                0x08004b6a                HAL_DMA_IRQHandler
 .text.DMA_SetConfig
                0x08004cc8       0x7c ./Drivers/STM32L4xx_HAL_Driver/stm32l4xx_hal_dma.o
 .text.DMA_CalcDMAMUXChannelBaseAndMask
                0x08004d44       0x7c ./Drivers/STM32L4xx_HAL_Driver/stm32l4xx_hal_dma.o
 .text.DMA_CalcDMAMUXRequestGenBaseAndMask
                0x08004dc0       0x48 ./Drivers/STM32L4xx_HAL_Driver/stm32l4xx_hal_dma.o
 .text.HAL_GPIO_Init
                0x08004e08      0x324 ./Drivers/STM32L4xx_HAL_Driver/stm32l4xx_hal_gpio.o
                0x08004e08                HAL_GPIO_Init
 .text.HAL_GPIO_WritePin
                0x0800512c       0x30 ./Drivers/STM32L4xx_HAL_Driver/stm32l4xx_hal_gpio.o
                0x0800512c                HAL_GPIO_WritePin
 .text.HAL_PCDEx_LPM_Callback
                0x0800515c       0x18 ./Drivers/STM32L4xx_HAL_Driver/stm32l4xx_hal_pcd_ex.o
                0x0800515c                HAL_PCDEx_LPM_Callback
 .text.HAL_PWR_EnableBkUpAccess
                0x08005174       0x20 ./Drivers/STM32L4xx_HAL_Driver/stm32l4xx_hal_pwr.o
                0x08005174                HAL_PWR_EnableBkUpAccess
 .text.HAL_PWREx_GetVoltageRange
                0x08005194       0x40 ./Drivers/STM32L4xx_HAL_Driver/stm32l4xx_hal_pwr_ex.o
                0x08005194                HAL_PWREx_GetVoltageRange
 .text.HAL_PWREx_ControlVoltageScaling
                0x080051d4      0x148 ./Drivers/STM32L4xx_HAL_Driver/stm32l4xx_hal_pwr_ex.o
                0x080051d4                HAL_PWREx_ControlVoltageScaling
 .text.HAL_RCC_OscConfig
                0x0800531c      0x83c ./Drivers/STM32L4xx_HAL_Driver/stm32l4xx_hal_rcc.o
                0x0800531c                HAL_RCC_OscConfig
 .text.HAL_RCC_ClockConfig
                0x08005b58      0x274 ./Drivers/STM32L4xx_HAL_Driver/stm32l4xx_hal_rcc.o
                0x08005b58                HAL_RCC_ClockConfig
 .text.HAL_RCC_MCOConfig
                0x08005dcc       0x68 ./Drivers/STM32L4xx_HAL_Driver/stm32l4xx_hal_rcc.o
                0x08005dcc                HAL_RCC_MCOConfig
 .text.HAL_RCC_GetSysClockFreq
                0x08005e34      0x114 ./Drivers/STM32L4xx_HAL_Driver/stm32l4xx_hal_rcc.o
                0x08005e34                HAL_RCC_GetSysClockFreq
 .text.HAL_RCC_GetHCLKFreq
                0x08005f48       0x18 ./Drivers/STM32L4xx_HAL_Driver/stm32l4xx_hal_rcc.o
                0x08005f48                HAL_RCC_GetHCLKFreq
 .text.RCC_SetFlashLatencyFromMSIRange
                0x08005f60       0xb4 ./Drivers/STM32L4xx_HAL_Driver/stm32l4xx_hal_rcc.o
 .text.RCC_GetSysClockFreqFromPLLSource
                0x08006014       0xc8 ./Drivers/STM32L4xx_HAL_Driver/stm32l4xx_hal_rcc.o
 .text.HAL_RCCEx_PeriphCLKConfig
                0x080060dc      0x720 ./Drivers/STM32L4xx_HAL_Driver/stm32l4xx_hal_rcc_ex.o
                0x080060dc                HAL_RCCEx_PeriphCLKConfig
 .text.RCCEx_PLLSAI1_Config
                0x080067fc      0x1e8 ./Drivers/STM32L4xx_HAL_Driver/stm32l4xx_hal_rcc_ex.o
 .text.RCCEx_PLLSAI2_Config
                0x080069e4      0x1e8 ./Drivers/STM32L4xx_HAL_Driver/stm32l4xx_hal_rcc_ex.o
 .text.USB_SetTurnaroundTime
                0x08006bcc      0x138 ./Drivers/STM32L4xx_HAL_Driver/stm32l4xx_ll_usb.o
                0x08006bcc                USB_SetTurnaroundTime
 .text.USB_FlushTxFifo
                0x08006d04       0x68 ./Drivers/STM32L4xx_HAL_Driver/stm32l4xx_ll_usb.o
                0x08006d04                USB_FlushTxFifo
 .text.USB_GetDevSpeed
                0x08006d6c       0x3e ./Drivers/STM32L4xx_HAL_Driver/stm32l4xx_ll_usb.o
                0x08006d6c                USB_GetDevSpeed
 .text.USB_ActivateEndpoint
                0x08006daa      0x10e ./Drivers/STM32L4xx_HAL_Driver/stm32l4xx_ll_usb.o
                0x08006daa                USB_ActivateEndpoint
 .text.USB_EPStartXfer
                0x08006eb8      0x464 ./Drivers/STM32L4xx_HAL_Driver/stm32l4xx_ll_usb.o
                0x08006eb8                USB_EPStartXfer
 .text.USB_EPStopXfer
                0x0800731c      0x154 ./Drivers/STM32L4xx_HAL_Driver/stm32l4xx_ll_usb.o
                0x0800731c                USB_EPStopXfer
 .text.USB_WritePacket
                0x08007470       0x74 ./Drivers/STM32L4xx_HAL_Driver/stm32l4xx_ll_usb.o
                0x08007470                USB_WritePacket
 .text.USB_ReadPacket
                0x080074e4       0xb0 ./Drivers/STM32L4xx_HAL_Driver/stm32l4xx_ll_usb.o
                0x080074e4                USB_ReadPacket
 .text.USB_EPSetStall
                0x08007594       0xdc ./Drivers/STM32L4xx_HAL_Driver/stm32l4xx_ll_usb.o
                0x08007594                USB_EPSetStall
 .text.USB_EPClearStall
                0x08007670       0xcc ./Drivers/STM32L4xx_HAL_Driver/stm32l4xx_ll_usb.o
                0x08007670                USB_EPClearStall
 .text.USB_SetDevAddress
                0x0800773c       0x4c ./Drivers/STM32L4xx_HAL_Driver/stm32l4xx_ll_usb.o
                0x0800773c                USB_SetDevAddress
 .text.USB_ReadInterrupts
                0x08007788       0x26 ./Drivers/STM32L4xx_HAL_Driver/stm32l4xx_ll_usb.o
                0x08007788                USB_ReadInterrupts
 .text.USB_ReadDevAllOutEpInterrupt
                0x080077ae       0x34 ./Drivers/STM32L4xx_HAL_Driver/stm32l4xx_ll_usb.o
                0x080077ae                USB_ReadDevAllOutEpInterrupt
 .text.USB_ReadDevAllInEpInterrupt
                0x080077e2       0x34 ./Drivers/STM32L4xx_HAL_Driver/stm32l4xx_ll_usb.o
                0x080077e2                USB_ReadDevAllInEpInterrupt
 .text.USB_ReadDevOutEPInterrupt
                0x08007816       0x3c ./Drivers/STM32L4xx_HAL_Driver/stm32l4xx_ll_usb.o
                0x08007816                USB_ReadDevOutEPInterrupt
 .text.USB_ReadDevInEPInterrupt
                0x08007852       0x5c ./Drivers/STM32L4xx_HAL_Driver/stm32l4xx_ll_usb.o
                0x08007852                USB_ReadDevInEPInterrupt
 .text.USB_GetMode
                0x080078ae       0x1c ./Drivers/STM32L4xx_HAL_Driver/stm32l4xx_ll_usb.o
                0x080078ae                USB_GetMode
 .text.USB_ActivateSetup
                0x080078ca       0x46 ./Drivers/STM32L4xx_HAL_Driver/stm32l4xx_ll_usb.o
                0x080078ca                USB_ActivateSetup
 .text.USB_EP0_OutStart
                0x08007910       0x90 ./Drivers/STM32L4xx_HAL_Driver/stm32l4xx_ll_usb.o
                0x08007910                USB_EP0_OutStart
 .text.USBD_RunTestMode
                0x080079a0       0x16 ./Middlewares/STM32_USBD_Library/Core/usbd_core.o
                0x080079a0                USBD_RunTestMode
 .text.USBD_SetClassConfig
                0x080079b6       0x38 ./Middlewares/STM32_USBD_Library/Core/usbd_core.o
                0x080079b6                USBD_SetClassConfig
 .text.USBD_ClrClassConfig
                0x080079ee       0x34 ./Middlewares/STM32_USBD_Library/Core/usbd_core.o
                0x080079ee                USBD_ClrClassConfig
 .text.USBD_LL_SetupStage
                0x08007a22       0xaa ./Middlewares/STM32_USBD_Library/Core/usbd_core.o
                0x08007a22                USBD_LL_SetupStage
 .text.USBD_LL_DataOutStage
                0x08007acc      0x166 ./Middlewares/STM32_USBD_Library/Core/usbd_core.o
                0x08007acc                USBD_LL_DataOutStage
 .text.USBD_LL_DataInStage
                0x08007c32      0x164 ./Middlewares/STM32_USBD_Library/Core/usbd_core.o
                0x08007c32                USBD_LL_DataInStage
 .text.USBD_LL_Reset
                0x08007d96       0xa4 ./Middlewares/STM32_USBD_Library/Core/usbd_core.o
                0x08007d96                USBD_LL_Reset
 .text.USBD_LL_SetSpeed
                0x08007e3a       0x20 ./Middlewares/STM32_USBD_Library/Core/usbd_core.o
                0x08007e3a                USBD_LL_SetSpeed
 .text.USBD_LL_Suspend
                0x08007e5a       0x38 ./Middlewares/STM32_USBD_Library/Core/usbd_core.o
                0x08007e5a                USBD_LL_Suspend
 .text.USBD_LL_Resume
                0x08007e92       0x30 ./Middlewares/STM32_USBD_Library/Core/usbd_core.o
                0x08007e92                USBD_LL_Resume
 .text.USBD_LL_SOF
                0x08007ec2       0x40 ./Middlewares/STM32_USBD_Library/Core/usbd_core.o
                0x08007ec2                USBD_LL_SOF
 .text.USBD_LL_IsoINIncomplete
                0x08007f02       0x64 ./Middlewares/STM32_USBD_Library/Core/usbd_core.o
                0x08007f02                USBD_LL_IsoINIncomplete
 .text.USBD_LL_IsoOUTIncomplete
                0x08007f66       0x64 ./Middlewares/STM32_USBD_Library/Core/usbd_core.o
                0x08007f66                USBD_LL_IsoOUTIncomplete
 .text.USBD_LL_DevConnected
                0x08007fca       0x16 ./Middlewares/STM32_USBD_Library/Core/usbd_core.o
                0x08007fca                USBD_LL_DevConnected
 .text.USBD_LL_DevDisconnected
                0x08007fe0       0x46 ./Middlewares/STM32_USBD_Library/Core/usbd_core.o
                0x08007fe0                USBD_LL_DevDisconnected
 .text.USBD_CoreFindIF
                0x08008026       0x1a ./Middlewares/STM32_USBD_Library/Core/usbd_core.o
                0x08008026                USBD_CoreFindIF
 .text.USBD_CoreFindEP
                0x08008040       0x1a ./Middlewares/STM32_USBD_Library/Core/usbd_core.o
                0x08008040                USBD_CoreFindEP
 .text.SWAPBYTE
                0x0800805a       0x3e ./Middlewares/STM32_USBD_Library/Core/usbd_ctlreq.o
 .text.USBD_StdDevReq
                0x08008098       0xe4 ./Middlewares/STM32_USBD_Library/Core/usbd_ctlreq.o
                0x08008098                USBD_StdDevReq
 .text.USBD_StdItfReq
                0x0800817c       0xd8 ./Middlewares/STM32_USBD_Library/Core/usbd_ctlreq.o
                0x0800817c                USBD_StdItfReq
 .text.USBD_StdEPReq
                0x08008254      0x33a ./Middlewares/STM32_USBD_Library/Core/usbd_ctlreq.o
                0x08008254                USBD_StdEPReq
 *fill*         0x0800858e        0x2 
 .text.USBD_GetDescriptor
                0x08008590      0x2d4 ./Middlewares/STM32_USBD_Library/Core/usbd_ctlreq.o
 .text.USBD_SetAddress
                0x08008864       0x88 ./Middlewares/STM32_USBD_Library/Core/usbd_ctlreq.o
 .text.USBD_SetConfig
                0x080088ec      0x154 ./Middlewares/STM32_USBD_Library/Core/usbd_ctlreq.o
 .text.USBD_GetConfig
                0x08008a40       0x6c ./Middlewares/STM32_USBD_Library/Core/usbd_ctlreq.o
 .text.USBD_GetStatus
                0x08008aac       0x68 ./Middlewares/STM32_USBD_Library/Core/usbd_ctlreq.o
 .text.USBD_SetFeature
                0x08008b14       0x52 ./Middlewares/STM32_USBD_Library/Core/usbd_ctlreq.o
 .text.USBD_ClrFeature
                0x08008b66       0x44 ./Middlewares/STM32_USBD_Library/Core/usbd_ctlreq.o
 .text.USBD_ParseSetupRequest
                0x08008baa       0x74 ./Middlewares/STM32_USBD_Library/Core/usbd_ctlreq.o
                0x08008baa                USBD_ParseSetupRequest
 .text.USBD_CtlError
                0x08008c1e       0x22 ./Middlewares/STM32_USBD_Library/Core/usbd_ctlreq.o
                0x08008c1e                USBD_CtlError
 .text.USBD_CtlSendData
                0x08008c40       0x36 ./Middlewares/STM32_USBD_Library/Core/usbd_ioreq.o
                0x08008c40                USBD_CtlSendData
 .text.USBD_CtlContinueSendData
                0x08008c76       0x22 ./Middlewares/STM32_USBD_Library/Core/usbd_ioreq.o
                0x08008c76                USBD_CtlContinueSendData
 .text.USBD_CtlContinueRx
                0x08008c98       0x22 ./Middlewares/STM32_USBD_Library/Core/usbd_ioreq.o
                0x08008c98                USBD_CtlContinueRx
 .text.USBD_CtlSendStatus
                0x08008cba       0x26 ./Middlewares/STM32_USBD_Library/Core/usbd_ioreq.o
                0x08008cba                USBD_CtlSendStatus
 .text.USBD_CtlReceiveStatus
                0x08008ce0       0x26 ./Middlewares/STM32_USBD_Library/Core/usbd_ioreq.o
                0x08008ce0                USBD_CtlReceiveStatus
 *fill*         0x08008d06        0x2 
 .text.__libc_init_array
                0x08008d08       0x48 D:/stm32cube/STM32CubeIDE_2.2.0/STM32CubeIDE/plugins/com.st.stm32cube.ide.mcu.externaltools.gnu-tools-for-stm32.14.3.rel1.win32_1.0.100.202602081740/tools/bin/../lib/gcc/arm-none-eabi/14.3.1/../../../../arm-none-eabi/lib/thumb/v7e-m+fp/softfp\libc_nano.a(libc_a-init.o)
                0x08008d08                __libc_init_array
 *(.glue_7)
 .glue_7        0x08008d50        0x0 linker stubs
 *(.glue_7t)
 .glue_7t       0x08008d50        0x0 linker stubs
 *(.eh_frame)
 .eh_frame      0x08008d50        0x0 D:/stm32cube/STM32CubeIDE_2.2.0/STM32CubeIDE/plugins/com.st.stm32cube.ide.mcu.externaltools.gnu-tools-for-stm32.14.3.rel1.win32_1.0.100.202602081740/tools/bin/../lib/gcc/arm-none-eabi/14.3.1/thumb/v7e-m+fp/softfp/crtbegin.o
 *(.init)
 .init          0x08008d50        0x4 D:/stm32cube/STM32CubeIDE_2.2.0/STM32CubeIDE/plugins/com.st.stm32cube.ide.mcu.externaltools.gnu-tools-for-stm32.14.3.rel1.win32_1.0.100.202602081740/tools/bin/../lib/gcc/arm-none-eabi/14.3.1/thumb/v7e-m+fp/softfp/crti.o
                0x08008d50                _init
 .init          0x08008d54        0x8 D:/stm32cube/STM32CubeIDE_2.2.0/STM32CubeIDE/plugins/com.st.stm32cube.ide.mcu.externaltools.gnu-tools-for-stm32.14.3.rel1.win32_1.0.100.202602081740/tools/bin/../lib/gcc/arm-none-eabi/14.3.1/thumb/v7e-m+fp/softfp/crtn.o
 *(.fini)
 .fini          0x08008d5c        0x4 D:/stm32cube/STM32CubeIDE_2.2.0/STM32CubeIDE/plugins/com.st.stm32cube.ide.mcu.externaltools.gnu-tools-for-stm32.14.3.rel1.win32_1.0.100.202602081740/tools/bin/../lib/gcc/arm-none-eabi/14.3.1/thumb/v7e-m+fp/softfp/crti.o
                0x08008d5c                _fini
 .fini          0x08008d60        0x8 D:/stm32cube/STM32CubeIDE_2.2.0/STM32CubeIDE/plugins/com.st.stm32cube.ide.mcu.externaltools.gnu-tools-for-stm32.14.3.rel1.win32_1.0.100.202602081740/tools/bin/../lib/gcc/arm-none-eabi/14.3.1/thumb/v7e-m+fp/softfp/crtn.o
                0x08008d68                        . = ALIGN (0x8)
                0x08008d68                        _etext = .

.vfp11_veneer   0x08008d68        0x0
 .vfp11_veneer  0x08008d68        0x0 linker stubs

.v4_bx          0x08008d68        0x0
 .v4_bx         0x08008d68        0x0 linker stubs

.iplt           0x08008d68        0x0
 .iplt          0x08008d68        0x0 D:/stm32cube/STM32CubeIDE_2.2.0/STM32CubeIDE/plugins/com.st.stm32cube.ide.mcu.externaltools.gnu-tools-for-stm32.14.3.rel1.win32_1.0.100.202602081740/tools/bin/../lib/gcc/arm-none-eabi/14.3.1/thumb/v7e-m+fp/softfp/crtbegin.o

.rodata         0x08008d68       0x58
                0x08008d68                        . = ALIGN (0x8)
 *(.rodata)
 .rodata        0x08008d68        0xc ./Drivers/BSP/STWIN/STWIN.o
 .rodata        0x08008d74       0x48 ./Drivers/CMSIS/system_stm32l4xx.o
                0x08008d74                AHBPrescTable
                0x08008d84                APBPrescTable
                0x08008d8c                MSIRangeTable
 *(.rodata*)
                0x08008dc0                        . = ALIGN (0x8)
 *fill*         0x08008dbc        0x4 

.ARM.extab      0x08008dc0        0x0
                0x08008dc0                        . = ALIGN (0x8)
 *(.ARM.extab* .gnu.linkonce.armextab.*)
                0x08008dc0                        . = ALIGN (0x8)

.ARM            0x08008dc0        0x0
                0x08008dc0                        . = ALIGN (0x8)
                0x08008dc0                        __exidx_start = .
 *(.ARM.exidx*)
                0x08008dc0                        __exidx_end = .
                0x08008dc0                        . = ALIGN (0x8)

.preinit_array  0x08008dc0        0x0
                0x08008dc0                        . = ALIGN (0x8)
                0x08008dc0                        PROVIDE (__preinit_array_start = .)
 *(.preinit_array*)
                0x08008dc0                        PROVIDE (__preinit_array_end = .)
                0x08008dc0                        . = ALIGN (0x8)

.init_array     0x08008dc0        0x8
                0x08008dc0                        . = ALIGN (0x8)
                0x08008dc0                        PROVIDE (__init_array_start = .)
 *(SORT_BY_NAME(.init_array.*))
 *(.init_array*)
 .init_array    0x08008dc0        0x4 D:/stm32cube/STM32CubeIDE_2.2.0/STM32CubeIDE/plugins/com.st.stm32cube.ide.mcu.externaltools.gnu-tools-for-stm32.14.3.rel1.win32_1.0.100.202602081740/tools/bin/../lib/gcc/arm-none-eabi/14.3.1/thumb/v7e-m+fp/softfp/crtbegin.o
                0x08008dc4                        PROVIDE (__init_array_end = .)
                0x08008dc8                        . = ALIGN (0x8)
 *fill*         0x08008dc4        0x4 

.fini_array     0x08008dc8        0x8
                0x08008dc8                        . = ALIGN (0x8)
                [!provide]                        PROVIDE (__fini_array_start = .)
 *(SORT_BY_NAME(.fini_array.*))
 *(.fini_array*)
 .fini_array    0x08008dc8        0x4 D:/stm32cube/STM32CubeIDE_2.2.0/STM32CubeIDE/plugins/com.st.stm32cube.ide.mcu.externaltools.gnu-tools-for-stm32.14.3.rel1.win32_1.0.100.202602081740/tools/bin/../lib/gcc/arm-none-eabi/14.3.1/thumb/v7e-m+fp/softfp/crtbegin.o
                [!provide]                        PROVIDE (__fini_array_end = .)
                0x08008dd0                        . = ALIGN (0x8)
 *fill*         0x08008dcc        0x4 
                0x08008dd0                        _sidata = LOADADDR (.data)

.rel.dyn        0x08008dd0        0x0
 .rel.iplt      0x08008dd0        0x0 D:/stm32cube/STM32CubeIDE_2.2.0/STM32CubeIDE/plugins/com.st.stm32cube.ide.mcu.externaltools.gnu-tools-for-stm32.14.3.rel1.win32_1.0.100.202602081740/tools/bin/../lib/gcc/arm-none-eabi/14.3.1/thumb/v7e-m+fp/softfp/crtbegin.o

.data           0x20000000       0x20 load address 0x08008dd0
                0x20000000                        . = ALIGN (0x8)
                0x20000000                        _sdata = .
 *(.data)
 .data          0x20000000       0x10 ./Drivers/BSP/STWIN/STWIN.o
 .data          0x20000010        0x4 ./Drivers/CMSIS/system_stm32l4xx.o
                0x20000010                SystemCoreClock
 .data          0x20000014        0x5 ./Drivers/STM32L4xx_HAL_Driver/stm32l4xx_hal.o
                0x20000014                uwTickPrio
                0x20000018                uwTickFreq
 *(.data*)
                0x20000020                        . = ALIGN (0x8)
 *fill*         0x20000019        0x7 
                0x20000020                        _edata = .

.igot.plt       0x20000020        0x0 load address 0x08008df0
 .igot.plt      0x20000020        0x0 D:/stm32cube/STM32CubeIDE_2.2.0/STM32CubeIDE/plugins/com.st.stm32cube.ide.mcu.externaltools.gnu-tools-for-stm32.14.3.rel1.win32_1.0.100.202602081740/tools/bin/../lib/gcc/arm-none-eabi/14.3.1/thumb/v7e-m+fp/softfp/crtbegin.o
                0x20000020                        . = ALIGN (0x4)

.bss            0x20000020      0xcfc load address 0x08008df0
                0x20000020                        _sbss = .
                0x20000020                        __bss_start__ = _sbss
 *(.bss)
 .bss           0x20000020       0x1c D:/stm32cube/STM32CubeIDE_2.2.0/STM32CubeIDE/plugins/com.st.stm32cube.ide.mcu.externaltools.gnu-tools-for-stm32.14.3.rel1.win32_1.0.100.202602081740/tools/bin/../lib/gcc/arm-none-eabi/14.3.1/thumb/v7e-m+fp/softfp/crtbegin.o
 .bss           0x2000003c       0xd4 ./Application/User/audio_application.o
                0x2000003c                MicParams
                0x20000050                PCM_Buffer
 .bss           0x20000110      0x50c ./Application/User/usbd_conf_l4.o
                0x20000110                hpcd
 .bss           0x2000061c      0x100 ./Drivers/BSP/STWIN/STWIN.o
                0x200006b0                ADC1_Handle
 .bss           0x2000071c      0x5d4 ./Drivers/BSP/STWIN/STWIN_audio.o
                0x2000071c                AudioInCtx
                0x200007b4                AMic_OnBoard_DfsdmFilter
                0x20000840                AMic_OnBoard_Dma
                0x20000a20                DMic_OnBoard_DfsdmFilter
                0x20000aac                DMic_OnBoard_Dma
 .bss           0x20000cf0        0x4 ./Drivers/STM32L4xx_HAL_Driver/stm32l4xx_hal.o
                0x20000cf0                uwTick
 .bss           0x20000cf4       0x24 ./Drivers/STM32L4xx_HAL_Driver/stm32l4xx_hal_dfsdm.o
 .bss           0x20000d18        0x1 ./Middlewares/STM32_USBD_Library/Core/usbd_ctlreq.o
 *(.bss*)
 *(COMMON)
                0x20000d1c                        . = ALIGN (0x4)
 *fill*         0x20000d19        0x3 
                0x20000d1c                        _ebss = .
                0x20000d1c                        __bss_end__ = _ebss

._user_heap_stack
                0x20000d1c     0x4004 load address 0x08008df0
                0x20000d20                        . = ALIGN (0x8)
 *fill*         0x20000d1c        0x4 
                0x20000d20                        PROVIDE (end = .)
                [!provide]                        PROVIDE (_end = .)
                0x20002d20                        . = (. + _Min_Heap_Size)
 *fill*         0x20000d20     0x2000 
                0x20004d20                        . = (. + _Min_Stack_Size)
 *fill*         0x20002d20     0x2000 
                0x20004d20                        . = ALIGN (0x8)

/DISCARD/
 libc.a(*)
 libm.a(*)
 libgcc.a(*)

.ARM.attributes
                0x00000000       0x2e
 *(.ARM.attributes)
 .ARM.attributes
                0x00000000       0x22 D:/stm32cube/STM32CubeIDE_2.2.0/STM32CubeIDE/plugins/com.st.stm32cube.ide.mcu.externaltools.gnu-tools-for-stm32.14.3.rel1.win32_1.0.100.202602081740/tools/bin/../lib/gcc/arm-none-eabi/14.3.1/thumb/v7e-m+fp/softfp/crti.o
 .ARM.attributes
                0x00000022       0x32 D:/stm32cube/STM32CubeIDE_2.2.0/STM32CubeIDE/plugins/com.st.stm32cube.ide.mcu.externaltools.gnu-tools-for-stm32.14.3.rel1.win32_1.0.100.202602081740/tools/bin/../lib/gcc/arm-none-eabi/14.3.1/thumb/v7e-m+fp/softfp/crtbegin.o
 .ARM.attributes
                0x00000054       0x32 ./Application/Patch/stm32l4xx_hal_pcd_patch.o
 .ARM.attributes
                0x00000086       0x21 ./Application/SW4STM32/startup_stm32l4r9xx.o
 .ARM.attributes
                0x000000a7       0x32 ./Application/User/audio_application.o
 .ARM.attributes
                0x000000d9       0x32 ./Application/User/cube_hal_l4.o
 .ARM.attributes
                0x0000010b       0x32 ./Application/User/main.o
 .ARM.attributes
                0x0000013d       0x32 ./Application/User/stm32xx_it.o
 .ARM.attributes
                0x0000016f       0x32 ./Application/User/usbd_conf_l4.o
 .ARM.attributes
                0x000001a1       0x32 ./Drivers/BSP/STWIN/STWIN.o
 .ARM.attributes
                0x000001d3       0x32 ./Drivers/BSP/STWIN/STWIN_audio.o
 .ARM.attributes
                0x00000205       0x32 ./Drivers/CMSIS/system_stm32l4xx.o
 .ARM.attributes
                0x00000237       0x32 ./Drivers/STM32L4xx_HAL_Driver/stm32l4xx_hal.o
 .ARM.attributes
                0x00000269       0x32 ./Drivers/STM32L4xx_HAL_Driver/stm32l4xx_hal_adc.o
 .ARM.attributes
                0x0000029b       0x32 ./Drivers/STM32L4xx_HAL_Driver/stm32l4xx_hal_adc_ex.o
 .ARM.attributes
                0x000002cd       0x32 ./Drivers/STM32L4xx_HAL_Driver/stm32l4xx_hal_cortex.o
 .ARM.attributes
                0x000002ff       0x32 ./Drivers/STM32L4xx_HAL_Driver/stm32l4xx_hal_dfsdm.o
 .ARM.attributes
                0x00000331       0x32 ./Drivers/STM32L4xx_HAL_Driver/stm32l4xx_hal_dma.o
 .ARM.attributes
                0x00000363       0x32 ./Drivers/STM32L4xx_HAL_Driver/stm32l4xx_hal_gpio.o
 .ARM.attributes
                0x00000395       0x32 ./Drivers/STM32L4xx_HAL_Driver/stm32l4xx_hal_pcd_ex.o
 .ARM.attributes
                0x000003c7       0x32 ./Drivers/STM32L4xx_HAL_Driver/stm32l4xx_hal_pwr.o
 .ARM.attributes
                0x000003f9       0x32 ./Drivers/STM32L4xx_HAL_Driver/stm32l4xx_hal_pwr_ex.o
 .ARM.attributes
                0x0000042b       0x32 ./Drivers/STM32L4xx_HAL_Driver/stm32l4xx_hal_rcc.o
 .ARM.attributes
                0x0000045d       0x32 ./Drivers/STM32L4xx_HAL_Driver/stm32l4xx_hal_rcc_ex.o
 .ARM.attributes
                0x0000048f       0x32 ./Drivers/STM32L4xx_HAL_Driver/stm32l4xx_ll_usb.o
 .ARM.attributes
                0x000004c1       0x32 ./Middlewares/STM32_USBD_Library/Core/usbd_core.o
 .ARM.attributes
                0x000004f3       0x32 ./Middlewares/STM32_USBD_Library/Core/usbd_ctlreq.o
 .ARM.attributes
                0x00000525       0x32 ./Middlewares/STM32_USBD_Library/Core/usbd_ioreq.o
 .ARM.attributes
                0x00000557       0x32 D:/stm32cube/STM32CubeIDE_2.2.0/STM32CubeIDE/plugins/com.st.stm32cube.ide.mcu.externaltools.gnu-tools-for-stm32.14.3.rel1.win32_1.0.100.202602081740/tools/bin/../lib/gcc/arm-none-eabi/14.3.1/../../../../arm-none-eabi/lib/thumb/v7e-m+fp/softfp\libc_nano.a(libc_a-init.o)
 .ARM.attributes
                0x00000589       0x22 D:/stm32cube/STM32CubeIDE_2.2.0/STM32CubeIDE/plugins/com.st.stm32cube.ide.mcu.externaltools.gnu-tools-for-stm32.14.3.rel1.win32_1.0.100.202602081740/tools/bin/../lib/gcc/arm-none-eabi/14.3.1/thumb/v7e-m+fp/softfp/crtn.o
OUTPUT(OnBoardMics.elf elf32-littlearm)
LOAD linker stubs
LOAD D:/stm32cube/STM32CubeIDE_2.2.0/STM32CubeIDE/plugins/com.st.stm32cube.ide.mcu.externaltools.gnu-tools-for-stm32.14.3.rel1.win32_1.0.100.202602081740/tools/bin/../lib/gcc/arm-none-eabi/14.3.1/../../../../arm-none-eabi/lib/thumb/v7e-m+fp/softfp\libc.a
LOAD D:/stm32cube/STM32CubeIDE_2.2.0/STM32CubeIDE/plugins/com.st.stm32cube.ide.mcu.externaltools.gnu-tools-for-stm32.14.3.rel1.win32_1.0.100.202602081740/tools/bin/../lib/gcc/arm-none-eabi/14.3.1/../../../../arm-none-eabi/lib/thumb/v7e-m+fp/softfp\libm.a
LOAD D:/stm32cube/STM32CubeIDE_2.2.0/STM32CubeIDE/plugins/com.st.stm32cube.ide.mcu.externaltools.gnu-tools-for-stm32.14.3.rel1.win32_1.0.100.202602081740/tools/bin/../lib/gcc/arm-none-eabi/14.3.1/thumb/v7e-m+fp/softfp\libgcc.a

.debug_info     0x00000000    0x18fd8
 .debug_info    0x00000000     0x14c8 ./Application/Patch/stm32l4xx_hal_pcd_patch.o
 .debug_info    0x000014c8       0x30 ./Application/SW4STM32/startup_stm32l4r9xx.o
 .debug_info    0x000014f8      0x2b1 ./Application/User/audio_application.o
 .debug_info    0x000017a9      0xa7c ./Application/User/cube_hal_l4.o
 .debug_info    0x00002225      0xb3c ./Application/User/main.o
 .debug_info    0x00002d61     0x1158 ./Application/User/stm32xx_it.o
 .debug_info    0x00003eb9     0x1d2b ./Application/User/usbd_conf_l4.o
 .debug_info    0x00005be4     0x1a80 ./Drivers/BSP/STWIN/STWIN.o
 .debug_info    0x00007664     0x2229 ./Drivers/BSP/STWIN/STWIN_audio.o
 .debug_info    0x0000988d      0x5e9 ./Drivers/CMSIS/system_stm32l4xx.o
 .debug_info    0x00009e76      0xcb0 ./Drivers/STM32L4xx_HAL_Driver/stm32l4xx_hal.o
 .debug_info    0x0000ab26     0x1e20 ./Drivers/STM32L4xx_HAL_Driver/stm32l4xx_hal_adc.o
 .debug_info    0x0000c946     0x1934 ./Drivers/STM32L4xx_HAL_Driver/stm32l4xx_hal_adc_ex.o
 .debug_info    0x0000e27a      0xd7c ./Drivers/STM32L4xx_HAL_Driver/stm32l4xx_hal_cortex.o
 .debug_info    0x0000eff6     0x1b78 ./Drivers/STM32L4xx_HAL_Driver/stm32l4xx_hal_dfsdm.o
 .debug_info    0x00010b6e      0x841 ./Drivers/STM32L4xx_HAL_Driver/stm32l4xx_hal_dma.o
 .debug_info    0x000113af      0x787 ./Drivers/STM32L4xx_HAL_Driver/stm32l4xx_hal_gpio.o
 .debug_info    0x00011b36      0x89e ./Drivers/STM32L4xx_HAL_Driver/stm32l4xx_hal_pcd_ex.o
 .debug_info    0x000123d4      0x99e ./Drivers/STM32L4xx_HAL_Driver/stm32l4xx_hal_pwr.o
 .debug_info    0x00012d72      0xa0a ./Drivers/STM32L4xx_HAL_Driver/stm32l4xx_hal_pwr_ex.o
 .debug_info    0x0001377c      0xd32 ./Drivers/STM32L4xx_HAL_Driver/stm32l4xx_hal_rcc.o
 .debug_info    0x000144ae     0x1181 ./Drivers/STM32L4xx_HAL_Driver/stm32l4xx_hal_rcc_ex.o
 .debug_info    0x0001562f     0x1971 ./Drivers/STM32L4xx_HAL_Driver/stm32l4xx_ll_usb.o
 .debug_info    0x00016fa0      0xe05 ./Middlewares/STM32_USBD_Library/Core/usbd_core.o
 .debug_info    0x00017da5      0xade ./Middlewares/STM32_USBD_Library/Core/usbd_ctlreq.o
 .debug_info    0x00018883      0x755 ./Middlewares/STM32_USBD_Library/Core/usbd_ioreq.o

.debug_abbrev   0x00000000     0x39b2
 .debug_abbrev  0x00000000      0x2cf ./Application/Patch/stm32l4xx_hal_pcd_patch.o
 .debug_abbrev  0x000002cf       0x24 ./Application/SW4STM32/startup_stm32l4r9xx.o
 .debug_abbrev  0x000002f3      0x15e ./Application/User/audio_application.o
 .debug_abbrev  0x00000451      0x16d ./Application/User/cube_hal_l4.o
 .debug_abbrev  0x000005be      0x1a0 ./Application/User/main.o
 .debug_abbrev  0x0000075e      0x1e1 ./Application/User/stm32xx_it.o
 .debug_abbrev  0x0000093f      0x334 ./Application/User/usbd_conf_l4.o
 .debug_abbrev  0x00000c73      0x324 ./Drivers/BSP/STWIN/STWIN.o
 .debug_abbrev  0x00000f97      0x2a3 ./Drivers/BSP/STWIN/STWIN_audio.o
 .debug_abbrev  0x0000123a      0x11a ./Drivers/CMSIS/system_stm32l4xx.o
 .debug_abbrev  0x00001354      0x262 ./Drivers/STM32L4xx_HAL_Driver/stm32l4xx_hal.o
 .debug_abbrev  0x000015b6      0x2d4 ./Drivers/STM32L4xx_HAL_Driver/stm32l4xx_hal_adc.o
 .debug_abbrev  0x0000188a      0x2d5 ./Drivers/STM32L4xx_HAL_Driver/stm32l4xx_hal_adc_ex.o
 .debug_abbrev  0x00001b5f      0x327 ./Drivers/STM32L4xx_HAL_Driver/stm32l4xx_hal_cortex.o
 .debug_abbrev  0x00001e86      0x27b ./Drivers/STM32L4xx_HAL_Driver/stm32l4xx_hal_dfsdm.o
 .debug_abbrev  0x00002101      0x1e2 ./Drivers/STM32L4xx_HAL_Driver/stm32l4xx_hal_dma.o
 .debug_abbrev  0x000022e3      0x1cb ./Drivers/STM32L4xx_HAL_Driver/stm32l4xx_hal_gpio.o
 .debug_abbrev  0x000024ae      0x256 ./Drivers/STM32L4xx_HAL_Driver/stm32l4xx_hal_pcd_ex.o
 .debug_abbrev  0x00002704      0x1d4 ./Drivers/STM32L4xx_HAL_Driver/stm32l4xx_hal_pwr.o
 .debug_abbrev  0x000028d8      0x1f9 ./Drivers/STM32L4xx_HAL_Driver/stm32l4xx_hal_pwr_ex.o
 .debug_abbrev  0x00002ad1      0x306 ./Drivers/STM32L4xx_HAL_Driver/stm32l4xx_hal_rcc.o
 .debug_abbrev  0x00002dd7      0x2a3 ./Drivers/STM32L4xx_HAL_Driver/stm32l4xx_hal_rcc_ex.o
 .debug_abbrev  0x0000307a      0x2b3 ./Drivers/STM32L4xx_HAL_Driver/stm32l4xx_ll_usb.o
 .debug_abbrev  0x0000332d      0x27c ./Middlewares/STM32_USBD_Library/Core/usbd_core.o
 .debug_abbrev  0x000035a9      0x26f ./Middlewares/STM32_USBD_Library/Core/usbd_ctlreq.o
 .debug_abbrev  0x00003818      0x19a ./Middlewares/STM32_USBD_Library/Core/usbd_ioreq.o

.debug_aranges  0x00000000     0x15d0
 .debug_aranges
                0x00000000      0x138 ./Application/Patch/stm32l4xx_hal_pcd_patch.o
 .debug_aranges
                0x00000138       0x28 ./Application/SW4STM32/startup_stm32l4r9xx.o
 .debug_aranges
                0x00000160       0x48 ./Application/User/audio_application.o
 .debug_aranges
                0x000001a8       0x20 ./Application/User/cube_hal_l4.o
 .debug_aranges
                0x000001c8       0x20 ./Application/User/main.o
 .debug_aranges
                0x000001e8       0x78 ./Application/User/stm32xx_it.o
 .debug_aranges
                0x00000260      0x100 ./Application/User/usbd_conf_l4.o
 .debug_aranges
                0x00000360       0xc8 ./Drivers/BSP/STWIN/STWIN.o
 .debug_aranges
                0x00000428      0x110 ./Drivers/BSP/STWIN/STWIN_audio.o
 .debug_aranges
                0x00000538       0x28 ./Drivers/CMSIS/system_stm32l4xx.o
 .debug_aranges
                0x00000560      0x130 ./Drivers/STM32L4xx_HAL_Driver/stm32l4xx_hal.o
 .debug_aranges
                0x00000690      0x218 ./Drivers/STM32L4xx_HAL_Driver/stm32l4xx_hal_adc.o
 .debug_aranges
                0x000008a8      0x178 ./Drivers/STM32L4xx_HAL_Driver/stm32l4xx_hal_adc_ex.o
 .debug_aranges
                0x00000a20      0x118 ./Drivers/STM32L4xx_HAL_Driver/stm32l4xx_hal_cortex.o
 .debug_aranges
                0x00000b38      0x248 ./Drivers/STM32L4xx_HAL_Driver/stm32l4xx_hal_dfsdm.o
 .debug_aranges
                0x00000d80       0x90 ./Drivers/STM32L4xx_HAL_Driver/stm32l4xx_hal_dma.o
 .debug_aranges
                0x00000e10       0x58 ./Drivers/STM32L4xx_HAL_Driver/stm32l4xx_hal_gpio.o
 .debug_aranges
                0x00000e68       0x60 ./Drivers/STM32L4xx_HAL_Driver/stm32l4xx_hal_pcd_ex.o
 .debug_aranges
                0x00000ec8       0x98 ./Drivers/STM32L4xx_HAL_Driver/stm32l4xx_hal_pwr.o
 .debug_aranges
                0x00000f60      0x170 ./Drivers/STM32L4xx_HAL_Driver/stm32l4xx_hal_pwr_ex.o
 .debug_aranges
                0x000010d0       0x98 ./Drivers/STM32L4xx_HAL_Driver/stm32l4xx_hal_rcc.o
 .debug_aranges
                0x00001168      0x110 ./Drivers/STM32L4xx_HAL_Driver/stm32l4xx_hal_rcc_ex.o
 .debug_aranges
                0x00001278      0x1a0 ./Drivers/STM32L4xx_HAL_Driver/stm32l4xx_ll_usb.o
 .debug_aranges
                0x00001418       0xd8 ./Middlewares/STM32_USBD_Library/Core/usbd_core.o
 .debug_aranges
                0x000014f0       0x90 ./Middlewares/STM32_USBD_Library/Core/usbd_ctlreq.o
 .debug_aranges
                0x00001580       0x50 ./Middlewares/STM32_USBD_Library/Core/usbd_ioreq.o

.debug_rnglists
                0x00000000     0x1073
 .debug_rnglists
                0x00000000       0xed ./Application/Patch/stm32l4xx_hal_pcd_patch.o
 .debug_rnglists
                0x000000ed       0x19 ./Application/SW4STM32/startup_stm32l4r9xx.o
 .debug_rnglists
                0x00000106       0x31 ./Application/User/audio_application.o
 .debug_rnglists
                0x00000137       0x14 ./Application/User/cube_hal_l4.o
 .debug_rnglists
                0x0000014b       0x13 ./Application/User/main.o
 .debug_rnglists
                0x0000015e       0x55 ./Application/User/stm32xx_it.o
 .debug_rnglists
                0x000001b3       0xbd ./Application/User/usbd_conf_l4.o
 .debug_rnglists
                0x00000270       0x96 ./Drivers/BSP/STWIN/STWIN.o
 .debug_rnglists
                0x00000306       0xd7 ./Drivers/BSP/STWIN/STWIN_audio.o
 .debug_rnglists
                0x000003dd       0x1a ./Drivers/CMSIS/system_stm32l4xx.o
 .debug_rnglists
                0x000003f7       0xdf ./Drivers/STM32L4xx_HAL_Driver/stm32l4xx_hal.o
 .debug_rnglists
                0x000004d6      0x19c ./Drivers/STM32L4xx_HAL_Driver/stm32l4xx_hal_adc.o
 .debug_rnglists
                0x00000672      0x120 ./Drivers/STM32L4xx_HAL_Driver/stm32l4xx_hal_adc_ex.o
 .debug_rnglists
                0x00000792       0xce ./Drivers/STM32L4xx_HAL_Driver/stm32l4xx_hal_cortex.o
 .debug_rnglists
                0x00000860      0x1c7 ./Drivers/STM32L4xx_HAL_Driver/stm32l4xx_hal_dfsdm.o
 .debug_rnglists
                0x00000a27       0x71 ./Drivers/STM32L4xx_HAL_Driver/stm32l4xx_hal_dma.o
 .debug_rnglists
                0x00000a98       0x3f ./Drivers/STM32L4xx_HAL_Driver/stm32l4xx_hal_gpio.o
 .debug_rnglists
                0x00000ad7       0x45 ./Drivers/STM32L4xx_HAL_Driver/stm32l4xx_hal_pcd_ex.o
 .debug_rnglists
                0x00000b1c       0x6e ./Drivers/STM32L4xx_HAL_Driver/stm32l4xx_hal_pwr.o
 .debug_rnglists
                0x00000b8a      0x115 ./Drivers/STM32L4xx_HAL_Driver/stm32l4xx_hal_pwr_ex.o
 .debug_rnglists
                0x00000c9f       0x74 ./Drivers/STM32L4xx_HAL_Driver/stm32l4xx_hal_rcc.o
 .debug_rnglists
                0x00000d13       0xd4 ./Drivers/STM32L4xx_HAL_Driver/stm32l4xx_hal_rcc_ex.o
 .debug_rnglists
                0x00000de7      0x146 ./Drivers/STM32L4xx_HAL_Driver/stm32l4xx_ll_usb.o
 .debug_rnglists
                0x00000f2d       0xa1 ./Middlewares/STM32_USBD_Library/Core/usbd_core.o
 .debug_rnglists
                0x00000fce       0x6e ./Middlewares/STM32_USBD_Library/Core/usbd_ctlreq.o
 .debug_rnglists
                0x0000103c       0x37 ./Middlewares/STM32_USBD_Library/Core/usbd_ioreq.o

.debug_macro    0x00000000    0x3dfc6
 .debug_macro   0x00000000      0x46e ./Application/Patch/stm32l4xx_hal_pcd_patch.o
 .debug_macro   0x0000046e      0xade ./Application/Patch/stm32l4xx_hal_pcd_patch.o
 .debug_macro   0x00000f4c      0x28a ./Application/Patch/stm32l4xx_hal_pcd_patch.o
 .debug_macro   0x000011d6       0x2e ./Application/Patch/stm32l4xx_hal_pcd_patch.o
 .debug_macro   0x00001204       0x28 ./Application/Patch/stm32l4xx_hal_pcd_patch.o
 .debug_macro   0x0000122c       0x22 ./Application/Patch/stm32l4xx_hal_pcd_patch.o
 .debug_macro   0x0000124e       0x8e ./Application/Patch/stm32l4xx_hal_pcd_patch.o
 .debug_macro   0x000012dc       0x51 ./Application/Patch/stm32l4xx_hal_pcd_patch.o
 .debug_macro   0x0000132d      0x103 ./Application/Patch/stm32l4xx_hal_pcd_patch.o
 .debug_macro   0x00001430       0x6a ./Application/Patch/stm32l4xx_hal_pcd_patch.o
 .debug_macro   0x0000149a      0x1df ./Application/Patch/stm32l4xx_hal_pcd_patch.o
 .debug_macro   0x00001679       0x1c ./Application/Patch/stm32l4xx_hal_pcd_patch.o
 .debug_macro   0x00001695       0x22 ./Application/Patch/stm32l4xx_hal_pcd_patch.o
 .debug_macro   0x000016b7       0xfb ./Application/Patch/stm32l4xx_hal_pcd_patch.o
 .debug_macro   0x000017b2     0x1011 ./Application/Patch/stm32l4xx_hal_pcd_patch.o
 .debug_macro   0x000027c3      0x11f ./Application/Patch/stm32l4xx_hal_pcd_patch.o
 .debug_macro   0x000028e2    0x22e83 ./Application/Patch/stm32l4xx_hal_pcd_patch.o
 .debug_macro   0x00025765       0x6d ./Application/Patch/stm32l4xx_hal_pcd_patch.o
 .debug_macro   0x000257d2     0x38ed ./Application/Patch/stm32l4xx_hal_pcd_patch.o
 .debug_macro   0x000290bf      0x190 ./Application/Patch/stm32l4xx_hal_pcd_patch.o
 .debug_macro   0x0002924f       0x5c ./Application/Patch/stm32l4xx_hal_pcd_patch.o
 .debug_macro   0x000292ab     0x1956 ./Application/Patch/stm32l4xx_hal_pcd_patch.o
 .debug_macro   0x0002ac01      0x83e ./Application/Patch/stm32l4xx_hal_pcd_patch.o
 .debug_macro   0x0002b43f      0x1b9 ./Application/Patch/stm32l4xx_hal_pcd_patch.o
 .debug_macro   0x0002b5f8      0x225 ./Application/Patch/stm32l4xx_hal_pcd_patch.o
 .debug_macro   0x0002b81d      0x486 ./Application/Patch/stm32l4xx_hal_pcd_patch.o
 .debug_macro   0x0002bca3      0x1ce ./Application/Patch/stm32l4xx_hal_pcd_patch.o
 .debug_macro   0x0002be71       0x43 ./Application/Patch/stm32l4xx_hal_pcd_patch.o
 .debug_macro   0x0002beb4      0x1fb ./Application/Patch/stm32l4xx_hal_pcd_patch.o
 .debug_macro   0x0002c0af       0x10 ./Application/Patch/stm32l4xx_hal_pcd_patch.o
 .debug_macro   0x0002c0bf       0xb3 ./Application/Patch/stm32l4xx_hal_pcd_patch.o
 .debug_macro   0x0002c172      0x23d ./Application/Patch/stm32l4xx_hal_pcd_patch.o
 .debug_macro   0x0002c3af      0xe02 ./Application/Patch/stm32l4xx_hal_pcd_patch.o
 .debug_macro   0x0002d1b1      0x624 ./Application/Patch/stm32l4xx_hal_pcd_patch.o
 .debug_macro   0x0002d7d5      0x24f ./Application/Patch/stm32l4xx_hal_pcd_patch.o
 .debug_macro   0x0002da24      0x408 ./Application/Patch/stm32l4xx_hal_pcd_patch.o
 .debug_macro   0x0002de2c      0x124 ./Application/Patch/stm32l4xx_hal_pcd_patch.o
 .debug_macro   0x0002df50      0x26b ./Application/Patch/stm32l4xx_hal_pcd_patch.o
 .debug_macro   0x0002e1bb       0xc7 ./Application/Patch/stm32l4xx_hal_pcd_patch.o
 .debug_macro   0x0002e282       0x4c ./Application/Patch/stm32l4xx_hal_pcd_patch.o
 .debug_macro   0x0002e2ce      0x184 ./Application/Patch/stm32l4xx_hal_pcd_patch.o
 .debug_macro   0x0002e452       0xdf ./Application/Patch/stm32l4xx_hal_pcd_patch.o
 .debug_macro   0x0002e531      0x22c ./Application/Patch/stm32l4xx_hal_pcd_patch.o
 .debug_macro   0x0002e75d      0x26a ./Application/Patch/stm32l4xx_hal_pcd_patch.o
 .debug_macro   0x0002e9c7      0x6fc ./Application/Patch/stm32l4xx_hal_pcd_patch.o
 .debug_macro   0x0002f0c3      0x241 ./Application/Patch/stm32l4xx_hal_pcd_patch.o
 .debug_macro   0x0002f304       0xb2 ./Application/Patch/stm32l4xx_hal_pcd_patch.o
 .debug_macro   0x0002f3b6       0xa8 ./Application/Patch/stm32l4xx_hal_pcd_patch.o
 .debug_macro   0x0002f45e      0x416 ./Application/Patch/stm32l4xx_hal_pcd_patch.o
 .debug_macro   0x0002f874       0x1c ./Application/Patch/stm32l4xx_hal_pcd_patch.o
 .debug_macro   0x0002f890       0xf2 ./Application/Patch/stm32l4xx_hal_pcd_patch.o
 .debug_macro   0x0002f982      0x209 ./Application/Patch/stm32l4xx_hal_pcd_patch.o
 .debug_macro   0x0002fb8b       0x7d ./Application/Patch/stm32l4xx_hal_pcd_patch.o
 .debug_macro   0x0002fc08      0x22c ./Application/Patch/stm32l4xx_hal_pcd_patch.o
 .debug_macro   0x0002fe34       0x61 ./Application/Patch/stm32l4xx_hal_pcd_patch.o
 .debug_macro   0x0002fe95       0xa5 ./Application/Patch/stm32l4xx_hal_pcd_patch.o
 .debug_macro   0x0002ff3a      0x313 ./Application/Patch/stm32l4xx_hal_pcd_patch.o
 .debug_macro   0x0003024d       0x30 ./Application/Patch/stm32l4xx_hal_pcd_patch.o
 .debug_macro   0x0003027d       0x85 ./Application/Patch/stm32l4xx_hal_pcd_patch.o
 .debug_macro   0x00030302      0x2b6 ./Application/Patch/stm32l4xx_hal_pcd_patch.o
 .debug_macro   0x000305b8      0x198 ./Application/Patch/stm32l4xx_hal_pcd_patch.o
 .debug_macro   0x00030750       0xd6 ./Application/Patch/stm32l4xx_hal_pcd_patch.o
 .debug_macro   0x00030826      0x32d ./Application/Patch/stm32l4xx_hal_pcd_patch.o
 .debug_macro   0x00030b53       0xdd ./Application/Patch/stm32l4xx_hal_pcd_patch.o
 .debug_macro   0x00030c30       0x88 ./Application/Patch/stm32l4xx_hal_pcd_patch.o
 .debug_macro   0x00030cb8       0xf8 ./Application/Patch/stm32l4xx_hal_pcd_patch.o
 .debug_macro   0x00030db0      0x486 ./Application/Patch/stm32l4xx_hal_pcd_patch.o
 .debug_macro   0x00031236       0x97 ./Application/Patch/stm32l4xx_hal_pcd_patch.o
 .debug_macro   0x000312cd      0x122 ./Application/Patch/stm32l4xx_hal_pcd_patch.o
 .debug_macro   0x000313ef      0x3f6 ./Application/Patch/stm32l4xx_hal_pcd_patch.o
 .debug_macro   0x000317e5       0xb9 ./Application/Patch/stm32l4xx_hal_pcd_patch.o
 .debug_macro   0x0003189e      0x321 ./Application/Patch/stm32l4xx_hal_pcd_patch.o
 .debug_macro   0x00031bbf      0x4fb ./Application/Patch/stm32l4xx_hal_pcd_patch.o
 .debug_macro   0x000320ba       0xeb ./Application/Patch/stm32l4xx_hal_pcd_patch.o
 .debug_macro   0x000321a5      0x39f ./Application/Patch/stm32l4xx_hal_pcd_patch.o
 .debug_macro   0x00032544       0x10 ./Application/Patch/stm32l4xx_hal_pcd_patch.o
 .debug_macro   0x00032554       0xdd ./Application/Patch/stm32l4xx_hal_pcd_patch.o
 .debug_macro   0x00032631      0x822 ./Application/Patch/stm32l4xx_hal_pcd_patch.o
 .debug_macro   0x00032e53      0x1ce ./Application/Patch/stm32l4xx_hal_pcd_patch.o
 .debug_macro   0x00033021      0x31a ./Application/Patch/stm32l4xx_hal_pcd_patch.o
 .debug_macro   0x0003333b      0x214 ./Application/Patch/stm32l4xx_hal_pcd_patch.o
 .debug_macro   0x0003354f      0x35a ./Application/Patch/stm32l4xx_hal_pcd_patch.o
 .debug_macro   0x000338a9       0x46 ./Application/Patch/stm32l4xx_hal_pcd_patch.o
 .debug_macro   0x000338ef      0x2fe ./Application/Patch/stm32l4xx_hal_pcd_patch.o
 .debug_macro   0x00033bed       0x10 ./Application/Patch/stm32l4xx_hal_pcd_patch.o
 .debug_macro   0x00033bfd      0xa98 ./Application/Patch/stm32l4xx_hal_pcd_patch.o
 .debug_macro   0x00034695      0x196 ./Application/Patch/stm32l4xx_hal_pcd_patch.o
 .debug_macro   0x0003482b      0x3de ./Application/Patch/stm32l4xx_hal_pcd_patch.o
 .debug_macro   0x00034c09      0x693 ./Application/Patch/stm32l4xx_hal_pcd_patch.o
 .debug_macro   0x0003529c       0xa6 ./Application/Patch/stm32l4xx_hal_pcd_patch.o
 .debug_macro   0x00035342      0x352 ./Application/Patch/stm32l4xx_hal_pcd_patch.o
 .debug_macro   0x00035694       0xc0 ./Application/Patch/stm32l4xx_hal_pcd_patch.o
 .debug_macro   0x00035754       0x8d ./Application/Patch/stm32l4xx_hal_pcd_patch.o
 .debug_macro   0x000357e1      0x432 ./Application/Patch/stm32l4xx_hal_pcd_patch.o
 .debug_macro   0x00035c13      0x689 ./Application/User/audio_application.o
 .debug_macro   0x0003629c       0x10 ./Application/User/audio_application.o
 .debug_macro   0x000362ac      0x122 ./Application/User/audio_application.o
 .debug_macro   0x000363ce      0x148 ./Application/User/audio_application.o
 .debug_macro   0x00036516       0x52 ./Application/User/audio_application.o
 .debug_macro   0x00036568      0x109 ./Application/User/audio_application.o
 .debug_macro   0x00036671       0x61 ./Application/User/audio_application.o
 .debug_macro   0x000366d2       0x16 ./Application/User/audio_application.o
 .debug_macro   0x000366e8       0x16 ./Application/User/audio_application.o
 .debug_macro   0x000366fe       0x16 ./Application/User/audio_application.o
 .debug_macro   0x00036714       0x20 ./Application/User/audio_application.o
 .debug_macro   0x00036734       0x64 ./Application/User/audio_application.o
 .debug_macro   0x00036798      0x21b ./Application/User/audio_application.o
 .debug_macro   0x000369b3       0x1c ./Application/User/audio_application.o
 .debug_macro   0x000369cf      0x106 ./Application/User/audio_application.o
 .debug_macro   0x00036ad5      0x1ce ./Application/User/audio_application.o
 .debug_macro   0x00036ca3      0x684 ./Application/User/cube_hal_l4.o
 .debug_macro   0x00037327      0x685 ./Application/User/main.o
 .debug_macro   0x000379ac      0x689 ./Application/User/stm32xx_it.o
 .debug_macro   0x00038035      0x5de ./Application/User/usbd_conf_l4.o
 .debug_macro   0x00038613      0x48d ./Drivers/BSP/STWIN/STWIN.o
 .debug_macro   0x00038aa0      0x4c4 ./Drivers/BSP/STWIN/STWIN_audio.o
 .debug_macro   0x00038f64      0x462 ./Drivers/CMSIS/system_stm32l4xx.o
 .debug_macro   0x000393c6      0x4b0 ./Drivers/STM32L4xx_HAL_Driver/stm32l4xx_hal.o
 .debug_macro   0x00039876      0x47f ./Drivers/STM32L4xx_HAL_Driver/stm32l4xx_hal_adc.o
 .debug_macro   0x00039cf5      0x46e ./Drivers/STM32L4xx_HAL_Driver/stm32l4xx_hal_adc_ex.o
 .debug_macro   0x0003a163      0x462 ./Drivers/STM32L4xx_HAL_Driver/stm32l4xx_hal_cortex.o
 .debug_macro   0x0003a5c5      0x486 ./Drivers/STM32L4xx_HAL_Driver/stm32l4xx_hal_dfsdm.o
 .debug_macro   0x0003aa4b      0x462 ./Drivers/STM32L4xx_HAL_Driver/stm32l4xx_hal_dma.o
 .debug_macro   0x0003aead      0x469 ./Drivers/STM32L4xx_HAL_Driver/stm32l4xx_hal_gpio.o
 .debug_macro   0x0003b316      0x462 ./Drivers/STM32L4xx_HAL_Driver/stm32l4xx_hal_pcd_ex.o
 .debug_macro   0x0003b778      0x47a ./Drivers/STM32L4xx_HAL_Driver/stm32l4xx_hal_pwr.o
 .debug_macro   0x0003bbf2      0x48c ./Drivers/STM32L4xx_HAL_Driver/stm32l4xx_hal_pwr_ex.o
 .debug_macro   0x0003c07e      0x4a4 ./Drivers/STM32L4xx_HAL_Driver/stm32l4xx_hal_rcc.o
 .debug_macro   0x0003c522      0x498 ./Drivers/STM32L4xx_HAL_Driver/stm32l4xx_hal_rcc_ex.o
 .debug_macro   0x0003c9ba      0x462 ./Drivers/STM32L4xx_HAL_Driver/stm32l4xx_ll_usb.o
 .debug_macro   0x0003ce1c      0x5de ./Middlewares/STM32_USBD_Library/Core/usbd_core.o
 .debug_macro   0x0003d3fa      0x5e8 ./Middlewares/STM32_USBD_Library/Core/usbd_ctlreq.o
 .debug_macro   0x0003d9e2      0x5e4 ./Middlewares/STM32_USBD_Library/Core/usbd_ioreq.o

.debug_line     0x00000000    0x22c4a
 .debug_line    0x00000000     0x1985 ./Application/Patch/stm32l4xx_hal_pcd_patch.o
 .debug_line    0x00001985       0x78 ./Application/SW4STM32/startup_stm32l4r9xx.o
 .debug_line    0x000019fd     0x129e ./Application/User/audio_application.o
 .debug_line    0x00002c9b     0x126e ./Application/User/cube_hal_l4.o
 .debug_line    0x00003f09     0x1206 ./Application/User/main.o
 .debug_line    0x0000510f     0x12f2 ./Application/User/stm32xx_it.o
 .debug_line    0x00006401     0x1452 ./Application/User/usbd_conf_l4.o
 .debug_line    0x00007853     0x116c ./Drivers/BSP/STWIN/STWIN.o
 .debug_line    0x000089bf     0x1aab ./Drivers/BSP/STWIN/STWIN_audio.o
 .debug_line    0x0000a46a      0xe40 ./Drivers/CMSIS/system_stm32l4xx.o
 .debug_line    0x0000b2aa     0x1182 ./Drivers/STM32L4xx_HAL_Driver/stm32l4xx_hal.o
 .debug_line    0x0000c42c     0x2326 ./Drivers/STM32L4xx_HAL_Driver/stm32l4xx_hal_adc.o
 .debug_line    0x0000e752     0x1b4b ./Drivers/STM32L4xx_HAL_Driver/stm32l4xx_hal_adc_ex.o
 .debug_line    0x0001029d     0x12ef ./Drivers/STM32L4xx_HAL_Driver/stm32l4xx_hal_cortex.o
 .debug_line    0x0001158c     0x24ad ./Drivers/STM32L4xx_HAL_Driver/stm32l4xx_hal_dfsdm.o
 .debug_line    0x00013a39     0x14c1 ./Drivers/STM32L4xx_HAL_Driver/stm32l4xx_hal_dma.o
 .debug_line    0x00014efa     0x11ba ./Drivers/STM32L4xx_HAL_Driver/stm32l4xx_hal_gpio.o
 .debug_line    0x000160b4      0xf7e ./Drivers/STM32L4xx_HAL_Driver/stm32l4xx_hal_pcd_ex.o
 .debug_line    0x00017032      0xf49 ./Drivers/STM32L4xx_HAL_Driver/stm32l4xx_hal_pwr.o
 .debug_line    0x00017f7b     0x13d5 ./Drivers/STM32L4xx_HAL_Driver/stm32l4xx_hal_pwr_ex.o
 .debug_line    0x00019350     0x17c3 ./Drivers/STM32L4xx_HAL_Driver/stm32l4xx_hal_rcc.o
 .debug_line    0x0001ab13     0x205f ./Drivers/STM32L4xx_HAL_Driver/stm32l4xx_hal_rcc_ex.o
 .debug_line    0x0001cb72     0x20cb ./Drivers/STM32L4xx_HAL_Driver/stm32l4xx_ll_usb.o
 .debug_line    0x0001ec3d     0x165e ./Middlewares/STM32_USBD_Library/Core/usbd_core.o
 .debug_line    0x0002029b     0x183b ./Middlewares/STM32_USBD_Library/Core/usbd_ctlreq.o
 .debug_line    0x00021ad6     0x1174 ./Middlewares/STM32_USBD_Library/Core/usbd_ioreq.o

.debug_str      0x00000000   0x1782a0
 .debug_str     0x00000000   0x1782a0 ./Application/Patch/stm32l4xx_hal_pcd_patch.o
                             0x16a449 (size before relaxing)
 .debug_str     0x001782a0      0x124 ./Application/SW4STM32/startup_stm32l4r9xx.o
 .debug_str     0x001782a0   0x1704b4 ./Application/User/audio_application.o
 .debug_str     0x001782a0   0x170f20 ./Application/User/cube_hal_l4.o
 .debug_str     0x001782a0   0x170b4b ./Application/User/main.o
 .debug_str     0x001782a0   0x1710f7 ./Application/User/stm32xx_it.o
 .debug_str     0x001782a0   0x16ef83 ./Application/User/usbd_conf_l4.o
 .debug_str     0x001782a0   0x16ba4a ./Drivers/BSP/STWIN/STWIN.o
 .debug_str     0x001782a0   0x16d1be ./Drivers/BSP/STWIN/STWIN_audio.o
 .debug_str     0x001782a0   0x1699ff ./Drivers/CMSIS/system_stm32l4xx.o
 .debug_str     0x001782a0   0x16a63d ./Drivers/STM32L4xx_HAL_Driver/stm32l4xx_hal.o
 .debug_str     0x001782a0   0x16a8df ./Drivers/STM32L4xx_HAL_Driver/stm32l4xx_hal_adc.o
 .debug_str     0x001782a0   0x16a709 ./Drivers/STM32L4xx_HAL_Driver/stm32l4xx_hal_adc_ex.o
 .debug_str     0x001782a0   0x16a260 ./Drivers/STM32L4xx_HAL_Driver/stm32l4xx_hal_cortex.o
 .debug_str     0x001782a0   0x16a9c4 ./Drivers/STM32L4xx_HAL_Driver/stm32l4xx_hal_dfsdm.o
 .debug_str     0x001782a0   0x169d5d ./Drivers/STM32L4xx_HAL_Driver/stm32l4xx_hal_dma.o
 .debug_str     0x001782a0   0x169b4f ./Drivers/STM32L4xx_HAL_Driver/stm32l4xx_hal_gpio.o
 .debug_str     0x001782a0   0x169e05 ./Drivers/STM32L4xx_HAL_Driver/stm32l4xx_hal_pcd_ex.o
 .debug_str     0x001782a0   0x169d4c ./Drivers/STM32L4xx_HAL_Driver/stm32l4xx_hal_pwr.o
 .debug_str     0x001782a0   0x169fa8 ./Drivers/STM32L4xx_HAL_Driver/stm32l4xx_hal_pwr_ex.o
 .debug_str     0x001782a0   0x16a048 ./Drivers/STM32L4xx_HAL_Driver/stm32l4xx_hal_rcc.o
 .debug_str     0x001782a0   0x16a42e ./Drivers/STM32L4xx_HAL_Driver/stm32l4xx_hal_rcc_ex.o
 .debug_str     0x001782a0   0x16a30f ./Drivers/STM32L4xx_HAL_Driver/stm32l4xx_ll_usb.o
 .debug_str     0x001782a0   0x16e29f ./Middlewares/STM32_USBD_Library/Core/usbd_core.o
 .debug_str     0x001782a0   0x16e0ca ./Middlewares/STM32_USBD_Library/Core/usbd_ctlreq.o
 .debug_str     0x001782a0   0x16df9f ./Middlewares/STM32_USBD_Library/Core/usbd_ioreq.o

.comment        0x00000000       0x43
 .comment       0x00000000       0x43 ./Application/Patch/stm32l4xx_hal_pcd_patch.o
                                 0x44 (size before relaxing)
 .comment       0x00000043       0x44 ./Application/User/audio_application.o
 .comment       0x00000043       0x44 ./Application/User/cube_hal_l4.o
 .comment       0x00000043       0x44 ./Application/User/main.o
 .comment       0x00000043       0x44 ./Application/User/stm32xx_it.o
 .comment       0x00000043       0x44 ./Application/User/usbd_conf_l4.o
 .comment       0x00000043       0x44 ./Drivers/BSP/STWIN/STWIN.o
 .comment       0x00000043       0x44 ./Drivers/BSP/STWIN/STWIN_audio.o
 .comment       0x00000043       0x44 ./Drivers/CMSIS/system_stm32l4xx.o
 .comment       0x00000043       0x44 ./Drivers/STM32L4xx_HAL_Driver/stm32l4xx_hal.o
 .comment       0x00000043       0x44 ./Drivers/STM32L4xx_HAL_Driver/stm32l4xx_hal_adc.o
 .comment       0x00000043       0x44 ./Drivers/STM32L4xx_HAL_Driver/stm32l4xx_hal_adc_ex.o
 .comment       0x00000043       0x44 ./Drivers/STM32L4xx_HAL_Driver/stm32l4xx_hal_cortex.o
 .comment       0x00000043       0x44 ./Drivers/STM32L4xx_HAL_Driver/stm32l4xx_hal_dfsdm.o
 .comment       0x00000043       0x44 ./Drivers/STM32L4xx_HAL_Driver/stm32l4xx_hal_dma.o
 .comment       0x00000043       0x44 ./Drivers/STM32L4xx_HAL_Driver/stm32l4xx_hal_gpio.o
 .comment       0x00000043       0x44 ./Drivers/STM32L4xx_HAL_Driver/stm32l4xx_hal_pcd_ex.o
 .comment       0x00000043       0x44 ./Drivers/STM32L4xx_HAL_Driver/stm32l4xx_hal_pwr.o
 .comment       0x00000043       0x44 ./Drivers/STM32L4xx_HAL_Driver/stm32l4xx_hal_pwr_ex.o
 .comment       0x00000043       0x44 ./Drivers/STM32L4xx_HAL_Driver/stm32l4xx_hal_rcc.o
 .comment       0x00000043       0x44 ./Drivers/STM32L4xx_HAL_Driver/stm32l4xx_hal_rcc_ex.o
 .comment       0x00000043       0x44 ./Drivers/STM32L4xx_HAL_Driver/stm32l4xx_ll_usb.o
 .comment       0x00000043       0x44 ./Middlewares/STM32_USBD_Library/Core/usbd_core.o
 .comment       0x00000043       0x44 ./Middlewares/STM32_USBD_Library/Core/usbd_ctlreq.o
 .comment       0x00000043       0x44 ./Middlewares/STM32_USBD_Library/Core/usbd_ioreq.o

.debug_frame    0x00000000     0x5598
 .debug_frame   0x00000000      0x52c ./Application/Patch/stm32l4xx_hal_pcd_patch.o
 .debug_frame   0x0000052c       0xcc ./Application/User/audio_application.o
 .debug_frame   0x000005f8       0x38 ./Application/User/cube_hal_l4.o
 .debug_frame   0x00000630       0x30 ./Application/User/main.o
 .debug_frame   0x00000660      0x15c ./Application/User/stm32xx_it.o
 .debug_frame   0x000007bc      0x424 ./Application/User/usbd_conf_l4.o
 .debug_frame   0x00000be0      0x318 ./Drivers/BSP/STWIN/STWIN.o
 .debug_frame   0x00000ef8      0x478 ./Drivers/BSP/STWIN/STWIN_audio.o
 .debug_frame   0x00001370       0x50 ./Drivers/CMSIS/system_stm32l4xx.o
 .debug_frame   0x000013c0      0x424 ./Drivers/STM32L4xx_HAL_Driver/stm32l4xx_hal.o
 .debug_frame   0x000017e4      0x924 ./Drivers/STM32L4xx_HAL_Driver/stm32l4xx_hal_adc.o
 .debug_frame   0x00002108      0x644 ./Drivers/STM32L4xx_HAL_Driver/stm32l4xx_hal_adc_ex.o
 .debug_frame   0x0000274c      0x454 ./Drivers/STM32L4xx_HAL_Driver/stm32l4xx_hal_cortex.o
 .debug_frame   0x00002ba0      0x9ec ./Drivers/STM32L4xx_HAL_Driver/stm32l4xx_hal_dfsdm.o
 .debug_frame   0x0000358c      0x22c ./Drivers/STM32L4xx_HAL_Driver/stm32l4xx_hal_dma.o
 .debug_frame   0x000037b8      0x130 ./Drivers/STM32L4xx_HAL_Driver/stm32l4xx_hal_gpio.o
 .debug_frame   0x000038e8      0x154 ./Drivers/STM32L4xx_HAL_Driver/stm32l4xx_hal_pcd_ex.o
 .debug_frame   0x00003a3c      0x1f8 ./Drivers/STM32L4xx_HAL_Driver/stm32l4xx_hal_pwr.o
 .debug_frame   0x00003c34      0x524 ./Drivers/STM32L4xx_HAL_Driver/stm32l4xx_hal_pwr_ex.o
 .debug_frame   0x00004158      0x228 ./Drivers/STM32L4xx_HAL_Driver/stm32l4xx_hal_rcc.o
 .debug_frame   0x00004380      0x41c ./Drivers/STM32L4xx_HAL_Driver/stm32l4xx_hal_rcc_ex.o
 .debug_frame   0x0000479c      0x720 ./Drivers/STM32L4xx_HAL_Driver/stm32l4xx_ll_usb.o
 .debug_frame   0x00004ebc      0x370 ./Middlewares/STM32_USBD_Library/Core/usbd_core.o
 .debug_frame   0x0000522c      0x234 ./Middlewares/STM32_USBD_Library/Core/usbd_ctlreq.o
 .debug_frame   0x00005460      0x10c ./Middlewares/STM32_USBD_Library/Core/usbd_ioreq.o
 .debug_frame   0x0000556c       0x2c D:/stm32cube/STM32CubeIDE_2.2.0/STM32CubeIDE/plugins/com.st.stm32cube.ide.mcu.externaltools.gnu-tools-for-stm32.14.3.rel1.win32_1.0.100.202602081740/tools/bin/../lib/gcc/arm-none-eabi/14.3.1/../../../../arm-none-eabi/lib/thumb/v7e-m+fp/softfp\libc_nano.a(libc_a-init.o)

.debug_line_str
                0x00000000      0x108
 .debug_line_str
                0x00000000      0x108 ./Application/SW4STM32/startup_stm32l4r9xx.o
