Archive member included to satisfy reference by file (symbol)

D:/stm32cube/STM32CubeIDE_2.2.0/STM32CubeIDE/plugins/com.st.stm32cube.ide.mcu.externaltools.gnu-tools-for-stm32.14.3.rel1.win32_1.0.100.202602081740/tools/bin/../lib/gcc/arm-none-eabi/14.3.1/../../../../arm-none-eabi/lib/thumb/v7e-m+fp/softfp\libc_nano.a(libc_a-exit.o)
                              D:/stm32cube/STM32CubeIDE_2.2.0/STM32CubeIDE/plugins/com.st.stm32cube.ide.mcu.externaltools.gnu-tools-for-stm32.14.3.rel1.win32_1.0.100.202602081740/tools/bin/../lib/gcc/arm-none-eabi/14.3.1/../../../../arm-none-eabi/lib/thumb/v7e-m+fp/softfp/crt0.o (exit)
D:/stm32cube/STM32CubeIDE_2.2.0/STM32CubeIDE/plugins/com.st.stm32cube.ide.mcu.externaltools.gnu-tools-for-stm32.14.3.rel1.win32_1.0.100.202602081740/tools/bin/../lib/gcc/arm-none-eabi/14.3.1/../../../../arm-none-eabi/lib/thumb/v7e-m+fp/softfp\libc_nano.a(libc_a-malloc.o)
                              ./Middlewares/STM32_USBD_Library/Class/AUDIO_IN/usbd_audio_in.o (malloc)
D:/stm32cube/STM32CubeIDE_2.2.0/STM32CubeIDE/plugins/com.st.stm32cube.ide.mcu.externaltools.gnu-tools-for-stm32.14.3.rel1.win32_1.0.100.202602081740/tools/bin/../lib/gcc/arm-none-eabi/14.3.1/../../../../arm-none-eabi/lib/thumb/v7e-m+fp/softfp\libc_nano.a(libc_a-mallocr.o)
                              D:/stm32cube/STM32CubeIDE_2.2.0/STM32CubeIDE/plugins/com.st.stm32cube.ide.mcu.externaltools.gnu-tools-for-stm32.14.3.rel1.win32_1.0.100.202602081740/tools/bin/../lib/gcc/arm-none-eabi/14.3.1/../../../../arm-none-eabi/lib/thumb/v7e-m+fp/softfp\libc_nano.a(libc_a-malloc.o) (_malloc_r)
D:/stm32cube/STM32CubeIDE_2.2.0/STM32CubeIDE/plugins/com.st.stm32cube.ide.mcu.externaltools.gnu-tools-for-stm32.14.3.rel1.win32_1.0.100.202602081740/tools/bin/../lib/gcc/arm-none-eabi/14.3.1/../../../../arm-none-eabi/lib/thumb/v7e-m+fp/softfp\libc_nano.a(libc_a-mlock.o)
                              D:/stm32cube/STM32CubeIDE_2.2.0/STM32CubeIDE/plugins/com.st.stm32cube.ide.mcu.externaltools.gnu-tools-for-stm32.14.3.rel1.win32_1.0.100.202602081740/tools/bin/../lib/gcc/arm-none-eabi/14.3.1/../../../../arm-none-eabi/lib/thumb/v7e-m+fp/softfp\libc_nano.a(libc_a-mallocr.o) (__malloc_lock)
D:/stm32cube/STM32CubeIDE_2.2.0/STM32CubeIDE/plugins/com.st.stm32cube.ide.mcu.externaltools.gnu-tools-for-stm32.14.3.rel1.win32_1.0.100.202602081740/tools/bin/../lib/gcc/arm-none-eabi/14.3.1/../../../../arm-none-eabi/lib/thumb/v7e-m+fp/softfp\libc_nano.a(libc_a-findfp.o)
                              D:/stm32cube/STM32CubeIDE_2.2.0/STM32CubeIDE/plugins/com.st.stm32cube.ide.mcu.externaltools.gnu-tools-for-stm32.14.3.rel1.win32_1.0.100.202602081740/tools/bin/../lib/gcc/arm-none-eabi/14.3.1/../../../../arm-none-eabi/lib/thumb/v7e-m+fp/softfp\libc_nano.a(libc_a-exit.o) (__stdio_exit_handler)
D:/stm32cube/STM32CubeIDE_2.2.0/STM32CubeIDE/plugins/com.st.stm32cube.ide.mcu.externaltools.gnu-tools-for-stm32.14.3.rel1.win32_1.0.100.202602081740/tools/bin/../lib/gcc/arm-none-eabi/14.3.1/../../../../arm-none-eabi/lib/thumb/v7e-m+fp/softfp\libc_nano.a(libc_a-fwalk.o)
                              D:/stm32cube/STM32CubeIDE_2.2.0/STM32CubeIDE/plugins/com.st.stm32cube.ide.mcu.externaltools.gnu-tools-for-stm32.14.3.rel1.win32_1.0.100.202602081740/tools/bin/../lib/gcc/arm-none-eabi/14.3.1/../../../../arm-none-eabi/lib/thumb/v7e-m+fp/softfp\libc_nano.a(libc_a-findfp.o) (_fwalk_sglue)
D:/stm32cube/STM32CubeIDE_2.2.0/STM32CubeIDE/plugins/com.st.stm32cube.ide.mcu.externaltools.gnu-tools-for-stm32.14.3.rel1.win32_1.0.100.202602081740/tools/bin/../lib/gcc/arm-none-eabi/14.3.1/../../../../arm-none-eabi/lib/thumb/v7e-m+fp/softfp\libc_nano.a(libc_a-stdio.o)
                              D:/stm32cube/STM32CubeIDE_2.2.0/STM32CubeIDE/plugins/com.st.stm32cube.ide.mcu.externaltools.gnu-tools-for-stm32.14.3.rel1.win32_1.0.100.202602081740/tools/bin/../lib/gcc/arm-none-eabi/14.3.1/../../../../arm-none-eabi/lib/thumb/v7e-m+fp/softfp\libc_nano.a(libc_a-findfp.o) (__sread)
D:/stm32cube/STM32CubeIDE_2.2.0/STM32CubeIDE/plugins/com.st.stm32cube.ide.mcu.externaltools.gnu-tools-for-stm32.14.3.rel1.win32_1.0.100.202602081740/tools/bin/../lib/gcc/arm-none-eabi/14.3.1/../../../../arm-none-eabi/lib/thumb/v7e-m+fp/softfp\libc_nano.a(libc_a-memset.o)
                              D:/stm32cube/STM32CubeIDE_2.2.0/STM32CubeIDE/plugins/com.st.stm32cube.ide.mcu.externaltools.gnu-tools-for-stm32.14.3.rel1.win32_1.0.100.202602081740/tools/bin/../lib/gcc/arm-none-eabi/14.3.1/../../../../arm-none-eabi/lib/thumb/v7e-m+fp/softfp/crt0.o (memset)
D:/stm32cube/STM32CubeIDE_2.2.0/STM32CubeIDE/plugins/com.st.stm32cube.ide.mcu.externaltools.gnu-tools-for-stm32.14.3.rel1.win32_1.0.100.202602081740/tools/bin/../lib/gcc/arm-none-eabi/14.3.1/../../../../arm-none-eabi/lib/thumb/v7e-m+fp/softfp\libc_nano.a(libc_a-closer.o)
[...]
Memory Configuration

Name             Origin             Length             Attributes
FLASH            0x08000000         0x00200000         xr
RAM              0x20000000         0x000a0000         xrw
*default*        0x00000000         0xffffffff

Linker script and memory map

LOAD D:/stm32cube/STM32CubeIDE_2.2.0/STM32CubeIDE/plugins/com.st.stm32cube.ide.mcu.externaltools.gnu-tools-for-stm32.14.3.rel1.win32_1.0.100.202602081740/tools/bin/../lib/gcc/arm-none-eabi/14.3.1/thumb/v7e-m+fp/softfp/crti.o
LOAD D:/stm32cube/STM32CubeIDE_2.2.0/STM32CubeIDE/plugins/com.st.stm32cube.ide.mcu.externaltools.gnu-tools-for-stm32.14.3.rel1.win32_1.0.100.202602081740/tools/bin/../lib/gcc/arm-none-eabi/14.3.1/thumb/v7e-m+fp/softfp/crtbegin.o
LOAD D:/stm32cube/STM32CubeIDE_2.2.0/STM32CubeIDE/plugins/com.st.stm32cube.ide.mcu.externaltools.gnu-tools-for-stm32.14.3.rel1.win32_1.0.100.202602081740/tools/bin/../lib/gcc/arm-none-eabi/14.3.1/../../../../arm-none-eabi/lib/thumb/v7e-m+fp/softfp/crt0.o
LOAD ./Application/Patch/stm32l4xx_hal_pcd_patch.o
LOAD ./Application/SW4STM32/startup_stm32l4r9xx.o
LOAD ./Application/SW4STM32/syscalls.o
LOAD ./Application/User/audio_application.o
LOAD ./Application/User/cube_hal_l4.o
LOAD ./Application/User/main.o
LOAD ./Application/User/stm32xx_it.o
LOAD ./Application/User/usbd_audio_if.o
LOAD ./Application/User/usbd_conf_l4.o
LOAD ./Application/User/usbd_desc.o
LOAD ./Drivers/BSP/STWIN/STWIN.o
LOAD ./Drivers/BSP/STWIN/STWIN_audio.o
LOAD ./Drivers/BSP/STWIN/STWIN_bus.o
LOAD ./Drivers/CMSIS/system_stm32l4xx.o
LOAD ./Drivers/STM32L4xx_HAL_Driver/stm32l4xx_hal.o
LOAD ./Drivers/STM32L4xx_HAL_Driver/stm32l4xx_hal_adc.o
LOAD ./Drivers/STM32L4xx_HAL_Driver/stm32l4xx_hal_adc_ex.o
LOAD ./Drivers/STM32L4xx_HAL_Driver/stm32l4xx_hal_cortex.o
LOAD ./Drivers/STM32L4xx_HAL_Driver/stm32l4xx_hal_dfsdm.o
LOAD ./Drivers/STM32L4xx_HAL_Driver/stm32l4xx_hal_dma.o
LOAD ./Drivers/STM32L4xx_HAL_Driver/stm32l4xx_hal_flash.o
LOAD ./Drivers/STM32L4xx_HAL_Driver/stm32l4xx_hal_flash_ex.o
LOAD ./Drivers/STM32L4xx_HAL_Driver/stm32l4xx_hal_gpio.o
LOAD ./Drivers/STM32L4xx_HAL_Driver/stm32l4xx_hal_i2c.o
LOAD ./Drivers/STM32L4xx_HAL_Driver/stm32l4xx_hal_i2c_ex.o
LOAD ./Drivers/STM32L4xx_HAL_Driver/stm32l4xx_hal_pcd_ex.o
LOAD ./Drivers/STM32L4xx_HAL_Driver/stm32l4xx_hal_pwr.o
LOAD ./Drivers/STM32L4xx_HAL_Driver/stm32l4xx_hal_pwr_ex.o
LOAD ./Drivers/STM32L4xx_HAL_Driver/stm32l4xx_hal_rcc.o
LOAD ./Drivers/STM32L4xx_HAL_Driver/stm32l4xx_hal_rcc_ex.o
LOAD ./Drivers/STM32L4xx_HAL_Driver/stm32l4xx_hal_sai.o
LOAD ./Drivers/STM32L4xx_HAL_Driver/stm32l4xx_hal_spi.o
LOAD ./Drivers/STM32L4xx_HAL_Driver/stm32l4xx_hal_spi_ex.o
LOAD ./Drivers/STM32L4xx_HAL_Driver/stm32l4xx_hal_tim.o
LOAD ./Drivers/STM32L4xx_HAL_Driver/stm32l4xx_hal_tim_ex.o
LOAD ./Drivers/STM32L4xx_HAL_Driver/stm32l4xx_ll_usb.o
LOAD ./Middlewares/STM32_USBD_Library/Class/AUDIO_IN/usbd_audio_in.o
LOAD ./Middlewares/STM32_USBD_Library/Core/usbd_core.o
LOAD ./Middlewares/STM32_USBD_Library/Core/usbd_ctlreq.o
LOAD ./Middlewares/STM32_USBD_Library/Core/usbd_ioreq.o
LOAD ../../../../../../../Drivers/CMSIS/DSP/Lib/GCC\libarm_cortexM4l_math.a
START GROUP
LOAD D:/stm32cube/STM32CubeIDE_2.2.0/STM32CubeIDE/plugins/com.st.stm32cube.ide.mcu.externaltools.gnu-tools-for-stm32.14.3.rel1.win32_1.0.100.202602081740/tools/bin/../lib/gcc/arm-none-eabi/14.3.1/../../../../arm-none-eabi/lib/thumb/v7e-m+fp/softfp\libc_nano.a
LOAD D:/stm32cube/STM32CubeIDE_2.2.0/STM32CubeIDE/plugins/com.st.stm32cube.ide.mcu.externaltools.gnu-tools-for-stm32.14.3.rel1.win32_1.0.100.202602081740/tools/bin/../lib/gcc/arm-none-eabi/14.3.1/../../../../arm-none-eabi/lib/thumb/v7e-m+fp/softfp\libm.a
END GROUP
START GROUP
LOAD D:/stm32cube/STM32CubeIDE_2.2.0/STM32CubeIDE/plugins/com.st.stm32cube.ide.mcu.externaltools.gnu-tools-for-stm32.14.3.rel1.win32_1.0.100.202602081740/tools/bin/../lib/gcc/arm-none-eabi/14.3.1/thumb/v7e-m+fp/softfp\libgcc.a
LOAD D:/stm32cube/STM32CubeIDE_2.2.0/STM32CubeIDE/plugins/com.st.stm32cube.ide.mcu.externaltools.gnu-tools-for-stm32.14.3.rel1.win32_1.0.100.202602081740/tools/bin/../lib/gcc/arm-none-eabi/14.3.1/../../../../arm-none-eabi/lib/thumb/v7e-m+fp/softfp\libc_nano.a
END GROUP
START GROUP
LOAD D:/stm32cube/STM32CubeIDE_2.2.0/STM32CubeIDE/plugins/com.st.stm32cube.ide.mcu.externaltools.gnu-tools-for-stm32.14.3.rel1.win32_1.0.100.202602081740/tools/bin/../lib/gcc/arm-none-eabi/14.3.1/thumb/v7e-m+fp/softfp\libgcc.a
LOAD D:/stm32cube/STM32CubeIDE_2.2.0/STM32CubeIDE/plugins/com.st.stm32cube.ide.mcu.externaltools.gnu-tools-for-stm32.14.3.rel1.win32_1.0.100.202602081740/tools/bin/../lib/gcc/arm-none-eabi/14.3.1/../../../../arm-none-eabi/lib/thumb/v7e-m+fp/softfp\libc_nano.a
LOAD D:/stm32cube/STM32CubeIDE_2.2.0/STM32CubeIDE/plugins/com.st.stm32cube.ide.mcu.externaltools.gnu-tools-for-stm32.14.3.rel1.win32_1.0.100.202602081740/tools/bin/../lib/gcc/arm-none-eabi/14.3.1/../../../../arm-none-eabi/lib/thumb/v7e-m+fp/softfp\libnosys.a
END GROUP
START GROUP
LOAD D:/stm32cube/STM32CubeIDE_2.2.0/STM32CubeIDE/plugins/com.st.stm32cube.ide.mcu.externaltools.gnu-tools-for-stm32.14.3.rel1.win32_1.0.100.202602081740/tools/bin/../lib/gcc/arm-none-eabi/14.3.1/thumb/v7e-m+fp/softfp\libgcc.a
LOAD D:/stm32cube/STM32CubeIDE_2.2.0/STM32CubeIDE/plugins/com.st.stm32cube.ide.mcu.externaltools.gnu-tools-for-stm32.14.3.rel1.win32_1.0.100.202602081740/tools/bin/../lib/gcc/arm-none-eabi/14.3.1/../../../../arm-none-eabi/lib/thumb/v7e-m+fp/softfp\libc_nano.a
LOAD D:/stm32cube/STM32CubeIDE_2.2.0/STM32CubeIDE/plugins/com.st.stm32cube.ide.mcu.externaltools.gnu-tools-for-stm32.14.3.rel1.win32_1.0.100.202602081740/tools/bin/../lib/gcc/arm-none-eabi/14.3.1/../../../../arm-none-eabi/lib/thumb/v7e-m+fp/softfp\libnosys.a
END GROUP
LOAD D:/stm32cube/STM32CubeIDE_2.2.0/STM32CubeIDE/plugins/com.st.stm32cube.ide.mcu.externaltools.gnu-tools-for-stm32.14.3.rel1.win32_1.0.100.202602081740/tools/bin/../lib/gcc/arm-none-eabi/14.3.1/thumb/v7e-m+fp/softfp/crtend.o
LOAD D:/stm32cube/STM32CubeIDE_2.2.0/STM32CubeIDE/plugins/com.st.stm32cube.ide.mcu.externaltools.gnu-tools-for-stm32.14.3.rel1.win32_1.0.100.202602081740/tools/bin/../lib/gcc/arm-none-eabi/14.3.1/thumb/v7e-m+fp/softfp/crtn.o
                0x200a0000                        _estack = 0x200a0000
                0x00002000                        _Min_Heap_Size = 0x2000
                0x00002000                        _Min_Stack_Size = 0x2000

.isr_vector     0x08000000      0x1c0
                0x08000000                        . = ALIGN (0x8)
 *(.isr_vector)
 .isr_vector    0x08000000      0x1bc ./Application/SW4STM32/startup_stm32l4r9xx.o
                0x08000000                g_pfnVectors
                0x080001c0                        . = ALIGN (0x8)
 *fill*         0x080001bc        0x4 

.text           0x080001c0     0xaf58
                0x080001c0                        . = ALIGN (0x8)
 *(.text)
 .text          0x080001c0       0x40 D:/stm32cube/STM32CubeIDE_2.2.0/STM32CubeIDE/plugins/com.st.stm32cube.ide.mcu.externaltools.gnu-tools-for-stm32.14.3.rel1.win32_1.0.100.202602081740/tools/bin/../lib/gcc/arm-none-eabi/14.3.1/thumb/v7e-m+fp/softfp/crtbegin.o
 *(.text*)
 .text.HAL_PCD_Init
                0x08000200      0x248 ./Application/Patch/stm32l4xx_hal_pcd_patch.o
                0x08000200                HAL_PCD_Init
 .text.HAL_PCD_Start
                0x08000448       0x5e ./Application/Patch/stm32l4xx_hal_pcd_patch.o
                0x08000448                HAL_PCD_Start
 .text.HAL_PCD_IRQHandler
                0x080004a6      0x914 ./Application/Patch/stm32l4xx_hal_pcd_patch.o
                0x080004a6                HAL_PCD_IRQHandler
 .text.HAL_PCD_SetAddress
                0x08000dba       0x4a ./Application/Patch/stm32l4xx_hal_pcd_patch.o
                0x08000dba                HAL_PCD_SetAddress
 .text.HAL_PCD_EP_Open
                0x08000e04       0xd0 ./Application/Patch/stm32l4xx_hal_pcd_patch.o
                0x08000e04                HAL_PCD_EP_Open
 .text.HAL_PCD_EP_Close
                0x08000ed4       0x94 ./Application/Patch/stm32l4xx_hal_pcd_patch.o
                0x08000ed4                HAL_PCD_EP_Close
 .text.HAL_PCD_EP_Receive
                0x08000f68       0x64 ./Application/Patch/stm32l4xx_hal_pcd_patch.o
                0x08000f68                HAL_PCD_EP_Receive
 .text.HAL_PCD_EP_Transmit
                0x08000fcc       0x62 ./Application/Patch/stm32l4xx_hal_pcd_patch.o
                0x08000fcc                HAL_PCD_EP_Transmit
 .text.HAL_PCD_EP_SetStall
                0x0800102e       0xc4 ./Application/Patch/stm32l4xx_hal_pcd_patch.o
                0x0800102e                HAL_PCD_EP_SetStall
 .text.HAL_PCD_EP_ClrStall
                0x080010f2       0xac ./Application/Patch/stm32l4xx_hal_pcd_patch.o
                0x080010f2                HAL_PCD_EP_ClrStall
 .text.HAL_PCD_EP_Abort
                0x0800119e       0x62 ./Application/Patch/stm32l4xx_hal_pcd_patch.o
                0x0800119e                HAL_PCD_EP_Abort
 .text.HAL_PCD_EP_Flush
                0x08001200       0x5a ./Application/Patch/stm32l4xx_hal_pcd_patch.o
                0x08001200                HAL_PCD_EP_Flush
 .text.PCD_WriteEmptyTxFifo
                0x0800125a      0x110 ./Application/Patch/stm32l4xx_hal_pcd_patch.o
 *fill*         0x0800136a        0x2 
 .text.PCD_EP_OutXfrComplete_int
                0x0800136c       0x9c ./Application/Patch/stm32l4xx_hal_pcd_patch.o
 .text.PCD_EP_OutSetupPacket_int
                0x08001408       0x68 ./Application/Patch/stm32l4xx_hal_pcd_patch.o
 .text.Reset_Handler
                0x08001470       0x50 ./Application/SW4STM32/startup_stm32l4r9xx.o
                0x08001470                Reset_Handler
 .text.Default_Handler
                0x080014c0        0x2 ./Application/SW4STM32/startup_stm32l4r9xx.o
                0x080014c0                RTC_Alarm_IRQHandler
                0x080014c0                EXTI2_IRQHandler
                0x080014c0                TIM8_TRG_COM_IRQHandler
                0x080014c0                TIM8_CC_IRQHandler
                0x080014c0                TIM1_CC_IRQHandler
                0x080014c0                TSC_IRQHandler
                0x080014c0                TAMP_STAMP_IRQHandler
                0x080014c0                EXTI3_IRQHandler
                0x080014c0                LPTIM2_IRQHandler
                0x080014c0                GFXMMU_IRQHandler
                0x080014c0                I2C3_ER_IRQHandler
                0x080014c0                DFSDM1_FLT2_IRQHandler
                0x080014c0                EXTI0_IRQHandler
                0x080014c0                I2C2_EV_IRQHandler
                0x080014c0                CAN1_RX0_IRQHandler
                0x080014c0                FPU_IRQHandler
                0x080014c0                TIM1_UP_TIM16_IRQHandler
                0x080014c0                UsageFault_Handler
                0x080014c0                LTDC_ER_IRQHandler
                0x080014c0                SPI1_IRQHandler
                0x080014c0                OCTOSPI1_IRQHandler
                0x080014c0                TIM6_DAC_IRQHandler
                0x080014c0                DCMI_IRQHandler
                0x080014c0                TIM8_UP_IRQHandler
                0x080014c0                OCTOSPI2_IRQHandler
                0x080014c0                DMA2_Channel2_IRQHandler
                0x080014c0                SAI2_IRQHandler
                0x080014c0                ADC1_IRQHandler
                0x080014c0                DFSDM1_FLT3_IRQHandler
                0x080014c0                USART3_IRQHandler
                0x080014c0                CAN1_RX1_IRQHandler
                0x080014c0                UART5_IRQHandler
                0x080014c0                TIM4_IRQHandler
                0x080014c0                DMA2_Channel1_IRQHandler
                0x080014c0                I2C1_EV_IRQHandler
                0x080014c0                DMAMUX1_OVR_IRQHandler
                0x080014c0                DMA1_Channel6_IRQHandler
                0x080014c0                UART4_IRQHandler
                0x080014c0                DMA2_Channel4_IRQHandler
                0x080014c0                TIM3_IRQHandler
                0x080014c0                RCC_IRQHandler
                0x080014c0                Default_Handler
                0x080014c0                DMA2_Channel7_IRQHandler
                0x080014c0                EXTI15_10_IRQHandler
                0x080014c0                TIM7_IRQHandler
                0x080014c0                SDMMC1_IRQHandler
                0x080014c0                TIM5_IRQHandler
                0x080014c0                I2C3_EV_IRQHandler
                0x080014c0                EXTI9_5_IRQHandler
                0x080014c0                RTC_WKUP_IRQHandler
                0x080014c0                LTDC_IRQHandler
                0x080014c0                PVD_PVM_IRQHandler
                0x080014c0                SPI2_IRQHandler
                0x080014c0                MemManage_Handler
                0x080014c0                CAN1_TX_IRQHandler
                0x080014c0                DMA2_Channel5_IRQHandler
                0x080014c0                CRS_IRQHandler
                0x080014c0                DMA1_Channel5_IRQHandler
                0x080014c0                EXTI4_IRQHandler
                0x080014c0                RNG_IRQHandler
                0x080014c0                TIM1_TRG_COM_TIM17_IRQHandler
                0x080014c0                DMA1_Channel3_IRQHandler
                0x080014c0                COMP_IRQHandler
                0x080014c0                DSI_IRQHandler
                0x080014c0                WWDG_IRQHandler
                0x080014c0                I2C4_EV_IRQHandler
                0x080014c0                LPUART1_IRQHandler
                0x080014c0                DMA2_Channel6_IRQHandler
                0x080014c0                TIM2_IRQHandler
                0x080014c0                DMA2D_IRQHandler
                0x080014c0                EXTI1_IRQHandler
                0x080014c0                USART2_IRQHandler
                0x080014c0                I2C2_ER_IRQHandler
                0x080014c0                DMA1_Channel2_IRQHandler
                0x080014c0                TIM8_BRK_IRQHandler
                0x080014c0                CAN1_SCE_IRQHandler
                0x080014c0                FLASH_IRQHandler
                0x080014c0                BusFault_Handler
                0x080014c0                USART1_IRQHandler
                0x080014c0                SPI3_IRQHandler
                0x080014c0                I2C1_ER_IRQHandler
                0x080014c0                FMC_IRQHandler
                0x080014c0                LPTIM1_IRQHandler
                0x080014c0                I2C4_ER_IRQHandler
                0x080014c0                SAI1_IRQHandler
                0x080014c0                DMA2_Channel3_IRQHandler
                0x080014c0                TIM1_BRK_TIM15_IRQHandler
 *fill*         0x080014c2        0x2 
 .text._sbrk    0x080014c4       0x58 ./Application/SW4STM32/syscalls.o
                0x080014c4                _sbrk
 .text.BSP_AUDIO_IN_HalfTransfer_CallBack
                0x0800151c       0x1a ./Application/User/audio_application.o
                0x0800151c                BSP_AUDIO_IN_HalfTransfer_CallBack
 .text.BSP_AUDIO_IN_TransferComplete_CallBack
                0x08001536       0x1a ./Application/User/audio_application.o
                0x08001536                BSP_AUDIO_IN_TransferComplete_CallBack
 .text.AudioProcess
                0x08001550       0x14 ./Application/User/audio_application.o
                0x08001550                AudioProcess
 .text.Init_Acquisition_Peripherals
                0x08001564       0x48 ./Application/User/audio_application.o
                0x08001564                Init_Acquisition_Peripherals
 .text.Start_Acquisition
                0x080015ac       0x20 ./Application/User/audio_application.o
                0x080015ac                Start_Acquisition
 .text.Error_Handler
                0x080015cc        0x8 ./Application/User/audio_application.o
                0x080015cc                Error_Handler
 .text.SystemClock_Config
                0x080015d4      0x130 ./Application/User/cube_hal_l4.o
                0x080015d4                SystemClock_Config
 .text.main     0x08001704       0x98 ./Application/User/main.o
                0x08001704                main
 .text.NMI_Handler
                0x0800179c        0xe ./Application/User/stm32xx_it.o
                0x0800179c                NMI_Handler
 .text.HardFault_Handler
                0x080017aa        0x8 ./Application/User/stm32xx_it.o
                0x080017aa                HardFault_Handler
 .text.SVC_Handler
                0x080017b2        0xe ./Application/User/stm32xx_it.o
                0x080017b2                SVC_Handler
 .text.DebugMon_Handler
                0x080017c0        0xe ./Application/User/stm32xx_it.o
                0x080017c0                DebugMon_Handler
 .text.PendSV_Handler
                0x080017ce        0xe ./Application/User/stm32xx_it.o
                0x080017ce                PendSV_Handler
 .text.SysTick_Handler
                0x080017dc        0xc ./Application/User/stm32xx_it.o
                0x080017dc                SysTick_Handler
 .text.OTG_FS_IRQHandler
                0x080017e8       0x14 ./Application/User/stm32xx_it.o
                0x080017e8                OTG_FS_IRQHandler
 .text.DMA1_Channel1_IRQHandler
                0x080017fc       0x18 ./Application/User/stm32xx_it.o
                0x080017fc                DMA1_Channel1_IRQHandler
 .text.DMA1_Channel4_IRQHandler
                0x08001814       0x18 ./Application/User/stm32xx_it.o
                0x08001814                DMA1_Channel4_IRQHandler
 .text.DMA1_Channel7_IRQHandler
                0x0800182c       0x14 ./Application/User/stm32xx_it.o
                0x0800182c                DMA1_Channel7_IRQHandler
 .text.DFSDM1_FLT0_IRQHandler
                0x08001840       0x14 ./Application/User/stm32xx_it.o
                0x08001840                DFSDM1_FLT0_IRQHandler
 .text.DFSDM1_FLT1_IRQHandler
                0x08001854       0x14 ./Application/User/stm32xx_it.o
                0x08001854                DFSDM1_FLT1_IRQHandler
 .text.Audio_Init
                0x08001868       0x1a ./Application/User/usbd_audio_if.o
 .text.Audio_DeInit
                0x08001882       0x16 ./Application/User/usbd_audio_if.o
 .text.Audio_Record
                0x08001898       0x10 ./Application/User/usbd_audio_if.o
 .text.Audio_VolumeCtl
                0x080018a8       0x64 ./Application/User/usbd_audio_if.o
 .text.Audio_MuteCtl
                0x0800190c       0x18 ./Application/User/usbd_audio_if.o
 .text.Audio_Stop
                0x08001924       0x10 ./Application/User/usbd_audio_if.o
 .text.Audio_Pause
                0x08001934       0x10 ./Application/User/usbd_audio_if.o
 .text.Audio_Resume
                0x08001944       0x10 ./Application/User/usbd_audio_if.o
 .text.Audio_CommandMgr
                0x08001954       0x18 ./Application/User/usbd_audio_if.o
 .text.Send_Audio_to_USB
                0x0800196c       0x24 ./Application/User/usbd_audio_if.o
                0x0800196c                Send_Audio_to_USB
 .text.__NVIC_SetPriority
                0x08001990       0x54 ./Application/User/usbd_conf_l4.o
 .text.HAL_PCD_MspInit
                0x080019e4       0x84 ./Application/User/usbd_conf_l4.o
                0x080019e4                HAL_PCD_MspInit
 .text.HAL_PCD_SetupStageCallback
                0x08001a68       0x24 ./Application/User/usbd_conf_l4.o
                0x08001a68                HAL_PCD_SetupStageCallback
 .text.HAL_PCD_DataOutStageCallback
                0x08001a8c       0x36 ./Application/User/usbd_conf_l4.o
                0x08001a8c                HAL_PCD_DataOutStageCallback
 .text.HAL_PCD_DataInStageCallback
                0x08001ac2       0x34 ./Application/User/usbd_conf_l4.o
                0x08001ac2                HAL_PCD_DataInStageCallback
 .text.HAL_PCD_SOFCallback
                0x08001af6       0x1c ./Application/User/usbd_conf_l4.o
                0x08001af6                HAL_PCD_SOFCallback
 .text.HAL_PCD_ResetCallback
                0x08001b12       0x2a ./Application/User/usbd_conf_l4.o
                0x08001b12                HAL_PCD_ResetCallback
 .text.HAL_PCD_SuspendCallback
                0x08001b3c       0x1c ./Application/User/usbd_conf_l4.o
                0x08001b3c                HAL_PCD_SuspendCallback
 .text.HAL_PCD_ResumeCallback
                0x08001b58       0x1c ./Application/User/usbd_conf_l4.o
                0x08001b58                HAL_PCD_ResumeCallback
 .text.HAL_PCD_ISOOUTIncompleteCallback
                0x08001b74       0x24 ./Application/User/usbd_conf_l4.o
                0x08001b74                HAL_PCD_ISOOUTIncompleteCallback
 .text.HAL_PCD_ISOINIncompleteCallback
                0x08001b98       0x24 ./Application/User/usbd_conf_l4.o
                0x08001b98                HAL_PCD_ISOINIncompleteCallback
 .text.HAL_PCD_ConnectCallback
                0x08001bbc       0x1c ./Application/User/usbd_conf_l4.o
                0x08001bbc                HAL_PCD_ConnectCallback
 .text.HAL_PCD_DisconnectCallback
                0x08001bd8       0x1c ./Application/User/usbd_conf_l4.o
                0x08001bd8                HAL_PCD_DisconnectCallback
 .text.USBD_LL_Init
                0x08001bf4       0x90 ./Application/User/usbd_conf_l4.o
                0x08001bf4                USBD_LL_Init
 .text.USBD_LL_Start
                0x08001c84       0x1e ./Application/User/usbd_conf_l4.o
                0x08001c84                USBD_LL_Start
 .text.USBD_LL_OpenEP
                0x08001ca2       0x34 ./Application/User/usbd_conf_l4.o
                0x08001ca2                USBD_LL_OpenEP
 .text.USBD_LL_CloseEP
                0x08001cd6       0x26 ./Application/User/usbd_conf_l4.o
                0x08001cd6                USBD_LL_CloseEP
 .text.USBD_LL_FlushEP
                0x08001cfc       0x26 ./Application/User/usbd_conf_l4.o
                0x08001cfc                USBD_LL_FlushEP
 .text.USBD_LL_StallEP
                0x08001d22       0x26 ./Application/User/usbd_conf_l4.o
                0x08001d22                USBD_LL_StallEP
 .text.USBD_LL_ClearStallEP
                0x08001d48       0x26 ./Application/User/usbd_conf_l4.o
                0x08001d48                USBD_LL_ClearStallEP
 .text.USBD_LL_IsStallEP
                0x08001d6e       0x58 ./Application/User/usbd_conf_l4.o
                0x08001d6e                USBD_LL_IsStallEP
 .text.USBD_LL_SetUSBAddress
                0x08001dc6       0x26 ./Application/User/usbd_conf_l4.o
                0x08001dc6                USBD_LL_SetUSBAddress
 .text.USBD_LL_Transmit
                0x08001dec       0x2a ./Application/User/usbd_conf_l4.o
                0x08001dec                USBD_LL_Transmit
 .text.USBD_LL_PrepareReceive
                0x08001e16       0x2a ./Application/User/usbd_conf_l4.o
                0x08001e16                USBD_LL_PrepareReceive
 .text.USBD_AUDIO_DeviceDescriptor
                0x08001e40       0x24 ./Application/User/usbd_desc.o
                0x08001e40                USBD_AUDIO_DeviceDescriptor
 .text.USBD_AUDIO_LangIDStrDescriptor
                0x08001e64       0x24 ./Application/User/usbd_desc.o
                0x08001e64                USBD_AUDIO_LangIDStrDescriptor
 .text.USBD_AUDIO_ProductStrDescriptor
                0x08001e88       0x40 ./Application/User/usbd_desc.o
                0x08001e88                USBD_AUDIO_ProductStrDescriptor
 .text.USBD_AUDIO_ManufacturerStrDescriptor
                0x08001ec8       0x28 ./Application/User/usbd_desc.o
                0x08001ec8                USBD_AUDIO_ManufacturerStrDescriptor
 .text.USBD_AUDIO_SerialStrDescriptor
                0x08001ef0       0x40 ./Application/User/usbd_desc.o
                0x08001ef0                USBD_AUDIO_SerialStrDescriptor
 .text.USBD_AUDIO_ConfigStrDescriptor
                0x08001f30       0x3c ./Application/User/usbd_desc.o
                0x08001f30                USBD_AUDIO_ConfigStrDescriptor
 .text.USBD_AUDIO_InterfaceStrDescriptor
                0x08001f6c       0x3c ./Application/User/usbd_desc.o
                0x08001f6c                USBD_AUDIO_InterfaceStrDescriptor
 .text.BSP_ADC1_Initialization
                0x08001fa8       0xdc ./Drivers/BSP/STWIN/STWIN.o
                0x08001fa8                BSP_ADC1_Initialization
 .text.HAL_ADC_MspInit
                0x08002084       0x44 ./Drivers/BSP/STWIN/STWIN.o
                0x08002084                HAL_ADC_MspInit
 .text.BSP_LED_Init
                0x080020c8       0x84 ./Drivers/BSP/STWIN/STWIN.o
                0x080020c8                BSP_LED_Init
 .text.BSP_LED_On
                0x0800214c       0x34 ./Drivers/BSP/STWIN/STWIN.o
                0x0800214c                BSP_LED_On
 .text.BSP_LED_Off
                0x08002180       0x34 ./Drivers/BSP/STWIN/STWIN.o
                0x08002180                BSP_LED_Off
 .text.BSP_AUDIO_IN_Init
                0x080021b4      0x478 ./Drivers/BSP/STWIN/STWIN_audio.o
                0x080021b4                BSP_AUDIO_IN_Init
 .text.BSP_AUDIO_IN_Record
                0x0800262c       0xd0 ./Drivers/BSP/STWIN/STWIN_audio.o
                0x0800262c                BSP_AUDIO_IN_Record
 .text.BSP_AUDIO_IN_SetVolume
                0x080026fc       0x4c ./Drivers/BSP/STWIN/STWIN_audio.o
                0x080026fc                BSP_AUDIO_IN_SetVolume
 .text.HAL_DFSDM_FilterRegConvCpltCallback
                0x08002748      0x2ac ./Drivers/BSP/STWIN/STWIN_audio.o
                0x08002748                HAL_DFSDM_FilterRegConvCpltCallback
 .text.HAL_DFSDM_FilterRegConvHalfCpltCallback
                0x080029f4      0x280 ./Drivers/BSP/STWIN/STWIN_audio.o
                0x080029f4                HAL_DFSDM_FilterRegConvHalfCpltCallback
 .text.MX_DFSDM_Init
                0x08002c74      0x1f0 ./Drivers/BSP/STWIN/STWIN_audio.o
                0x08002c74                MX_DFSDM_Init
 .text.MX_ADC1_Init
                0x08002e64       0x58 ./Drivers/BSP/STWIN/STWIN_audio.o
                0x08002e64                MX_ADC1_Init
 .text.DFSDM_ChannelMspInit
                0x08002ebc       0xb8 ./Drivers/BSP/STWIN/STWIN_audio.o
                0x08002ebc                DFSDM_ChannelMspInit
 .text.DFSDM_FilterMspInit
                0x08002f74       0xec ./Drivers/BSP/STWIN/STWIN_audio.o
                0x08002f74                DFSDM_FilterMspInit
 .text.HAL_ADC_Audio_MspInit
                0x08003060      0x128 ./Drivers/BSP/STWIN/STWIN_audio.o
                0x08003060                HAL_ADC_Audio_MspInit
 .text.SystemInit
                0x08003188       0x24 ./Drivers/CMSIS/system_stm32l4xx.o
                0x08003188                SystemInit
 .text.HAL_Init
                0x080031ac       0x40 ./Drivers/STM32L4xx_HAL_Driver/stm32l4xx_hal.o
                0x080031ac                HAL_Init
 .text.HAL_MspInit
                0x080031ec        0xe ./Drivers/STM32L4xx_HAL_Driver/stm32l4xx_hal.o
                0x080031ec                HAL_MspInit
 *fill*         0x080031fa        0x2 
 .text.HAL_InitTick
                0x080031fc       0x78 ./Drivers/STM32L4xx_HAL_Driver/stm32l4xx_hal.o
                0x080031fc                HAL_InitTick
 .text.HAL_IncTick
                0x08003274       0x28 ./Drivers/STM32L4xx_HAL_Driver/stm32l4xx_hal.o
                0x08003274                HAL_IncTick
 .text.HAL_GetTick
                0x0800329c       0x18 ./Drivers/STM32L4xx_HAL_Driver/stm32l4xx_hal.o
                0x0800329c                HAL_GetTick
 .text.HAL_Delay
                0x080032b4       0x48 ./Drivers/STM32L4xx_HAL_Driver/stm32l4xx_hal.o
                0x080032b4                HAL_Delay
 .text.LL_ADC_SetCommonClock
                0x080032fc       0x26 ./Drivers/STM32L4xx_HAL_Driver/stm32l4xx_hal_adc.o
 .text.LL_ADC_SetCommonPathInternalCh
                0x08003322       0x26 ./Drivers/STM32L4xx_HAL_Driver/stm32l4xx_hal_adc.o
 .text.LL_ADC_GetCommonPathInternalCh
                0x08003348       0x1c ./Drivers/STM32L4xx_HAL_Driver/stm32l4xx_hal_adc.o
 .text.LL_ADC_SetOffset
                0x08003364       0x48 ./Drivers/STM32L4xx_HAL_Driver/stm32l4xx_hal_adc.o
 .text.LL_ADC_GetOffsetChannel
                0x080033ac       0x2c ./Drivers/STM32L4xx_HAL_Driver/stm32l4xx_hal_adc.o
 .text.LL_ADC_SetOffsetState
                0x080033d8       0x36 ./Drivers/STM32L4xx_HAL_Driver/stm32l4xx_hal_adc.o
 .text.LL_ADC_SetSamplingTimeCommonConfig
                0x0800340e       0x26 ./Drivers/STM32L4xx_HAL_Driver/stm32l4xx_hal_adc.o
 .text.LL_ADC_REG_SetSequencerRanks
                0x08003434       0x58 ./Drivers/STM32L4xx_HAL_Driver/stm32l4xx_hal_adc.o
 .text.LL_ADC_SetChannelSamplingTime
                0x0800348c       0x56 ./Drivers/STM32L4xx_HAL_Driver/stm32l4xx_hal_adc.o
 *fill*         0x080034e2        0x2 
 .text.LL_ADC_SetChannelSingleDiff
                0x080034e4       0x48 ./Drivers/STM32L4xx_HAL_Driver/stm32l4xx_hal_adc.o
 .text.LL_ADC_DisableDeepPowerDown
                0x0800352c       0x24 ./Drivers/STM32L4xx_HAL_Driver/stm32l4xx_hal_adc.o
 .text.LL_ADC_IsDeepPowerDownEnabled
                0x08003550       0x28 ./Drivers/STM32L4xx_HAL_Driver/stm32l4xx_hal_adc.o
 .text.LL_ADC_EnableInternalRegulator
                0x08003578       0x28 ./Drivers/STM32L4xx_HAL_Driver/stm32l4xx_hal_adc.o
 .text.LL_ADC_IsInternalRegulatorEnabled
                0x080035a0       0x28 ./Drivers/STM32L4xx_HAL_Driver/stm32l4xx_hal_adc.o
 .text.LL_ADC_Enable
                0x080035c8       0x28 ./Drivers/STM32L4xx_HAL_Driver/stm32l4xx_hal_adc.o
 .text.LL_ADC_Disable
                0x080035f0       0x28 ./Drivers/STM32L4xx_HAL_Driver/stm32l4xx_hal_adc.o
 .text.LL_ADC_IsEnabled
                0x08003618       0x26 ./Drivers/STM32L4xx_HAL_Driver/stm32l4xx_hal_adc.o
 .text.LL_ADC_IsDisableOngoing
                0x0800363e       0x26 ./Drivers/STM32L4xx_HAL_Driver/stm32l4xx_hal_adc.o
 .text.LL_ADC_REG_StartConversion
                0x08003664       0x28 ./Drivers/STM32L4xx_HAL_Driver/stm32l4xx_hal_adc.o
 .text.LL_ADC_REG_IsConversionOngoing
                0x0800368c       0x26 ./Drivers/STM32L4xx_HAL_Driver/stm32l4xx_hal_adc.o
 .text.LL_ADC_INJ_IsConversionOngoing
                0x080036b2       0x26 ./Drivers/STM32L4xx_HAL_Driver/stm32l4xx_hal_adc.o
 .text.HAL_ADC_Init
                0x080036d8      0x28c ./Drivers/STM32L4xx_HAL_Driver/stm32l4xx_hal_adc.o
                0x080036d8                HAL_ADC_Init
 .text.HAL_ADC_Start
                0x08003964       0xc6 ./Drivers/STM32L4xx_HAL_Driver/stm32l4xx_hal_adc.o
                0x08003964                HAL_ADC_Start
 *fill*         0x08003a2a        0x2 
 .text.HAL_ADC_ConfigChannel
                0x08003a2c      0x7f8 ./Drivers/STM32L4xx_HAL_Driver/stm32l4xx_hal_adc.o
                0x08003a2c                HAL_ADC_ConfigChannel
 .text.ADC_Enable
                0x08004224      0x10c ./Drivers/STM32L4xx_HAL_Driver/stm32l4xx_hal_adc.o
                0x08004224                ADC_Enable
 .text.ADC_Disable
                0x08004330       0xbe ./Drivers/STM32L4xx_HAL_Driver/stm32l4xx_hal_adc.o
                0x08004330                ADC_Disable
 .text.LL_ADC_StartCalibration
                0x080043ee       0x32 ./Drivers/STM32L4xx_HAL_Driver/stm32l4xx_hal_adc_ex.o
 .text.LL_ADC_IsCalibrationOnGoing
                0x08004420       0x28 ./Drivers/STM32L4xx_HAL_Driver/stm32l4xx_hal_adc_ex.o
 .text.HAL_ADCEx_Calibration_Start
                0x08004448       0xc0 ./Drivers/STM32L4xx_HAL_Driver/stm32l4xx_hal_adc_ex.o
                0x08004448                HAL_ADCEx_Calibration_Start
 .text.__NVIC_SetPriorityGrouping
                0x08004508       0x48 ./Drivers/STM32L4xx_HAL_Driver/stm32l4xx_hal_cortex.o
 .text.__NVIC_GetPriorityGrouping
                0x08004550       0x1c ./Drivers/STM32L4xx_HAL_Driver/stm32l4xx_hal_cortex.o
 .text.__NVIC_EnableIRQ
                0x0800456c       0x3c ./Drivers/STM32L4xx_HAL_Driver/stm32l4xx_hal_cortex.o
 .text.__NVIC_SetPriority
                0x080045a8       0x54 ./Drivers/STM32L4xx_HAL_Driver/stm32l4xx_hal_cortex.o
 .text.NVIC_EncodePriority
                0x080045fc       0x66 ./Drivers/STM32L4xx_HAL_Driver/stm32l4xx_hal_cortex.o
 *fill*         0x08004662        0x2 
 .text.SysTick_Config
                0x08004664       0x44 ./Drivers/STM32L4xx_HAL_Driver/stm32l4xx_hal_cortex.o
 .text.HAL_NVIC_SetPriorityGrouping
                0x080046a8       0x16 ./Drivers/STM32L4xx_HAL_Driver/stm32l4xx_hal_cortex.o
                0x080046a8                HAL_NVIC_SetPriorityGrouping
 .text.HAL_NVIC_SetPriority
                0x080046be       0x38 ./Drivers/STM32L4xx_HAL_Driver/stm32l4xx_hal_cortex.o
                0x080046be                HAL_NVIC_SetPriority
 .text.HAL_NVIC_EnableIRQ
                0x080046f6       0x1c ./Drivers/STM32L4xx_HAL_Driver/stm32l4xx_hal_cortex.o
                0x080046f6                HAL_NVIC_EnableIRQ
 .text.HAL_SYSTICK_Config
                0x08004712       0x18 ./Drivers/STM32L4xx_HAL_Driver/stm32l4xx_hal_cortex.o
                0x08004712                HAL_SYSTICK_Config
 *fill*         0x0800472a        0x2 
 .text.HAL_SYSTICK_CLKSourceConfig
                0x0800472c       0x38 ./Drivers/STM32L4xx_HAL_Driver/stm32l4xx_hal_cortex.o
                0x0800472c                HAL_SYSTICK_CLKSourceConfig
 .text.HAL_DFSDM_ChannelInit
                0x08004764      0x180 ./Drivers/STM32L4xx_HAL_Driver/stm32l4xx_hal_dfsdm.o
                0x08004764                HAL_DFSDM_ChannelInit
 .text.HAL_DFSDM_ChannelMspInit
                0x080048e4       0x14 ./Drivers/STM32L4xx_HAL_Driver/stm32l4xx_hal_dfsdm.o
                0x080048e4                HAL_DFSDM_ChannelMspInit
 .text.HAL_DFSDM_ChannelCkabCallback
                0x080048f8       0x14 ./Drivers/STM32L4xx_HAL_Driver/stm32l4xx_hal_dfsdm.o
                0x080048f8                HAL_DFSDM_ChannelCkabCallback
 .text.HAL_DFSDM_ChannelScdCallback
                0x0800490c       0x14 ./Drivers/STM32L4xx_HAL_Driver/stm32l4xx_hal_dfsdm.o
                0x0800490c                HAL_DFSDM_ChannelScdCallback
 .text.HAL_DFSDM_FilterInit
                0x08004920      0x1b4 ./Drivers/STM32L4xx_HAL_Driver/stm32l4xx_hal_dfsdm.o
                0x08004920                HAL_DFSDM_FilterInit
 .text.HAL_DFSDM_FilterMspInit
                0x08004ad4       0x14 ./Drivers/STM32L4xx_HAL_Driver/stm32l4xx_hal_dfsdm.o
                0x08004ad4                HAL_DFSDM_FilterMspInit
 .text.HAL_DFSDM_FilterConfigRegChannel
                0x08004ae8       0x8a ./Drivers/STM32L4xx_HAL_Driver/stm32l4xx_hal_dfsdm.o
                0x08004ae8                HAL_DFSDM_FilterConfigRegChannel
 *fill*         0x08004b72        0x2 
 .text.HAL_DFSDM_FilterRegularStart_DMA
                0x08004b74      0x104 ./Drivers/STM32L4xx_HAL_Driver/stm32l4xx_hal_dfsdm.o
                0x08004b74                HAL_DFSDM_FilterRegularStart_DMA
 .text.HAL_DFSDM_IRQHandler
                0x08004c78      0x2c8 ./Drivers/STM32L4xx_HAL_Driver/stm32l4xx_hal_dfsdm.o
                0x08004c78                HAL_DFSDM_IRQHandler
 .text.HAL_DFSDM_FilterInjConvCpltCallback
                0x08004f40       0x14 ./Drivers/STM32L4xx_HAL_Driver/stm32l4xx_hal_dfsdm.o
                0x08004f40                HAL_DFSDM_FilterInjConvCpltCallback
 .text.HAL_DFSDM_FilterAwdCallback
                0x08004f54       0x18 ./Drivers/STM32L4xx_HAL_Driver/stm32l4xx_hal_dfsdm.o
                0x08004f54                HAL_DFSDM_FilterAwdCallback
 .text.HAL_DFSDM_FilterErrorCallback
                0x08004f6c       0x14 ./Drivers/STM32L4xx_HAL_Driver/stm32l4xx_hal_dfsdm.o
                0x08004f6c                HAL_DFSDM_FilterErrorCallback
 .text.DFSDM_DMARegularHalfConvCplt
                0x08004f80       0x1c ./Drivers/STM32L4xx_HAL_Driver/stm32l4xx_hal_dfsdm.o
 .text.DFSDM_DMARegularConvCplt
                0x08004f9c       0x1c ./Drivers/STM32L4xx_HAL_Driver/stm32l4xx_hal_dfsdm.o
 .text.DFSDM_DMAError
                0x08004fb8       0x22 ./Drivers/STM32L4xx_HAL_Driver/stm32l4xx_hal_dfsdm.o
 *fill*         0x08004fda        0x2 
 .text.DFSDM_GetChannelFromInstance
                0x08004fdc       0x98 ./Drivers/STM32L4xx_HAL_Driver/stm32l4xx_hal_dfsdm.o
 .text.DFSDM_RegConvStart
                0x08005074       0xac ./Drivers/STM32L4xx_HAL_Driver/stm32l4xx_hal_dfsdm.o
 .text.HAL_DMA_Init
                0x08005120      0x150 ./Drivers/STM32L4xx_HAL_Driver/stm32l4xx_hal_dma.o
                0x08005120                HAL_DMA_Init
 .text.HAL_DMA_DeInit
                0x08005270      0x12c ./Drivers/STM32L4xx_HAL_Driver/stm32l4xx_hal_dma.o
                0x08005270                HAL_DMA_DeInit
 .text.HAL_DMA_Start_IT
                0x0800539c       0xf6 ./Drivers/STM32L4xx_HAL_Driver/stm32l4xx_hal_dma.o
                0x0800539c                HAL_DMA_Start_IT
 .text.HAL_DMA_IRQHandler
                0x08005492      0x15e ./Drivers/STM32L4xx_HAL_Driver/stm32l4xx_hal_dma.o
                0x08005492                HAL_DMA_IRQHandler
 .text.DMA_SetConfig
                0x080055f0       0x7c ./Drivers/STM32L4xx_HAL_Driver/stm32l4xx_hal_dma.o
 .text.DMA_CalcDMAMUXChannelBaseAndMask
                0x0800566c       0x7c ./Drivers/STM32L4xx_HAL_Driver/stm32l4xx_hal_dma.o
 .text.DMA_CalcDMAMUXRequestGenBaseAndMask
                0x080056e8       0x48 ./Drivers/STM32L4xx_HAL_Driver/stm32l4xx_hal_dma.o
 .text.HAL_GPIO_Init
                0x08005730      0x324 ./Drivers/STM32L4xx_HAL_Driver/stm32l4xx_hal_gpio.o
                0x08005730                HAL_GPIO_Init
 .text.HAL_GPIO_WritePin
                0x08005a54       0x30 ./Drivers/STM32L4xx_HAL_Driver/stm32l4xx_hal_gpio.o
                0x08005a54                HAL_GPIO_WritePin
 .text.HAL_PCDEx_SetTxFiFo
                0x08005a84       0x8e ./Drivers/STM32L4xx_HAL_Driver/stm32l4xx_hal_pcd_ex.o
                0x08005a84                HAL_PCDEx_SetTxFiFo
 .text.HAL_PCDEx_SetRxFiFo
                0x08005b12       0x22 ./Drivers/STM32L4xx_HAL_Driver/stm32l4xx_hal_pcd_ex.o
                0x08005b12                HAL_PCDEx_SetRxFiFo
 .text.HAL_PCDEx_ActivateLPM
                0x08005b34       0x48 ./Drivers/STM32L4xx_HAL_Driver/stm32l4xx_hal_pcd_ex.o
                0x08005b34                HAL_PCDEx_ActivateLPM
 .text.HAL_PCDEx_LPM_Callback
                0x08005b7c       0x18 ./Drivers/STM32L4xx_HAL_Driver/stm32l4xx_hal_pcd_ex.o
                0x08005b7c                HAL_PCDEx_LPM_Callback
 .text.HAL_PWR_EnableBkUpAccess
                0x08005b94       0x20 ./Drivers/STM32L4xx_HAL_Driver/stm32l4xx_hal_pwr.o
                0x08005b94                HAL_PWR_EnableBkUpAccess
 .text.HAL_PWREx_GetVoltageRange
                0x08005bb4       0x40 ./Drivers/STM32L4xx_HAL_Driver/stm32l4xx_hal_pwr_ex.o
                0x08005bb4                HAL_PWREx_GetVoltageRange
 .text.HAL_PWREx_ControlVoltageScaling
                0x08005bf4      0x148 ./Drivers/STM32L4xx_HAL_Driver/stm32l4xx_hal_pwr_ex.o
                0x08005bf4                HAL_PWREx_ControlVoltageScaling
 .text.HAL_PWREx_EnableVddUSB
                0x08005d3c       0x20 ./Drivers/STM32L4xx_HAL_Driver/stm32l4xx_hal_pwr_ex.o
                0x08005d3c                HAL_PWREx_EnableVddUSB
 .text.HAL_RCC_OscConfig
                0x08005d5c      0x83c ./Drivers/STM32L4xx_HAL_Driver/stm32l4xx_hal_rcc.o
                0x08005d5c                HAL_RCC_OscConfig
 .text.HAL_RCC_ClockConfig
                0x08006598      0x274 ./Drivers/STM32L4xx_HAL_Driver/stm32l4xx_hal_rcc.o
                0x08006598                HAL_RCC_ClockConfig
 .text.HAL_RCC_MCOConfig
                0x0800680c       0x68 ./Drivers/STM32L4xx_HAL_Driver/stm32l4xx_hal_rcc.o
                0x0800680c                HAL_RCC_MCOConfig
 .text.HAL_RCC_GetSysClockFreq
                0x08006874      0x114 ./Drivers/STM32L4xx_HAL_Driver/stm32l4xx_hal_rcc.o
                0x08006874                HAL_RCC_GetSysClockFreq
 .text.HAL_RCC_GetHCLKFreq
                0x08006988       0x18 ./Drivers/STM32L4xx_HAL_Driver/stm32l4xx_hal_rcc.o
                0x08006988                HAL_RCC_GetHCLKFreq
 .text.RCC_SetFlashLatencyFromMSIRange
                0x080069a0       0xb4 ./Drivers/STM32L4xx_HAL_Driver/stm32l4xx_hal_rcc.o
 .text.RCC_GetSysClockFreqFromPLLSource
                0x08006a54       0xc8 ./Drivers/STM32L4xx_HAL_Driver/stm32l4xx_hal_rcc.o
 .text.HAL_RCCEx_PeriphCLKConfig
                0x08006b1c      0x720 ./Drivers/STM32L4xx_HAL_Driver/stm32l4xx_hal_rcc_ex.o
                0x08006b1c                HAL_RCCEx_PeriphCLKConfig
 .text.RCCEx_PLLSAI1_Config
                0x0800723c      0x1e8 ./Drivers/STM32L4xx_HAL_Driver/stm32l4xx_hal_rcc_ex.o
 .text.RCCEx_PLLSAI2_Config
                0x08007424      0x1e8 ./Drivers/STM32L4xx_HAL_Driver/stm32l4xx_hal_rcc_ex.o
 .text.USB_CoreInit
                0x0800760c       0x58 ./Drivers/STM32L4xx_HAL_Driver/stm32l4xx_ll_usb.o
                0x0800760c                USB_CoreInit
 .text.USB_SetTurnaroundTime
                0x08007664      0x138 ./Drivers/STM32L4xx_HAL_Driver/stm32l4xx_ll_usb.o
                0x08007664                USB_SetTurnaroundTime
 .text.USB_EnableGlobalInt
                0x0800779c       0x22 ./Drivers/STM32L4xx_HAL_Driver/stm32l4xx_ll_usb.o
                0x0800779c                USB_EnableGlobalInt
 .text.USB_DisableGlobalInt
                0x080077be       0x22 ./Drivers/STM32L4xx_HAL_Driver/stm32l4xx_ll_usb.o
                0x080077be                USB_DisableGlobalInt
 .text.USB_SetCurrentMode
                0x080077e0       0x98 ./Drivers/STM32L4xx_HAL_Driver/stm32l4xx_ll_usb.o
                0x080077e0                USB_SetCurrentMode
 .text.USB_DevInit
                0x08007878      0x284 ./Drivers/STM32L4xx_HAL_Driver/stm32l4xx_ll_usb.o
                0x08007878                USB_DevInit
 .text.USB_FlushTxFifo
                0x08007afc       0x68 ./Drivers/STM32L4xx_HAL_Driver/stm32l4xx_ll_usb.o
                0x08007afc                USB_FlushTxFifo
 .text.USB_FlushRxFifo
                0x08007b64       0x60 ./Drivers/STM32L4xx_HAL_Driver/stm32l4xx_ll_usb.o
                0x08007b64                USB_FlushRxFifo
 .text.USB_SetDevSpeed
                0x08007bc4       0x32 ./Drivers/STM32L4xx_HAL_Driver/stm32l4xx_ll_usb.o
                0x08007bc4                USB_SetDevSpeed
 .text.USB_GetDevSpeed
                0x08007bf6       0x3e ./Drivers/STM32L4xx_HAL_Driver/stm32l4xx_ll_usb.o
                0x08007bf6                USB_GetDevSpeed
 .text.USB_ActivateEndpoint
                0x08007c34      0x10e ./Drivers/STM32L4xx_HAL_Driver/stm32l4xx_ll_usb.o
                0x08007c34                USB_ActivateEndpoint
 *fill*         0x08007d42        0x2 
 .text.USB_DeactivateEndpoint
                0x08007d44      0x1b8 ./Drivers/STM32L4xx_HAL_Driver/stm32l4xx_ll_usb.o
                0x08007d44                USB_DeactivateEndpoint
 .text.USB_EPStartXfer
                0x08007efc      0x464 ./Drivers/STM32L4xx_HAL_Driver/stm32l4xx_ll_usb.o
                0x08007efc                USB_EPStartXfer
 .text.USB_EPStopXfer
                0x08008360      0x154 ./Drivers/STM32L4xx_HAL_Driver/stm32l4xx_ll_usb.o
                0x08008360                USB_EPStopXfer
 .text.USB_WritePacket
                0x080084b4       0x74 ./Drivers/STM32L4xx_HAL_Driver/stm32l4xx_ll_usb.o
                0x080084b4                USB_WritePacket
 .text.USB_ReadPacket
                0x08008528       0xb0 ./Drivers/STM32L4xx_HAL_Driver/stm32l4xx_ll_usb.o
                0x08008528                USB_ReadPacket
 .text.USB_EPSetStall
                0x080085d8       0xdc ./Drivers/STM32L4xx_HAL_Driver/stm32l4xx_ll_usb.o
                0x080085d8                USB_EPSetStall
 .text.USB_EPClearStall
                0x080086b4       0xcc ./Drivers/STM32L4xx_HAL_Driver/stm32l4xx_ll_usb.o
                0x080086b4                USB_EPClearStall
 .text.USB_SetDevAddress
                0x08008780       0x4c ./Drivers/STM32L4xx_HAL_Driver/stm32l4xx_ll_usb.o
                0x08008780                USB_SetDevAddress
 .text.USB_DevConnect
                0x080087cc       0x42 ./Drivers/STM32L4xx_HAL_Driver/stm32l4xx_ll_usb.o
                0x080087cc                USB_DevConnect
 .text.USB_DevDisconnect
                0x0800880e       0x42 ./Drivers/STM32L4xx_HAL_Driver/stm32l4xx_ll_usb.o
                0x0800880e                USB_DevDisconnect
 .text.USB_ReadInterrupts
                0x08008850       0x26 ./Drivers/STM32L4xx_HAL_Driver/stm32l4xx_ll_usb.o
                0x08008850                USB_ReadInterrupts
 .text.USB_ReadDevAllOutEpInterrupt
                0x08008876       0x34 ./Drivers/STM32L4xx_HAL_Driver/stm32l4xx_ll_usb.o
                0x08008876                USB_ReadDevAllOutEpInterrupt
 .text.USB_ReadDevAllInEpInterrupt
                0x080088aa       0x34 ./Drivers/STM32L4xx_HAL_Driver/stm32l4xx_ll_usb.o
                0x080088aa                USB_ReadDevAllInEpInterrupt
 .text.USB_ReadDevOutEPInterrupt
                0x080088de       0x3c ./Drivers/STM32L4xx_HAL_Driver/stm32l4xx_ll_usb.o
                0x080088de                USB_ReadDevOutEPInterrupt
 .text.USB_ReadDevInEPInterrupt
                0x0800891a       0x5c ./Drivers/STM32L4xx_HAL_Driver/stm32l4xx_ll_usb.o
                0x0800891a                USB_ReadDevInEPInterrupt
 .text.USB_GetMode
                0x08008976       0x1c ./Drivers/STM32L4xx_HAL_Driver/stm32l4xx_ll_usb.o
                0x08008976                USB_GetMode
 .text.USB_ActivateSetup
                0x08008992       0x46 ./Drivers/STM32L4xx_HAL_Driver/stm32l4xx_ll_usb.o
                0x08008992                USB_ActivateSetup
 .text.USB_EP0_OutStart
                0x080089d8       0x90 ./Drivers/STM32L4xx_HAL_Driver/stm32l4xx_ll_usb.o
                0x080089d8                USB_EP0_OutStart
 .text.USB_CoreReset
                0x08008a68       0x68 ./Drivers/STM32L4xx_HAL_Driver/stm32l4xx_ll_usb.o
 .text.USBD_AUDIO_Init
                0x08008ad0       0xb8 ./Middlewares/STM32_USBD_Library/Class/AUDIO_IN/usbd_audio_in.o
 .text.USBD_AUDIO_DeInit
                0x08008b88       0x48 ./Middlewares/STM32_USBD_Library/Class/AUDIO_IN/usbd_audio_in.o
 .text.USBD_AUDIO_Setup
                0x08008bd0      0x11c ./Middlewares/STM32_USBD_Library/Class/AUDIO_IN/usbd_audio_in.o
 .text.USBD_AUDIO_GetCfgDesc
                0x08008cec       0x20 ./Middlewares/STM32_USBD_Library/Class/AUDIO_IN/usbd_audio_in.o
 .text.USBD_AUDIO_DataIn
                0x08008d0c      0x170 ./Middlewares/STM32_USBD_Library/Class/AUDIO_IN/usbd_audio_in.o
 .text.USBD_AUDIO_EP0_RxReady
                0x08008e7c       0x70 ./Middlewares/STM32_USBD_Library/Class/AUDIO_IN/usbd_audio_in.o
 .text.USBD_AUDIO_EP0_TxReady
                0x08008eec       0x16 ./Middlewares/STM32_USBD_Library/Class/AUDIO_IN/usbd_audio_in.o
 .text.USBD_AUDIO_SOF
                0x08008f02       0x16 ./Middlewares/STM32_USBD_Library/Class/AUDIO_IN/usbd_audio_in.o
 .text.USBD_AUDIO_IsoINIncomplete
                0x08008f18       0x1a ./Middlewares/STM32_USBD_Library/Class/AUDIO_IN/usbd_audio_in.o
 .text.USBD_AUDIO_IsoOutIncomplete
                0x08008f32       0x1a ./Middlewares/STM32_USBD_Library/Class/AUDIO_IN/usbd_audio_in.o
 .text.USBD_AUDIO_DataOut
                0x08008f4c       0x1a ./Middlewares/STM32_USBD_Library/Class/AUDIO_IN/usbd_audio_in.o
 *fill*         0x08008f66        0x2 
 .text.USBD_AUDIO_GetDeviceQualifierDesc
                0x08008f68       0x20 ./Middlewares/STM32_USBD_Library/Class/AUDIO_IN/usbd_audio_in.o
 .text.AUDIO_REQ_GetMaximum
                0x08008f88       0x38 ./Middlewares/STM32_USBD_Library/Class/AUDIO_IN/usbd_audio_in.o
 .text.AUDIO_REQ_GetMinimum
                0x08008fc0       0x38 ./Middlewares/STM32_USBD_Library/Class/AUDIO_IN/usbd_audio_in.o
 .text.AUDIO_REQ_GetResolution
                0x08008ff8       0x38 ./Middlewares/STM32_USBD_Library/Class/AUDIO_IN/usbd_audio_in.o
 .text.AUDIO_REQ_GetCurrent
                0x08009030       0x50 ./Middlewares/STM32_USBD_Library/Class/AUDIO_IN/usbd_audio_in.o
 .text.AUDIO_REQ_SetCurrent
                0x08009080       0x58 ./Middlewares/STM32_USBD_Library/Class/AUDIO_IN/usbd_audio_in.o
 .text.USBD_AUDIO_Data_Transfer
                0x080090d8      0x1a8 ./Middlewares/STM32_USBD_Library/Class/AUDIO_IN/usbd_audio_in.o
                0x080090d8                USBD_AUDIO_Data_Transfer
 .text.USBD_AUDIO_RegisterInterface
                0x08009280       0x26 ./Middlewares/STM32_USBD_Library/Class/AUDIO_IN/usbd_audio_in.o
                0x08009280                USBD_AUDIO_RegisterInterface
 *fill*         0x080092a6        0x2 
 .text.USBD_AUDIO_Init_Microphone_Descriptor
                0x080092a8      0x648 ./Middlewares/STM32_USBD_Library/Class/AUDIO_IN/usbd_audio_in.o
                0x080092a8                USBD_AUDIO_Init_Microphone_Descriptor
 .text.USBD_Init
                0x080098f0       0x60 ./Middlewares/STM32_USBD_Library/Core/usbd_core.o
                0x080098f0                USBD_Init
 .text.USBD_RegisterClass
                0x08009950       0x6c ./Middlewares/STM32_USBD_Library/Core/usbd_core.o
                0x08009950                USBD_RegisterClass
 .text.USBD_Start
                0x080099bc       0x18 ./Middlewares/STM32_USBD_Library/Core/usbd_core.o
                0x080099bc                USBD_Start
 .text.USBD_RunTestMode
                0x080099d4       0x16 ./Middlewares/STM32_USBD_Library/Core/usbd_core.o
                0x080099d4                USBD_RunTestMode
 .text.USBD_SetClassConfig
                0x080099ea       0x38 ./Middlewares/STM32_USBD_Library/Core/usbd_core.o
                0x080099ea                USBD_SetClassConfig
 .text.USBD_ClrClassConfig
                0x08009a22       0x34 ./Middlewares/STM32_USBD_Library/Core/usbd_core.o
                0x08009a22                USBD_ClrClassConfig
 .text.USBD_LL_SetupStage
                0x08009a56       0xaa ./Middlewares/STM32_USBD_Library/Core/usbd_core.o
                0x08009a56                USBD_LL_SetupStage
 .text.USBD_LL_DataOutStage
                0x08009b00      0x166 ./Middlewares/STM32_USBD_Library/Core/usbd_core.o
                0x08009b00                USBD_LL_DataOutStage
 .text.USBD_LL_DataInStage
                0x08009c66      0x164 ./Middlewares/STM32_USBD_Library/Core/usbd_core.o
                0x08009c66                USBD_LL_DataInStage
 .text.USBD_LL_Reset
                0x08009dca       0xa4 ./Middlewares/STM32_USBD_Library/Core/usbd_core.o
                0x08009dca                USBD_LL_Reset
 .text.USBD_LL_SetSpeed
                0x08009e6e       0x20 ./Middlewares/STM32_USBD_Library/Core/usbd_core.o
                0x08009e6e                USBD_LL_SetSpeed
 .text.USBD_LL_Suspend
                0x08009e8e       0x38 ./Middlewares/STM32_USBD_Library/Core/usbd_core.o
                0x08009e8e                USBD_LL_Suspend
 .text.USBD_LL_Resume
                0x08009ec6       0x30 ./Middlewares/STM32_USBD_Library/Core/usbd_core.o
                0x08009ec6                USBD_LL_Resume
 .text.USBD_LL_SOF
                0x08009ef6       0x40 ./Middlewares/STM32_USBD_Library/Core/usbd_core.o
                0x08009ef6                USBD_LL_SOF
 .text.USBD_LL_IsoINIncomplete
                0x08009f36       0x64 ./Middlewares/STM32_USBD_Library/Core/usbd_core.o
                0x08009f36                USBD_LL_IsoINIncomplete
 .text.USBD_LL_IsoOUTIncomplete
                0x08009f9a       0x64 ./Middlewares/STM32_USBD_Library/Core/usbd_core.o
                0x08009f9a                USBD_LL_IsoOUTIncomplete
 .text.USBD_LL_DevConnected
                0x08009ffe       0x16 ./Middlewares/STM32_USBD_Library/Core/usbd_core.o
                0x08009ffe                USBD_LL_DevConnected
 .text.USBD_LL_DevDisconnected
                0x0800a014       0x46 ./Middlewares/STM32_USBD_Library/Core/usbd_core.o
                0x0800a014                USBD_LL_DevDisconnected
 .text.USBD_CoreFindIF
                0x0800a05a       0x1a ./Middlewares/STM32_USBD_Library/Core/usbd_core.o
                0x0800a05a                USBD_CoreFindIF
 .text.USBD_CoreFindEP
                0x0800a074       0x1a ./Middlewares/STM32_USBD_Library/Core/usbd_core.o
                0x0800a074                USBD_CoreFindEP
 .text.SWAPBYTE
                0x0800a08e       0x3e ./Middlewares/STM32_USBD_Library/Core/usbd_ctlreq.o
 .text.USBD_StdDevReq
                0x0800a0cc       0xe4 ./Middlewares/STM32_USBD_Library/Core/usbd_ctlreq.o
                0x0800a0cc                USBD_StdDevReq
 .text.USBD_StdItfReq
                0x0800a1b0       0xd8 ./Middlewares/STM32_USBD_Library/Core/usbd_ctlreq.o
                0x0800a1b0                USBD_StdItfReq
 .text.USBD_StdEPReq
                0x0800a288      0x33a ./Middlewares/STM32_USBD_Library/Core/usbd_ctlreq.o
                0x0800a288                USBD_StdEPReq
 *fill*         0x0800a5c2        0x2 
 .text.USBD_GetDescriptor
                0x0800a5c4      0x2d4 ./Middlewares/STM32_USBD_Library/Core/usbd_ctlreq.o
 .text.USBD_SetAddress
                0x0800a898       0x88 ./Middlewares/STM32_USBD_Library/Core/usbd_ctlreq.o
 .text.USBD_SetConfig
                0x0800a920      0x154 ./Middlewares/STM32_USBD_Library/Core/usbd_ctlreq.o
 .text.USBD_GetConfig
                0x0800aa74       0x6c ./Middlewares/STM32_USBD_Library/Core/usbd_ctlreq.o
 .text.USBD_GetStatus
                0x0800aae0       0x68 ./Middlewares/STM32_USBD_Library/Core/usbd_ctlreq.o
 .text.USBD_SetFeature
                0x0800ab48       0x52 ./Middlewares/STM32_USBD_Library/Core/usbd_ctlreq.o
 .text.USBD_ClrFeature
                0x0800ab9a       0x44 ./Middlewares/STM32_USBD_Library/Core/usbd_ctlreq.o
 .text.USBD_ParseSetupRequest
                0x0800abde       0x74 ./Middlewares/STM32_USBD_Library/Core/usbd_ctlreq.o
                0x0800abde                USBD_ParseSetupRequest
 .text.USBD_CtlError
                0x0800ac52       0x22 ./Middlewares/STM32_USBD_Library/Core/usbd_ctlreq.o
                0x0800ac52                USBD_CtlError
 .text.USBD_GetString
                0x0800ac74       0xa0 ./Middlewares/STM32_USBD_Library/Core/usbd_ctlreq.o
                0x0800ac74                USBD_GetString
 .text.USBD_GetLen
                0x0800ad14       0x34 ./Middlewares/STM32_USBD_Library/Core/usbd_ctlreq.o
 .text.USBD_CtlSendData
                0x0800ad48       0x36 ./Middlewares/STM32_USBD_Library/Core/usbd_ioreq.o
                0x0800ad48                USBD_CtlSendData
 .text.USBD_CtlContinueSendData
                0x0800ad7e       0x22 ./Middlewares/STM32_USBD_Library/Core/usbd_ioreq.o
                0x0800ad7e                USBD_CtlContinueSendData
 .text.USBD_CtlPrepareRx
                0x0800ada0       0x3a ./Middlewares/STM32_USBD_Library/Core/usbd_ioreq.o
                0x0800ada0                USBD_CtlPrepareRx
 .text.USBD_CtlContinueRx
                0x0800adda       0x22 ./Middlewares/STM32_USBD_Library/Core/usbd_ioreq.o
                0x0800adda                USBD_CtlContinueRx
 .text.USBD_CtlSendStatus
                0x0800adfc       0x26 ./Middlewares/STM32_USBD_Library/Core/usbd_ioreq.o
                0x0800adfc                USBD_CtlSendStatus
 .text.USBD_CtlReceiveStatus
                0x0800ae22       0x26 ./Middlewares/STM32_USBD_Library/Core/usbd_ioreq.o
                0x0800ae22                USBD_CtlReceiveStatus
 .text.malloc   0x0800ae48       0x10 D:/stm32cube/STM32CubeIDE_2.2.0/STM32CubeIDE/plugins/com.st.stm32cube.ide.mcu.externaltools.gnu-tools-for-stm32.14.3.rel1.win32_1.0.100.202602081740/tools/bin/../lib/gcc/arm-none-eabi/14.3.1/../../../../arm-none-eabi/lib/thumb/v7e-m+fp/softfp\libc_nano.a(libc_a-malloc.o)
                0x0800ae48                malloc
 .text.free     0x0800ae58       0x10 D:/stm32cube/STM32CubeIDE_2.2.0/STM32CubeIDE/plugins/com.st.stm32cube.ide.mcu.externaltools.gnu-tools-for-stm32.14.3.rel1.win32_1.0.100.202602081740/tools/bin/../lib/gcc/arm-none-eabi/14.3.1/../../../../arm-none-eabi/lib/thumb/v7e-m+fp/softfp\libc_nano.a(libc_a-malloc.o)
                0x0800ae58                free
 .text.sbrk_aligned
                0x0800ae68       0x44 D:/stm32cube/STM32CubeIDE_2.2.0/STM32CubeIDE/plugins/com.st.stm32cube.ide.mcu.externaltools.gnu-tools-for-stm32.14.3.rel1.win32_1.0.100.202602081740/tools/bin/../lib/gcc/arm-none-eabi/14.3.1/../../../../arm-none-eabi/lib/thumb/v7e-m+fp/softfp\libc_nano.a(libc_a-mallocr.o)
 .text._malloc_r
                0x0800aeac      0x100 D:/stm32cube/STM32CubeIDE_2.2.0/STM32CubeIDE/plugins/com.st.stm32cube.ide.mcu.externaltools.gnu-tools-for-stm32.14.3.rel1.win32_1.0.100.202602081740/tools/bin/../lib/gcc/arm-none-eabi/14.3.1/../../../../arm-none-eabi/lib/thumb/v7e-m+fp/softfp\libc_nano.a(libc_a-mallocr.o)
                0x0800aeac                _malloc_r
 .text.__malloc_lock
                0x0800afac        0xc D:/stm32cube/STM32CubeIDE_2.2.0/STM32CubeIDE/plugins/com.st.stm32cube.ide.mcu.externaltools.gnu-tools-for-stm32.14.3.rel1.win32_1.0.100.202602081740/tools/bin/../lib/gcc/arm-none-eabi/14.3.1/../../../../arm-none-eabi/lib/thumb/v7e-m+fp/softfp\libc_nano.a(libc_a-mlock.o)
                0x0800afac                __malloc_lock
 .text.__malloc_unlock
                0x0800afb8        0xc D:/stm32cube/STM32CubeIDE_2.2.0/STM32CubeIDE/plugins/com.st.stm32cube.ide.mcu.externaltools.gnu-tools-for-stm32.14.3.rel1.win32_1.0.100.202602081740/tools/bin/../lib/gcc/arm-none-eabi/14.3.1/../../../../arm-none-eabi/lib/thumb/v7e-m+fp/softfp\libc_nano.a(libc_a-mlock.o)
                0x0800afb8                __malloc_unlock
 .text.memset   0x0800afc4       0x10 D:/stm32cube/STM32CubeIDE_2.2.0/STM32CubeIDE/plugins/com.st.stm32cube.ide.mcu.externaltools.gnu-tools-for-stm32.14.3.rel1.win32_1.0.100.202602081740/tools/bin/../lib/gcc/arm-none-eabi/14.3.1/../../../../arm-none-eabi/lib/thumb/v7e-m+fp/softfp\libc_nano.a(libc_a-memset.o)
                0x0800afc4                memset
 .text._sbrk_r  0x0800afd4       0x20 D:/stm32cube/STM32CubeIDE_2.2.0/STM32CubeIDE/plugins/com.st.stm32cube.ide.mcu.externaltools.gnu-tools-for-stm32.14.3.rel1.win32_1.0.100.202602081740/tools/bin/../lib/gcc/arm-none-eabi/14.3.1/../../../../arm-none-eabi/lib/thumb/v7e-m+fp/softfp\libc_nano.a(libc_a-sbrkr.o)
                0x0800afd4                _sbrk_r
 .text.__errno  0x0800aff4        0xc D:/stm32cube/STM32CubeIDE_2.2.0/STM32CubeIDE/plugins/com.st.stm32cube.ide.mcu.externaltools.gnu-tools-for-stm32.14.3.rel1.win32_1.0.100.202602081740/tools/bin/../lib/gcc/arm-none-eabi/14.3.1/../../../../arm-none-eabi/lib/thumb/v7e-m+fp/softfp\libc_nano.a(libc_a-errno.o)
                0x0800aff4                __errno
 .text.__libc_init_array
                0x0800b000       0x48 D:/stm32cube/STM32CubeIDE_2.2.0/STM32CubeIDE/plugins/com.st.stm32cube.ide.mcu.externaltools.gnu-tools-for-stm32.14.3.rel1.win32_1.0.100.202602081740/tools/bin/../lib/gcc/arm-none-eabi/14.3.1/../../../../arm-none-eabi/lib/thumb/v7e-m+fp/softfp\libc_nano.a(libc_a-init.o)
                0x0800b000                __libc_init_array
 .text.__retarget_lock_acquire_recursive
                0x0800b048        0x2 D:/stm32cube/STM32CubeIDE_2.2.0/STM32CubeIDE/plugins/com.st.stm32cube.ide.mcu.externaltools.gnu-tools-for-stm32.14.3.rel1.win32_1.0.100.202602081740/tools/bin/../lib/gcc/arm-none-eabi/14.3.1/../../../../arm-none-eabi/lib/thumb/v7e-m+fp/softfp\libc_nano.a(libc_a-lock.o)
                0x0800b048                __retarget_lock_acquire_recursive
 .text.__retarget_lock_release_recursive
                0x0800b04a        0x2 D:/stm32cube/STM32CubeIDE_2.2.0/STM32CubeIDE/plugins/com.st.stm32cube.ide.mcu.externaltools.gnu-tools-for-stm32.14.3.rel1.win32_1.0.100.202602081740/tools/bin/../lib/gcc/arm-none-eabi/14.3.1/../../../../arm-none-eabi/lib/thumb/v7e-m+fp/softfp\libc_nano.a(libc_a-lock.o)
                0x0800b04a                __retarget_lock_release_recursive
 .text.memcpy   0x0800b04c       0x1c D:/stm32cube/STM32CubeIDE_2.2.0/STM32CubeIDE/plugins/com.st.stm32cube.ide.mcu.externaltools.gnu-tools-for-stm32.14.3.rel1.win32_1.0.100.202602081740/tools/bin/../lib/gcc/arm-none-eabi/14.3.1/../../../../arm-none-eabi/lib/thumb/v7e-m+fp/softfp\libc_nano.a(libc_a-memcpy-stub.o)
                0x0800b04c                memcpy
 .text._free_r  0x0800b068       0x94 D:/stm32cube/STM32CubeIDE_2.2.0/STM32CubeIDE/plugins/com.st.stm32cube.ide.mcu.externaltools.gnu-tools-for-stm32.14.3.rel1.win32_1.0.100.202602081740/tools/bin/../lib/gcc/arm-none-eabi/14.3.1/../../../../arm-none-eabi/lib/thumb/v7e-m+fp/softfp\libc_nano.a(libc_a-freer.o)
                0x0800b068                _free_r
 *(.glue_7)
 .glue_7        0x0800b0fc        0x0 linker stubs
 *(.glue_7t)
 .glue_7t       0x0800b0fc        0x0 linker stubs
 *(.eh_frame)
 .eh_frame      0x0800b0fc        0x0 D:/stm32cube/STM32CubeIDE_2.2.0/STM32CubeIDE/plugins/com.st.stm32cube.ide.mcu.externaltools.gnu-tools-for-stm32.14.3.rel1.win32_1.0.100.202602081740/tools/bin/../lib/gcc/arm-none-eabi/14.3.1/thumb/v7e-m+fp/softfp/crtbegin.o
 *(.init)
 .init          0x0800b0fc        0x4 D:/stm32cube/STM32CubeIDE_2.2.0/STM32CubeIDE/plugins/com.st.stm32cube.ide.mcu.externaltools.gnu-tools-for-stm32.14.3.rel1.win32_1.0.100.202602081740/tools/bin/../lib/gcc/arm-none-eabi/14.3.1/thumb/v7e-m+fp/softfp/crti.o
                0x0800b0fc                _init
 .init          0x0800b100        0x8 D:/stm32cube/STM32CubeIDE_2.2.0/STM32CubeIDE/plugins/com.st.stm32cube.ide.mcu.externaltools.gnu-tools-for-stm32.14.3.rel1.win32_1.0.100.202602081740/tools/bin/../lib/gcc/arm-none-eabi/14.3.1/thumb/v7e-m+fp/softfp/crtn.o
 *(.fini)
 .fini          0x0800b108        0x4 D:/stm32cube/STM32CubeIDE_2.2.0/STM32CubeIDE/plugins/com.st.stm32cube.ide.mcu.externaltools.gnu-tools-for-stm32.14.3.rel1.win32_1.0.100.202602081740/tools/bin/../lib/gcc/arm-none-eabi/14.3.1/thumb/v7e-m+fp/softfp/crti.o
                0x0800b108                _fini
 .fini          0x0800b10c        0x8 D:/stm32cube/STM32CubeIDE_2.2.0/STM32CubeIDE/plugins/com.st.stm32cube.ide.mcu.externaltools.gnu-tools-for-stm32.14.3.rel1.win32_1.0.100.202602081740/tools/bin/../lib/gcc/arm-none-eabi/14.3.1/thumb/v7e-m+fp/softfp/crtn.o
                0x0800b118                        . = ALIGN (0x8)
 *fill*         0x0800b114        0x4 
                0x0800b118                        _etext = .

.vfp11_veneer   0x0800b118        0x0
 .vfp11_veneer  0x0800b118        0x0 linker stubs

.v4_bx          0x0800b118        0x0
 .v4_bx         0x0800b118        0x0 linker stubs

.iplt           0x0800b118        0x0
 .iplt          0x0800b118        0x0 D:/stm32cube/STM32CubeIDE_2.2.0/STM32CubeIDE/plugins/com.st.stm32cube.ide.mcu.externaltools.gnu-tools-for-stm32.14.3.rel1.win32_1.0.100.202602081740/tools/bin/../lib/gcc/arm-none-eabi/14.3.1/thumb/v7e-m+fp/softfp/crtbegin.o

.rodata         0x0800b118      0x178
                0x0800b118                        . = ALIGN (0x8)
 *(.rodata)
 .rodata        0x0800b118       0x82 ./Application/User/usbd_audio_if.o
                0x0800b118                vol_table
 *fill*         0x0800b19a        0x2 
 .rodata        0x0800b19c       0x9c ./Application/User/usbd_desc.o
 .rodata        0x0800b238        0xc ./Drivers/BSP/STWIN/STWIN.o
 .rodata        0x0800b244       0x48 ./Drivers/CMSIS/system_stm32l4xx.o
                0x0800b244                AHBPrescTable
                0x0800b254                APBPrescTable
                0x0800b25c                MSIRangeTable
 *(.rodata*)
                0x0800b290                        . = ALIGN (0x8)
 *fill*         0x0800b28c        0x4 

.ARM.extab      0x0800b290        0x0
                0x0800b290                        . = ALIGN (0x8)
 *(.ARM.extab* .gnu.linkonce.armextab.*)
                0x0800b290                        . = ALIGN (0x8)

.ARM            0x0800b290        0x0
                0x0800b290                        . = ALIGN (0x8)
                0x0800b290                        __exidx_start = .
 *(.ARM.exidx*)
                0x0800b290                        __exidx_end = .
                0x0800b290                        . = ALIGN (0x8)

.preinit_array  0x0800b290        0x0
                0x0800b290                        . = ALIGN (0x8)
                0x0800b290                        PROVIDE (__preinit_array_start = .)
 *(.preinit_array*)
                0x0800b290                        PROVIDE (__preinit_array_end = .)
                0x0800b290                        . = ALIGN (0x8)

.init_array     0x0800b290        0x8
                0x0800b290                        . = ALIGN (0x8)
                0x0800b290                        PROVIDE (__init_array_start = .)
 *(SORT_BY_NAME(.init_array.*))
 *(.init_array*)
 .init_array    0x0800b290        0x4 D:/stm32cube/STM32CubeIDE_2.2.0/STM32CubeIDE/plugins/com.st.stm32cube.ide.mcu.externaltools.gnu-tools-for-stm32.14.3.rel1.win32_1.0.100.202602081740/tools/bin/../lib/gcc/arm-none-eabi/14.3.1/thumb/v7e-m+fp/softfp/crtbegin.o
                0x0800b294                        PROVIDE (__init_array_end = .)
                0x0800b298                        . = ALIGN (0x8)
 *fill*         0x0800b294        0x4 

.fini_array     0x0800b298        0x8
                0x0800b298                        . = ALIGN (0x8)
                [!provide]                        PROVIDE (__fini_array_start = .)
 *(SORT_BY_NAME(.fini_array.*))
 *(.fini_array*)
 .fini_array    0x0800b298        0x4 D:/stm32cube/STM32CubeIDE_2.2.0/STM32CubeIDE/plugins/com.st.stm32cube.ide.mcu.externaltools.gnu-tools-for-stm32.14.3.rel1.win32_1.0.100.202602081740/tools/bin/../lib/gcc/arm-none-eabi/14.3.1/thumb/v7e-m+fp/softfp/crtbegin.o
                [!provide]                        PROVIDE (__fini_array_end = .)
                0x0800b2a0                        . = ALIGN (0x8)
 *fill*         0x0800b29c        0x4 
                0x0800b2a0                        _sidata = LOADADDR (.data)

.rel.dyn        0x0800b2a0        0x0
 .rel.iplt      0x0800b2a0        0x0 D:/stm32cube/STM32CubeIDE_2.2.0/STM32CubeIDE/plugins/com.st.stm32cube.ide.mcu.externaltools.gnu-tools-for-stm32.14.3.rel1.win32_1.0.100.202602081740/tools/bin/../lib/gcc/arm-none-eabi/14.3.1/thumb/v7e-m+fp/softfp/crtbegin.o

.data           0x20000000      0x108 load address 0x0800b2a0
                0x20000000                        . = ALIGN (0x8)
                0x20000000                        _sdata = .
 *(.data)
 .data          0x20000000       0x24 ./Application/User/usbd_audio_if.o
                0x20000000                USBD_AUDIO_fops
 .data          0x20000024       0x34 ./Application/User/usbd_desc.o
                0x20000024                AUDIO_Desc
                0x20000040                hUSBDDeviceDesc
                0x20000054                USBD_LangIDDesc
 .data          0x20000058       0x10 ./Drivers/BSP/STWIN/STWIN.o
 .data          0x20000068        0x4 ./Drivers/CMSIS/system_stm32l4xx.o
                0x20000068                SystemCoreClock
 .data          0x2000006c        0x5 ./Drivers/STM32L4xx_HAL_Driver/stm32l4xx_hal.o
                0x2000006c                uwTickPrio
                0x20000070                uwTickFreq
 *fill*         0x20000071        0x3 
 .data          0x20000074       0x42 ./Middlewares/STM32_USBD_Library/Class/AUDIO_IN/usbd_audio_in.o
                0x20000074                USBD_AUDIO
 *(.data*)
 *fill*         0x200000b6        0x2 
 .data._impure_ptr
                0x200000b8        0x4 D:/stm32cube/STM32CubeIDE_2.2.0/STM32CubeIDE/plugins/com.st.stm32cube.ide.mcu.externaltools.gnu-tools-for-stm32.14.3.rel1.win32_1.0.100.202602081740/tools/bin/../lib/gcc/arm-none-eabi/14.3.1/../../../../arm-none-eabi/lib/thumb/v7e-m+fp/softfp\libc_nano.a(libc_a-impure.o)
                0x200000b8                _impure_ptr
 .data._impure_data
                0x200000bc       0x4c D:/stm32cube/STM32CubeIDE_2.2.0/STM32CubeIDE/plugins/com.st.stm32cube.ide.mcu.externaltools.gnu-tools-for-stm32.14.3.rel1.win32_1.0.100.202602081740/tools/bin/../lib/gcc/arm-none-eabi/14.3.1/../../../../arm-none-eabi/lib/thumb/v7e-m+fp/softfp\libc_nano.a(libc_a-impure.o)
                0x200000bc                _impure_data
                0x20000108                        . = ALIGN (0x8)
                0x20000108                        _edata = .

.igot.plt       0x20000108        0x0 load address 0x0800b3a8
 .igot.plt      0x20000108        0x0 D:/stm32cube/STM32CubeIDE_2.2.0/STM32CubeIDE/plugins/com.st.stm32cube.ide.mcu.externaltools.gnu-tools-for-stm32.14.3.rel1.win32_1.0.100.202602081740/tools/bin/../lib/gcc/arm-none-eabi/14.3.1/thumb/v7e-m+fp/softfp/crtbegin.o
                0x20000108                        . = ALIGN (0x4)

.bss            0x20000108     0x1540 load address 0x0800b3a8
                0x20000108                        _sbss = .
                0x20000108                        __bss_start__ = _sbss
 *(.bss)
 .bss           0x20000108       0x1c D:/stm32cube/STM32CubeIDE_2.2.0/STM32CubeIDE/plugins/com.st.stm32cube.ide.mcu.externaltools.gnu-tools-for-stm32.14.3.rel1.win32_1.0.100.202602081740/tools/bin/../lib/gcc/arm-none-eabi/14.3.1/thumb/v7e-m+fp/softfp/crtbegin.o
 .bss           0x20000124        0x8 ./Application/SW4STM32/syscalls.o
                0x20000124                __env
 .bss           0x2000012c       0xd4 ./Application/User/audio_application.o
                0x2000012c                MicParams
                0x20000140                PCM_Buffer
 .bss           0x20000200      0x3d0 ./Application/User/main.o
                0x20000200                hUSBDDevice
                0x200004dc                SaiHandle
                0x20000570                hSaiDma
 .bss           0x200005d0      0x50c ./Application/User/usbd_conf_l4.o
                0x200005d0                hpcd
 .bss           0x20000adc       0xc8 ./Application/User/usbd_desc.o
                0x20000adc                USBD_StrDesc
 .bss           0x20000ba4      0x100 ./Drivers/BSP/STWIN/STWIN.o
                0x20000c38                ADC1_Handle
 .bss           0x20000ca4      0x5d4 ./Drivers/BSP/STWIN/STWIN_audio.o
                0x20000ca4                AudioInCtx
                0x20000d3c                AMic_OnBoard_DfsdmFilter
                0x20000dc8                AMic_OnBoard_Dma
                0x20000fa8                DMic_OnBoard_DfsdmFilter
                0x20001034                DMic_OnBoard_Dma
 .bss           0x20001278        0x4 ./Drivers/STM32L4xx_HAL_Driver/stm32l4xx_hal.o
                0x20001278                uwTick
 .bss           0x2000127c       0x24 ./Drivers/STM32L4xx_HAL_Driver/stm32l4xx_hal_dfsdm.o
 .bss           0x200012a0      0x25e ./Middlewares/STM32_USBD_Library/Class/AUDIO_IN/usbd_audio_in.o
 .bss           0x200014fe        0x1 ./Middlewares/STM32_USBD_Library/Core/usbd_ctlreq.o
 *(.bss*)
 *fill*         0x200014ff        0x1 
 .bss.__malloc_sbrk_start
                0x20001500        0x4 D:/stm32cube/STM32CubeIDE_2.2.0/STM32CubeIDE/plugins/com.st.stm32cube.ide.mcu.externaltools.gnu-tools-for-stm32.14.3.rel1.win32_1.0.100.202602081740/tools/bin/../lib/gcc/arm-none-eabi/14.3.1/../../../../arm-none-eabi/lib/thumb/v7e-m+fp/softfp\libc_nano.a(libc_a-mallocr.o)
                0x20001500                __malloc_sbrk_start
 .bss.__malloc_free_list
                0x20001504        0x4 D:/stm32cube/STM32CubeIDE_2.2.0/STM32CubeIDE/plugins/com.st.stm32cube.ide.mcu.externaltools.gnu-tools-for-stm32.14.3.rel1.win32_1.0.100.202602081740/tools/bin/../lib/gcc/arm-none-eabi/14.3.1/../../../../arm-none-eabi/lib/thumb/v7e-m+fp/softfp\libc_nano.a(libc_a-mallocr.o)
                0x20001504                __malloc_free_list
 .bss.__sf      0x20001508      0x138 D:/stm32cube/STM32CubeIDE_2.2.0/STM32CubeIDE/plugins/com.st.stm32cube.ide.mcu.externaltools.gnu-tools-for-stm32.14.3.rel1.win32_1.0.100.202602081740/tools/bin/../lib/gcc/arm-none-eabi/14.3.1/../../../../arm-none-eabi/lib/thumb/v7e-m+fp/softfp\libc_nano.a(libc_a-findfp.o)
                0x20001508                __sf
 .bss.errno     0x20001640        0x4 D:/stm32cube/STM32CubeIDE_2.2.0/STM32CubeIDE/plugins/com.st.stm32cube.ide.mcu.externaltools.gnu-tools-for-stm32.14.3.rel1.win32_1.0.100.202602081740/tools/bin/../lib/gcc/arm-none-eabi/14.3.1/../../../../arm-none-eabi/lib/thumb/v7e-m+fp/softfp\libc_nano.a(libc_a-reent.o)
                0x20001640                errno
 .bss.__lock___malloc_recursive_mutex
                0x20001644        0x1 D:/stm32cube/STM32CubeIDE_2.2.0/STM32CubeIDE/plugins/com.st.stm32cube.ide.mcu.externaltools.gnu-tools-for-stm32.14.3.rel1.win32_1.0.100.202602081740/tools/bin/../lib/gcc/arm-none-eabi/14.3.1/../../../../arm-none-eabi/lib/thumb/v7e-m+fp/softfp\libc_nano.a(libc_a-lock.o)
                0x20001644                __lock___malloc_recursive_mutex
 *(COMMON)
                0x20001648                        . = ALIGN (0x4)
 *fill*         0x20001645        0x3 
                0x20001648                        _ebss = .
                0x20001648                        __bss_end__ = _ebss

._user_heap_stack
                0x20001648     0x4000 load address 0x0800b3a8
                0x20001648                        . = ALIGN (0x8)
                0x20001648                        PROVIDE (end = .)
                [!provide]                        PROVIDE (_end = .)
                0x20003648                        . = (. + _Min_Heap_Size)
 *fill*         0x20001648     0x2000 
                0x20005648                        . = (. + _Min_Stack_Size)
 *fill*         0x20003648     0x2000 
                0x20005648                        . = ALIGN (0x8)

/DISCARD/
 libc.a(*)
 libm.a(*)
 libgcc.a(*)

.ARM.attributes
                0x00000000       0x2e
 *(.ARM.attributes)
 .ARM.attributes
                0x00000000       0x22 D:/stm32cube/STM32CubeIDE_2.2.0/STM32CubeIDE/plugins/com.st.stm32cube.ide.mcu.externaltools.gnu-tools-for-stm32.14.3.rel1.win32_1.0.100.202602081740/tools/bin/../lib/gcc/arm-none-eabi/14.3.1/thumb/v7e-m+fp/softfp/crti.o
 .ARM.attributes
                0x00000022       0x32 D:/stm32cube/STM32CubeIDE_2.2.0/STM32CubeIDE/plugins/com.st.stm32cube.ide.mcu.externaltools.gnu-tools-for-stm32.14.3.rel1.win32_1.0.100.202602081740/tools/bin/../lib/gcc/arm-none-eabi/14.3.1/thumb/v7e-m+fp/softfp/crtbegin.o
 .ARM.attributes
                0x00000054       0x32 ./Application/Patch/stm32l4xx_hal_pcd_patch.o
 .ARM.attributes
                0x00000086       0x21 ./Application/SW4STM32/startup_stm32l4r9xx.o
 .ARM.attributes
                0x000000a7       0x32 ./Application/SW4STM32/syscalls.o
 .ARM.attributes
                0x000000d9       0x32 ./Application/User/audio_application.o
 .ARM.attributes
                0x0000010b       0x32 ./Application/User/cube_hal_l4.o
 .ARM.attributes
                0x0000013d       0x32 ./Application/User/main.o
 .ARM.attributes
                0x0000016f       0x32 ./Application/User/stm32xx_it.o
 .ARM.attributes
                0x000001a1       0x32 ./Application/User/usbd_audio_if.o
 .ARM.attributes
                0x000001d3       0x32 ./Application/User/usbd_conf_l4.o
 .ARM.attributes
                0x00000205       0x32 ./Application/User/usbd_desc.o
 .ARM.attributes
                0x00000237       0x32 ./Drivers/BSP/STWIN/STWIN.o
 .ARM.attributes
                0x00000269       0x32 ./Drivers/BSP/STWIN/STWIN_audio.o
 .ARM.attributes
                0x0000029b       0x32 ./Drivers/CMSIS/system_stm32l4xx.o
 .ARM.attributes
                0x000002cd       0x32 ./Drivers/STM32L4xx_HAL_Driver/stm32l4xx_hal.o
 .ARM.attributes
                0x000002ff       0x32 ./Drivers/STM32L4xx_HAL_Driver/stm32l4xx_hal_adc.o
 .ARM.attributes
                0x00000331       0x32 ./Drivers/STM32L4xx_HAL_Driver/stm32l4xx_hal_adc_ex.o
 .ARM.attributes
                0x00000363       0x32 ./Drivers/STM32L4xx_HAL_Driver/stm32l4xx_hal_cortex.o
 .ARM.attributes
                0x00000395       0x32 ./Drivers/STM32L4xx_HAL_Driver/stm32l4xx_hal_dfsdm.o
 .ARM.attributes
                0x000003c7       0x32 ./Drivers/STM32L4xx_HAL_Driver/stm32l4xx_hal_dma.o
 .ARM.attributes
                0x000003f9       0x32 ./Drivers/STM32L4xx_HAL_Driver/stm32l4xx_hal_gpio.o
 .ARM.attributes
                0x0000042b       0x32 ./Drivers/STM32L4xx_HAL_Driver/stm32l4xx_hal_pcd_ex.o
 .ARM.attributes
                0x0000045d       0x32 ./Drivers/STM32L4xx_HAL_Driver/stm32l4xx_hal_pwr.o
 .ARM.attributes
                0x0000048f       0x32 ./Drivers/STM32L4xx_HAL_Driver/stm32l4xx_hal_pwr_ex.o
 .ARM.attributes
                0x000004c1       0x32 ./Drivers/STM32L4xx_HAL_Driver/stm32l4xx_hal_rcc.o
 .ARM.attributes
                0x000004f3       0x32 ./Drivers/STM32L4xx_HAL_Driver/stm32l4xx_hal_rcc_ex.o
 .ARM.attributes
                0x00000525       0x32 ./Drivers/STM32L4xx_HAL_Driver/stm32l4xx_ll_usb.o
 .ARM.attributes
                0x00000557       0x32 ./Middlewares/STM32_USBD_Library/Class/AUDIO_IN/usbd_audio_in.o
 .ARM.attributes
                0x00000589       0x32 ./Middlewares/STM32_USBD_Library/Core/usbd_core.o
 .ARM.attributes
                0x000005bb       0x32 ./Middlewares/STM32_USBD_Library/Core/usbd_ctlreq.o
 .ARM.attributes
                0x000005ed       0x32 ./Middlewares/STM32_USBD_Library/Core/usbd_ioreq.o
 .ARM.attributes
                0x0000061f       0x32 D:/stm32cube/STM32CubeIDE_2.2.0/STM32CubeIDE/plugins/com.st.stm32cube.ide.mcu.externaltools.gnu-tools-for-stm32.14.3.rel1.win32_1.0.100.202602081740/tools/bin/../lib/gcc/arm-none-eabi/14.3.1/../../../../arm-none-eabi/lib/thumb/v7e-m+fp/softfp\libc_nano.a(libc_a-malloc.o)
 .ARM.attributes
                0x00000651       0x32 D:/stm32cube/STM32CubeIDE_2.2.0/STM32CubeIDE/plugins/com.st.stm32cube.ide.mcu.externaltools.gnu-tools-for-stm32.14.3.rel1.win32_1.0.100.202602081740/tools/bin/../lib/gcc/arm-none-eabi/14.3.1/../../../../arm-none-eabi/lib/thumb/v7e-m+fp/softfp\libc_nano.a(libc_a-mallocr.o)
 .ARM.attributes
                0x00000683       0x32 D:/stm32cube/STM32CubeIDE_2.2.0/STM32CubeIDE/plugins/com.st.stm32cube.ide.mcu.externaltools.gnu-tools-for-stm32.14.3.rel1.win32_1.0.100.202602081740/tools/bin/../lib/gcc/arm-none-eabi/14.3.1/../../../../arm-none-eabi/lib/thumb/v7e-m+fp/softfp\libc_nano.a(libc_a-mlock.o)
 .ARM.attributes
                0x000006b5       0x32 D:/stm32cube/STM32CubeIDE_2.2.0/STM32CubeIDE/plugins/com.st.stm32cube.ide.mcu.externaltools.gnu-tools-for-stm32.14.3.rel1.win32_1.0.100.202602081740/tools/bin/../lib/gcc/arm-none-eabi/14.3.1/../../../../arm-none-eabi/lib/thumb/v7e-m+fp/softfp\libc_nano.a(libc_a-findfp.o)
 .ARM.attributes
                0x000006e7       0x32 D:/stm32cube/STM32CubeIDE_2.2.0/STM32CubeIDE/plugins/com.st.stm32cube.ide.mcu.externaltools.gnu-tools-for-stm32.14.3.rel1.win32_1.0.100.202602081740/tools/bin/../lib/gcc/arm-none-eabi/14.3.1/../../../../arm-none-eabi/lib/thumb/v7e-m+fp/softfp\libc_nano.a(libc_a-memset.o)
 .ARM.attributes
                0x00000719       0x32 D:/stm32cube/STM32CubeIDE_2.2.0/STM32CubeIDE/plugins/com.st.stm32cube.ide.mcu.externaltools.gnu-tools-for-stm32.14.3.rel1.win32_1.0.100.202602081740/tools/bin/../lib/gcc/arm-none-eabi/14.3.1/../../../../arm-none-eabi/lib/thumb/v7e-m+fp/softfp\libc_nano.a(libc_a-reent.o)
 .ARM.attributes
                0x0000074b       0x32 D:/stm32cube/STM32CubeIDE_2.2.0/STM32CubeIDE/plugins/com.st.stm32cube.ide.mcu.externaltools.gnu-tools-for-stm32.14.3.rel1.win32_1.0.100.202602081740/tools/bin/../lib/gcc/arm-none-eabi/14.3.1/../../../../arm-none-eabi/lib/thumb/v7e-m+fp/softfp\libc_nano.a(libc_a-impure.o)
 .ARM.attributes
                0x0000077d       0x32 D:/stm32cube/STM32CubeIDE_2.2.0/STM32CubeIDE/plugins/com.st.stm32cube.ide.mcu.externaltools.gnu-tools-for-stm32.14.3.rel1.win32_1.0.100.202602081740/tools/bin/../lib/gcc/arm-none-eabi/14.3.1/../../../../arm-none-eabi/lib/thumb/v7e-m+fp/softfp\libc_nano.a(libc_a-sbrkr.o)
 .ARM.attributes
                0x000007af       0x32 D:/stm32cube/STM32CubeIDE_2.2.0/STM32CubeIDE/plugins/com.st.stm32cube.ide.mcu.externaltools.gnu-tools-for-stm32.14.3.rel1.win32_1.0.100.202602081740/tools/bin/../lib/gcc/arm-none-eabi/14.3.1/../../../../arm-none-eabi/lib/thumb/v7e-m+fp/softfp\libc_nano.a(libc_a-errno.o)
 .ARM.attributes
                0x000007e1       0x32 D:/stm32cube/STM32CubeIDE_2.2.0/STM32CubeIDE/plugins/com.st.stm32cube.ide.mcu.externaltools.gnu-tools-for-stm32.14.3.rel1.win32_1.0.100.202602081740/tools/bin/../lib/gcc/arm-none-eabi/14.3.1/../../../../arm-none-eabi/lib/thumb/v7e-m+fp/softfp\libc_nano.a(libc_a-init.o)
 .ARM.attributes
                0x00000813       0x32 D:/stm32cube/STM32CubeIDE_2.2.0/STM32CubeIDE/plugins/com.st.stm32cube.ide.mcu.externaltools.gnu-tools-for-stm32.14.3.rel1.win32_1.0.100.202602081740/tools/bin/../lib/gcc/arm-none-eabi/14.3.1/../../../../arm-none-eabi/lib/thumb/v7e-m+fp/softfp\libc_nano.a(libc_a-lock.o)
 .ARM.attributes
                0x00000845       0x32 D:/stm32cube/STM32CubeIDE_2.2.0/STM32CubeIDE/plugins/com.st.stm32cube.ide.mcu.externaltools.gnu-tools-for-stm32.14.3.rel1.win32_1.0.100.202602081740/tools/bin/../lib/gcc/arm-none-eabi/14.3.1/../../../../arm-none-eabi/lib/thumb/v7e-m+fp/softfp\libc_nano.a(libc_a-memcpy-stub.o)
 .ARM.attributes
                0x00000877       0x32 D:/stm32cube/STM32CubeIDE_2.2.0/STM32CubeIDE/plugins/com.st.stm32cube.ide.mcu.externaltools.gnu-tools-for-stm32.14.3.rel1.win32_1.0.100.202602081740/tools/bin/../lib/gcc/arm-none-eabi/14.3.1/../../../../arm-none-eabi/lib/thumb/v7e-m+fp/softfp\libc_nano.a(libc_a-freer.o)
 .ARM.attributes
                0x000008a9       0x22 D:/stm32cube/STM32CubeIDE_2.2.0/STM32CubeIDE/plugins/com.st.stm32cube.ide.mcu.externaltools.gnu-tools-for-stm32.14.3.rel1.win32_1.0.100.202602081740/tools/bin/../lib/gcc/arm-none-eabi/14.3.1/thumb/v7e-m+fp/softfp/crtn.o
OUTPUT(OnBoardMics.elf elf32-littlearm)
LOAD linker stubs
LOAD D:/stm32cube/STM32CubeIDE_2.2.0/STM32CubeIDE/plugins/com.st.stm32cube.ide.mcu.externaltools.gnu-tools-for-stm32.14.3.rel1.win32_1.0.100.202602081740/tools/bin/../lib/gcc/arm-none-eabi/14.3.1/../../../../arm-none-eabi/lib/thumb/v7e-m+fp/softfp\libc.a
LOAD D:/stm32cube/STM32CubeIDE_2.2.0/STM32CubeIDE/plugins/com.st.stm32cube.ide.mcu.externaltools.gnu-tools-for-stm32.14.3.rel1.win32_1.0.100.202602081740/tools/bin/../lib/gcc/arm-none-eabi/14.3.1/../../../../arm-none-eabi/lib/thumb/v7e-m+fp/softfp\libm.a
LOAD D:/stm32cube/STM32CubeIDE_2.2.0/STM32CubeIDE/plugins/com.st.stm32cube.ide.mcu.externaltools.gnu-tools-for-stm32.14.3.rel1.win32_1.0.100.202602081740/tools/bin/../lib/gcc/arm-none-eabi/14.3.1/thumb/v7e-m+fp/softfp\libgcc.a

.debug_info     0x00000000    0x1b97b
 .debug_info    0x00000000     0x14c8 ./Application/Patch/stm32l4xx_hal_pcd_patch.o
 .debug_info    0x000014c8       0x30 ./Application/SW4STM32/startup_stm32l4r9xx.o
 .debug_info    0x000014f8      0x715 ./Application/SW4STM32/syscalls.o
 .debug_info    0x00001c0d      0x2e5 ./Application/User/audio_application.o
 .debug_info    0x00001ef2      0xa7c ./Application/User/cube_hal_l4.o
 .debug_info    0x0000296e     0x120e ./Application/User/main.o
 .debug_info    0x00003b7c     0x1158 ./Application/User/stm32xx_it.o
 .debug_info    0x00004cd4      0x867 ./Application/User/usbd_audio_if.o
 .debug_info    0x0000553b     0x1d2b ./Application/User/usbd_conf_l4.o
 .debug_info    0x00007266      0x38a ./Application/User/usbd_desc.o
 .debug_info    0x000075f0     0x1a80 ./Drivers/BSP/STWIN/STWIN.o
 .debug_info    0x00009070     0x2229 ./Drivers/BSP/STWIN/STWIN_audio.o
 .debug_info    0x0000b299      0x5e9 ./Drivers/CMSIS/system_stm32l4xx.o
 .debug_info    0x0000b882      0xcb0 ./Drivers/STM32L4xx_HAL_Driver/stm32l4xx_hal.o
 .debug_info    0x0000c532     0x1e20 ./Drivers/STM32L4xx_HAL_Driver/stm32l4xx_hal_adc.o
 .debug_info    0x0000e352     0x1934 ./Drivers/STM32L4xx_HAL_Driver/stm32l4xx_hal_adc_ex.o
 .debug_info    0x0000fc86      0xd7c ./Drivers/STM32L4xx_HAL_Driver/stm32l4xx_hal_cortex.o
 .debug_info    0x00010a02     0x1b78 ./Drivers/STM32L4xx_HAL_Driver/stm32l4xx_hal_dfsdm.o
 .debug_info    0x0001257a      0x841 ./Drivers/STM32L4xx_HAL_Driver/stm32l4xx_hal_dma.o
 .debug_info    0x00012dbb      0x787 ./Drivers/STM32L4xx_HAL_Driver/stm32l4xx_hal_gpio.o
 .debug_info    0x00013542      0x89e ./Drivers/STM32L4xx_HAL_Driver/stm32l4xx_hal_pcd_ex.o
 .debug_info    0x00013de0      0x99e ./Drivers/STM32L4xx_HAL_Driver/stm32l4xx_hal_pwr.o
 .debug_info    0x0001477e      0xa0a ./Drivers/STM32L4xx_HAL_Driver/stm32l4xx_hal_pwr_ex.o
 .debug_info    0x00015188      0xd32 ./Drivers/STM32L4xx_HAL_Driver/stm32l4xx_hal_rcc.o
 .debug_info    0x00015eba     0x1181 ./Drivers/STM32L4xx_HAL_Driver/stm32l4xx_hal_rcc_ex.o
 .debug_info    0x0001703b     0x1971 ./Drivers/STM32L4xx_HAL_Driver/stm32l4xx_ll_usb.o
 .debug_info    0x000189ac      0xf97 ./Middlewares/STM32_USBD_Library/Class/AUDIO_IN/usbd_audio_in.o
 .debug_info    0x00019943      0xe05 ./Middlewares/STM32_USBD_Library/Core/usbd_core.o
 .debug_info    0x0001a748      0xade ./Middlewares/STM32_USBD_Library/Core/usbd_ctlreq.o
 .debug_info    0x0001b226      0x755 ./Middlewares/STM32_USBD_Library/Core/usbd_ioreq.o

.debug_abbrev   0x00000000     0x431f
 .debug_abbrev  0x00000000      0x2cf ./Application/Patch/stm32l4xx_hal_pcd_patch.o
 .debug_abbrev  0x000002cf       0x24 ./Application/SW4STM32/startup_stm32l4r9xx.o
 .debug_abbrev  0x000002f3      0x1ca ./Application/SW4STM32/syscalls.o
 .debug_abbrev  0x000004bd      0x173 ./Application/User/audio_application.o
 .debug_abbrev  0x00000630      0x16d ./Application/User/cube_hal_l4.o
 .debug_abbrev  0x0000079d      0x221 ./Application/User/main.o
 .debug_abbrev  0x000009be      0x1e1 ./Application/User/stm32xx_it.o
 .debug_abbrev  0x00000b9f      0x250 ./Application/User/usbd_audio_if.o
 .debug_abbrev  0x00000def      0x334 ./Application/User/usbd_conf_l4.o
 .debug_abbrev  0x00001123      0x171 ./Application/User/usbd_desc.o
 .debug_abbrev  0x00001294      0x324 ./Drivers/BSP/STWIN/STWIN.o
 .debug_abbrev  0x000015b8      0x2a3 ./Drivers/BSP/STWIN/STWIN_audio.o
 .debug_abbrev  0x0000185b      0x11a ./Drivers/CMSIS/system_stm32l4xx.o
 .debug_abbrev  0x00001975      0x262 ./Drivers/STM32L4xx_HAL_Driver/stm32l4xx_hal.o
 .debug_abbrev  0x00001bd7      0x2d4 ./Drivers/STM32L4xx_HAL_Driver/stm32l4xx_hal_adc.o
 .debug_abbrev  0x00001eab      0x2d5 ./Drivers/STM32L4xx_HAL_Driver/stm32l4xx_hal_adc_ex.o
 .debug_abbrev  0x00002180      0x327 ./Drivers/STM32L4xx_HAL_Driver/stm32l4xx_hal_cortex.o
 .debug_abbrev  0x000024a7      0x27b ./Drivers/STM32L4xx_HAL_Driver/stm32l4xx_hal_dfsdm.o
 .debug_abbrev  0x00002722      0x1e2 ./Drivers/STM32L4xx_HAL_Driver/stm32l4xx_hal_dma.o
 .debug_abbrev  0x00002904      0x1cb ./Drivers/STM32L4xx_HAL_Driver/stm32l4xx_hal_gpio.o
 .debug_abbrev  0x00002acf      0x256 ./Drivers/STM32L4xx_HAL_Driver/stm32l4xx_hal_pcd_ex.o
 .debug_abbrev  0x00002d25      0x1d4 ./Drivers/STM32L4xx_HAL_Driver/stm32l4xx_hal_pwr.o
 .debug_abbrev  0x00002ef9      0x1f9 ./Drivers/STM32L4xx_HAL_Driver/stm32l4xx_hal_pwr_ex.o
 .debug_abbrev  0x000030f2      0x306 ./Drivers/STM32L4xx_HAL_Driver/stm32l4xx_hal_rcc.o
 .debug_abbrev  0x000033f8      0x2a3 ./Drivers/STM32L4xx_HAL_Driver/stm32l4xx_hal_rcc_ex.o
 .debug_abbrev  0x0000369b      0x2b3 ./Drivers/STM32L4xx_HAL_Driver/stm32l4xx_ll_usb.o
 .debug_abbrev  0x0000394e      0x34c ./Middlewares/STM32_USBD_Library/Class/AUDIO_IN/usbd_audio_in.o
 .debug_abbrev  0x00003c9a      0x27c ./Middlewares/STM32_USBD_Library/Core/usbd_core.o
 .debug_abbrev  0x00003f16      0x26f ./Middlewares/STM32_USBD_Library/Core/usbd_ctlreq.o
 .debug_abbrev  0x00004185      0x19a ./Middlewares/STM32_USBD_Library/Core/usbd_ioreq.o

.debug_aranges  0x00000000     0x17f0
 .debug_aranges
                0x00000000      0x138 ./Application/Patch/stm32l4xx_hal_pcd_patch.o
 .debug_aranges
                0x00000138       0x28 ./Application/SW4STM32/startup_stm32l4r9xx.o
 .debug_aranges
                0x00000160       0xb0 ./Application/SW4STM32/syscalls.o
 .debug_aranges
                0x00000210       0x48 ./Application/User/audio_application.o
 .debug_aranges
                0x00000258       0x20 ./Application/User/cube_hal_l4.o
 .debug_aranges
                0x00000278       0x20 ./Application/User/main.o
 .debug_aranges
                0x00000298       0x78 ./Application/User/stm32xx_it.o
 .debug_aranges
                0x00000310       0x68 ./Application/User/usbd_audio_if.o
 .debug_aranges
                0x00000378      0x100 ./Application/User/usbd_conf_l4.o
 .debug_aranges
                0x00000478       0x50 ./Application/User/usbd_desc.o
 .debug_aranges
                0x000004c8       0xc8 ./Drivers/BSP/STWIN/STWIN.o
 .debug_aranges
                0x00000590      0x110 ./Drivers/BSP/STWIN/STWIN_audio.o
 .debug_aranges
                0x000006a0       0x28 ./Drivers/CMSIS/system_stm32l4xx.o
 .debug_aranges
                0x000006c8      0x130 ./Drivers/STM32L4xx_HAL_Driver/stm32l4xx_hal.o
 .debug_aranges
                0x000007f8      0x218 ./Drivers/STM32L4xx_HAL_Driver/stm32l4xx_hal_adc.o
 .debug_aranges
                0x00000a10      0x178 ./Drivers/STM32L4xx_HAL_Driver/stm32l4xx_hal_adc_ex.o
 .debug_aranges
                0x00000b88      0x118 ./Drivers/STM32L4xx_HAL_Driver/stm32l4xx_hal_cortex.o
 .debug_aranges
                0x00000ca0      0x248 ./Drivers/STM32L4xx_HAL_Driver/stm32l4xx_hal_dfsdm.o
 .debug_aranges
                0x00000ee8       0x90 ./Drivers/STM32L4xx_HAL_Driver/stm32l4xx_hal_dma.o
 .debug_aranges
                0x00000f78       0x58 ./Drivers/STM32L4xx_HAL_Driver/stm32l4xx_hal_gpio.o
 .debug_aranges
                0x00000fd0       0x60 ./Drivers/STM32L4xx_HAL_Driver/stm32l4xx_hal_pcd_ex.o
 .debug_aranges
                0x00001030       0x98 ./Drivers/STM32L4xx_HAL_Driver/stm32l4xx_hal_pwr.o
 .debug_aranges
                0x000010c8      0x170 ./Drivers/STM32L4xx_HAL_Driver/stm32l4xx_hal_pwr_ex.o
 .debug_aranges
                0x00001238       0x98 ./Drivers/STM32L4xx_HAL_Driver/stm32l4xx_hal_rcc.o
 .debug_aranges
                0x000012d0      0x110 ./Drivers/STM32L4xx_HAL_Driver/stm32l4xx_hal_rcc_ex.o
 .debug_aranges
                0x000013e0      0x1a0 ./Drivers/STM32L4xx_HAL_Driver/stm32l4xx_ll_usb.o
 .debug_aranges
                0x00001580       0xb8 ./Middlewares/STM32_USBD_Library/Class/AUDIO_IN/usbd_audio_in.o
 .debug_aranges
                0x00001638       0xd8 ./Middlewares/STM32_USBD_Library/Core/usbd_core.o
 .debug_aranges
                0x00001710       0x90 ./Middlewares/STM32_USBD_Library/Core/usbd_ctlreq.o
 .debug_aranges
                0x000017a0       0x50 ./Middlewares/STM32_USBD_Library/Core/usbd_ioreq.o

.debug_rnglists
                0x00000000     0x11fd
 .debug_rnglists
                0x00000000       0xed ./Application/Patch/stm32l4xx_hal_pcd_patch.o
 .debug_rnglists
                0x000000ed       0x19 ./Application/SW4STM32/startup_stm32l4r9xx.o
 .debug_rnglists
                0x00000106       0x7f ./Application/SW4STM32/syscalls.o
 .debug_rnglists
                0x00000185       0x31 ./Application/User/audio_application.o
 .debug_rnglists
                0x000001b6       0x14 ./Application/User/cube_hal_l4.o
 .debug_rnglists
                0x000001ca       0x14 ./Application/User/main.o
 .debug_rnglists
                0x000001de       0x55 ./Application/User/stm32xx_it.o
 .debug_rnglists
                0x00000233       0x49 ./Application/User/usbd_audio_if.o
 .debug_rnglists
                0x0000027c       0xbd ./Application/User/usbd_conf_l4.o
 .debug_rnglists
                0x00000339       0x37 ./Application/User/usbd_desc.o
 .debug_rnglists
                0x00000370       0x96 ./Drivers/BSP/STWIN/STWIN.o
 .debug_rnglists
                0x00000406       0xd7 ./Drivers/BSP/STWIN/STWIN_audio.o
 .debug_rnglists
                0x000004dd       0x1a ./Drivers/CMSIS/system_stm32l4xx.o
 .debug_rnglists
                0x000004f7       0xdf ./Drivers/STM32L4xx_HAL_Driver/stm32l4xx_hal.o
 .debug_rnglists
                0x000005d6      0x19c ./Drivers/STM32L4xx_HAL_Driver/stm32l4xx_hal_adc.o
 .debug_rnglists
                0x00000772      0x120 ./Drivers/STM32L4xx_HAL_Driver/stm32l4xx_hal_adc_ex.o
 .debug_rnglists
                0x00000892       0xce ./Drivers/STM32L4xx_HAL_Driver/stm32l4xx_hal_cortex.o
 .debug_rnglists
                0x00000960      0x1c7 ./Drivers/STM32L4xx_HAL_Driver/stm32l4xx_hal_dfsdm.o
 .debug_rnglists
                0x00000b27       0x71 ./Drivers/STM32L4xx_HAL_Driver/stm32l4xx_hal_dma.o
 .debug_rnglists
                0x00000b98       0x3f ./Drivers/STM32L4xx_HAL_Driver/stm32l4xx_hal_gpio.o
 .debug_rnglists
                0x00000bd7       0x45 ./Drivers/STM32L4xx_HAL_Driver/stm32l4xx_hal_pcd_ex.o
 .debug_rnglists
                0x00000c1c       0x6e ./Drivers/STM32L4xx_HAL_Driver/stm32l4xx_hal_pwr.o
 .debug_rnglists
                0x00000c8a      0x115 ./Drivers/STM32L4xx_HAL_Driver/stm32l4xx_hal_pwr_ex.o
 .debug_rnglists
                0x00000d9f       0x74 ./Drivers/STM32L4xx_HAL_Driver/stm32l4xx_hal_rcc.o
 .debug_rnglists
                0x00000e13       0xd4 ./Drivers/STM32L4xx_HAL_Driver/stm32l4xx_hal_rcc_ex.o
 .debug_rnglists
                0x00000ee7      0x146 ./Drivers/STM32L4xx_HAL_Driver/stm32l4xx_ll_usb.o
 .debug_rnglists
                0x0000102d       0x8a ./Middlewares/STM32_USBD_Library/Class/AUDIO_IN/usbd_audio_in.o
 .debug_rnglists
                0x000010b7       0xa1 ./Middlewares/STM32_USBD_Library/Core/usbd_core.o
 .debug_rnglists
                0x00001158       0x6e ./Middlewares/STM32_USBD_Library/Core/usbd_ctlreq.o
 .debug_rnglists
                0x000011c6       0x37 ./Middlewares/STM32_USBD_Library/Core/usbd_ioreq.o

.debug_macro    0x00000000    0x40a32
 .debug_macro   0x00000000      0x46e ./Application/Patch/stm32l4xx_hal_pcd_patch.o
 .debug_macro   0x0000046e      0xade ./Application/Patch/stm32l4xx_hal_pcd_patch.o
 .debug_macro   0x00000f4c      0x28a ./Application/Patch/stm32l4xx_hal_pcd_patch.o
 .debug_macro   0x000011d6       0x2e ./Application/Patch/stm32l4xx_hal_pcd_patch.o
 .debug_macro   0x00001204       0x28 ./Application/Patch/stm32l4xx_hal_pcd_patch.o
 .debug_macro   0x0000122c       0x22 ./Application/Patch/stm32l4xx_hal_pcd_patch.o